Archive member included because of file (symbol)

../sRamEclip_bsp/\libhal_bsp.a(alt_load.o)
                              ../sRamEclip_bsp//obj/HAL/src/crt0.o (alt_load)
../sRamEclip_bsp/\libhal_bsp.a(alt_main.o)
                              ../sRamEclip_bsp//obj/HAL/src/crt0.o (alt_main)
../sRamEclip_bsp/\libhal_bsp.a(alt_putstr.o)
                              obj/default/hello_world_small.o (alt_putstr)
../sRamEclip_bsp/\libhal_bsp.a(alt_sys_init.o)
                              ../sRamEclip_bsp/\libhal_bsp.a(alt_main.o) (alt_irq_init)
../sRamEclip_bsp/\libhal_bsp.a(altera_avalon_jtag_uart_write.o)
                              ../sRamEclip_bsp/\libhal_bsp.a(alt_putstr.o) (altera_avalon_jtag_uart_write)
../sRamEclip_bsp/\libhal_bsp.a(alt_dcache_flush_all.o)
                              ../sRamEclip_bsp/\libhal_bsp.a(alt_load.o) (alt_dcache_flush_all)
../sRamEclip_bsp/\libhal_bsp.a(alt_icache_flush_all.o)
                              ../sRamEclip_bsp/\libhal_bsp.a(alt_load.o) (alt_icache_flush_all)
../sRamEclip_bsp/\libhal_bsp.a(altera_nios2_qsys_irq.o)
                              ../sRamEclip_bsp/\libhal_bsp.a(alt_sys_init.o) (altera_nios2_qsys_irq_init)
../sRamEclip_bsp/\libhal_bsp.a(alt_icache_flush.o)
                              ../sRamEclip_bsp/\libhal_bsp.a(alt_icache_flush_all.o) (alt_icache_flush)
c:/altera/14.0/nios2eds/bin/gnu/h-x86_64-mingw32/bin/../lib/gcc/nios2-elf/4.7.3/../../../../../H-x86_64-mingw32/nios2-elf/lib/mno-hw-mul\libsmallc.a(lib_a-strlen.o)
                              ../sRamEclip_bsp/\libhal_bsp.a(alt_putstr.o) (strlen)

Memory Configuration

Name             Origin             Length             Attributes
reset            0x0000000000008000 0x0000000000000020
onchip_mem       0x0000000000008020 0x0000000000004fe0
*default*        0x0000000000000000 0xffffffffffffffff

Linker script and memory map

LOAD ../sRamEclip_bsp//obj/HAL/src/crt0.o
LOAD obj/default/hello_world_small.o
LOAD c:/altera/14.0/nios2eds/bin/gnu/h-x86_64-mingw32/bin/../lib/gcc/nios2-elf/4.7.3/../../../../../H-x86_64-mingw32/nios2-elf/lib/mno-hw-mul\libstdc++.a
LOAD c:/altera/14.0/nios2eds/bin/gnu/h-x86_64-mingw32/bin/../lib/gcc/nios2-elf/4.7.3/../../../../../H-x86_64-mingw32/nios2-elf/lib/mno-hw-mul\libm.a
LOAD c:/altera/14.0/nios2eds/bin/gnu/h-x86_64-mingw32/bin/../lib/gcc/nios2-elf/4.7.3/mno-hw-mul\libgcc.a
START GROUP
LOAD c:/altera/14.0/nios2eds/bin/gnu/h-x86_64-mingw32/bin/../lib/gcc/nios2-elf/4.7.3/../../../../../H-x86_64-mingw32/nios2-elf/lib/mno-hw-mul\libsmallc.a
LOAD c:/altera/14.0/nios2eds/bin/gnu/h-x86_64-mingw32/bin/../lib/gcc/nios2-elf/4.7.3/mno-hw-mul\libgcc.a
LOAD ../sRamEclip_bsp/\libhal_bsp.a
END GROUP
LOAD c:/altera/14.0/nios2eds/bin/gnu/h-x86_64-mingw32/bin/../lib/gcc/nios2-elf/4.7.3/mno-hw-mul\libgcc.a
                0x0000000000008000                __alt_mem_onchip_mem = 0x8000

.entry          0x0000000000008000       0x20
 *(.entry)
 .entry         0x0000000000008000       0x20 ../sRamEclip_bsp//obj/HAL/src/crt0.o
                0x0000000000008000                __reset
                0x000000000000801c                _exit

.exceptions     0x0000000000008020        0x0
                0x0000000000008020                PROVIDE (__ram_exceptions_start, ABSOLUTE (.))
                0x0000000000008020                . = ALIGN (0x20)
 *(.irq)
 *(.exceptions.entry.label)
 *(.exceptions.entry.user)
 *(.exceptions.entry.ecc_fatal)
 *(.exceptions.entry)
 *(.exceptions.irqtest.user)
 *(.exceptions.irqtest)
 *(.exceptions.irqhandler.user)
 *(.exceptions.irqhandler)
 *(.exceptions.irqreturn.user)
 *(.exceptions.irqreturn)
 *(.exceptions.notirq.label)
 *(.exceptions.notirq.user)
 *(.exceptions.notirq)
 *(.exceptions.soft.user)
 *(.exceptions.soft)
 *(.exceptions.unknown.user)
 *(.exceptions.unknown)
 *(.exceptions.exit.label)
 *(.exceptions.exit.user)
 *(.exceptions.exit)
 *(.exceptions)
                0x0000000000008020                PROVIDE (__ram_exceptions_end, ABSOLUTE (.))
                0x0000000000008020                PROVIDE (__flash_exceptions_start, LOADADDR (.exceptions))

.text           0x0000000000008020      0x28c
                0x0000000000008020                PROVIDE (stext, ABSOLUTE (.))
 *(.interp)
 *(.hash)
 *(.dynsym)
 *(.dynstr)
 *(.gnu.version)
 *(.gnu.version_d)
 *(.gnu.version_r)
 *(.rel.init)
 *(.rela.init)
 *(.rel.text .rel.text.* .rel.gnu.linkonce.t.*)
 *(.rela.text .rela.text.* .rela.gnu.linkonce.t.*)
 *(.rel.fini)
 *(.rela.fini)
 *(.rel.rodata .rel.rodata.* .rel.gnu.linkonce.r.*)
 *(.rela.rodata .rela.rodata.* .rela.gnu.linkonce.r.*)
 *(.rel.data .rel.data.* .rel.gnu.linkonce.d.*)
 *(.rela.data .rela.data.* .rela.gnu.linkonce.d.*)
 *(.rel.tdata .rel.tdata.* .rel.gnu.linkonce.td.*)
 *(.rela.tdata .rela.tdata.* .rela.gnu.linkonce.td.*)
 *(.rel.tbss .rel.tbss.* .rel.gnu.linkonce.tb.*)
 *(.rela.tbss .rela.tbss.* .rela.gnu.linkonce.tb.*)
 *(.rel.ctors)
 *(.rela.ctors)
 *(.rel.dtors)
 *(.rela.dtors)
 *(.rel.got)
 *(.rela.got)
 *(.rel.sdata .rel.sdata.* .rel.gnu.linkonce.s.*)
 *(.rela.sdata .rela.sdata.* .rela.gnu.linkonce.s.*)
 *(.rel.sbss .rel.sbss.* .rel.gnu.linkonce.sb.*)
 *(.rela.sbss .rela.sbss.* .rela.gnu.linkonce.sb.*)
 *(.rel.sdata2 .rel.sdata2.* .rel.gnu.linkonce.s2.*)
 *(.rela.sdata2 .rela.sdata2.* .rela.gnu.linkonce.s2.*)
 *(.rel.sbss2 .rel.sbss2.* .rel.gnu.linkonce.sb2.*)
 *(.rela.sbss2 .rela.sbss2.* .rela.gnu.linkonce.sb2.*)
 *(.rel.bss .rel.bss.* .rel.gnu.linkonce.b.*)
 *(.rela.bss .rela.bss.* .rela.gnu.linkonce.b.*)
 *(.rel.plt)
 *(.rela.plt)
 *(.rel.dyn)
 *(.init)
 *(.plt)
 *(.text .stub .text.* .gnu.linkonce.t.*)
 .text          0x0000000000008020       0x3c ../sRamEclip_bsp//obj/HAL/src/crt0.o
                0x0000000000008020                _start
 .text          0x000000000000805c        0x0 obj/default/hello_world_small.o
 .text.startup  0x000000000000805c       0x18 obj/default/hello_world_small.o
                0x000000000000805c                main
 .text          0x0000000000008074      0x104 ../sRamEclip_bsp/\libhal_bsp.a(alt_load.o)
                0x0000000000008074                alt_load
 .text          0x0000000000008178       0x2c ../sRamEclip_bsp/\libhal_bsp.a(alt_main.o)
                0x0000000000008178                alt_main
 .text          0x00000000000081a4       0x38 ../sRamEclip_bsp/\libhal_bsp.a(alt_putstr.o)
                0x00000000000081a4                alt_putstr
 .text          0x00000000000081dc       0x24 ../sRamEclip_bsp/\libhal_bsp.a(alt_sys_init.o)
                0x00000000000081dc                alt_irq_init
                0x00000000000081fc                alt_sys_init
 .text          0x0000000000008200       0x34 ../sRamEclip_bsp/\libhal_bsp.a(altera_avalon_jtag_uart_write.o)
                0x0000000000008200                altera_avalon_jtag_uart_write
 .text          0x0000000000008234        0x4 ../sRamEclip_bsp/\libhal_bsp.a(alt_dcache_flush_all.o)
                0x0000000000008234                alt_dcache_flush_all
 .text          0x0000000000008238        0xc ../sRamEclip_bsp/\libhal_bsp.a(alt_icache_flush_all.o)
                0x0000000000008238                alt_icache_flush_all
 .text          0x0000000000008244        0x8 ../sRamEclip_bsp/\libhal_bsp.a(altera_nios2_qsys_irq.o)
                0x0000000000008244                altera_nios2_qsys_irq_init
 .text          0x000000000000824c       0x38 ../sRamEclip_bsp/\libhal_bsp.a(alt_icache_flush.o)
                0x000000000000824c                alt_icache_flush
 .text          0x0000000000008284       0x28 c:/altera/14.0/nios2eds/bin/gnu/h-x86_64-mingw32/bin/../lib/gcc/nios2-elf/4.7.3/../../../../../H-x86_64-mingw32/nios2-elf/lib/mno-hw-mul\libsmallc.a(lib_a-strlen.o)
                0x0000000000008284                strlen
 *(.gnu.warning.*)
 *(.fini)
                0x00000000000082ac                PROVIDE (__etext, ABSOLUTE (.))
                0x00000000000082ac                PROVIDE (_etext, ABSOLUTE (.))
                0x00000000000082ac                PROVIDE (etext, ABSOLUTE (.))
 *(.eh_frame_hdr)
                0x00000000000082ac                . = ALIGN (0x4)
                0x00000000000082ac                PROVIDE (__preinit_array_start, ABSOLUTE (.))
 *(.preinit_array)
                0x00000000000082ac                PROVIDE (__preinit_array_end, ABSOLUTE (.))
                0x00000000000082ac                PROVIDE (__init_array_start, ABSOLUTE (.))
 *(.init_array)
                0x00000000000082ac                PROVIDE (__init_array_end, ABSOLUTE (.))
                0x00000000000082ac                PROVIDE (__fini_array_start, ABSOLUTE (.))
 *(.fini_array)
                0x00000000000082ac                PROVIDE (__fini_array_end, ABSOLUTE (.))
 *(.eh_frame)
 *(.gcc_except_table .gcc_except_table.*)
 *(.dynamic)
                0x00000000000082ac                PROVIDE (__CTOR_LIST__, ABSOLUTE (.))
 *(.ctors)
 *(SORT(.ctors.*))
                0x00000000000082ac                PROVIDE (__CTOR_END__, ABSOLUTE (.))
                0x00000000000082ac                PROVIDE (__DTOR_LIST__, ABSOLUTE (.))
 *(.dtors)
 *(SORT(.dtors.*))
                0x00000000000082ac                PROVIDE (__DTOR_END__, ABSOLUTE (.))
 *(.jcr)
                0x00000000000082ac                . = ALIGN (0x4)

.rodata         0x00000000000082ac       0x18
                0x00000000000082ac                PROVIDE (__ram_rodata_start, ABSOLUTE (.))
                0x00000000000082ac                . = ALIGN (0x4)
 *(.rodata .rodata.* .gnu.linkonce.r.*)
 .rodata.str1.4
                0x00000000000082ac       0x18 obj/default/hello_world_small.o
 *(.rodata1)
                0x00000000000082c4                . = ALIGN (0x4)
                0x00000000000082c4                PROVIDE (__ram_rodata_end, ABSOLUTE (.))
                0x00000000000082ac                PROVIDE (__flash_rodata_start, LOADADDR (.rodata))

.rwdata         0x00000000000082c4        0x4 load address 0x00000000000082c8
                0x00000000000082c4                PROVIDE (__ram_rwdata_start, ABSOLUTE (.))
                0x00000000000082c4                . = ALIGN (0x4)
 *(.got.plt)
 *(.got)
 *(.data1)
 *(.data .data.* .gnu.linkonce.d.*)
 .data          0x00000000000082c4        0x0 ../sRamEclip_bsp//obj/HAL/src/crt0.o
 .data          0x00000000000082c4        0x0 obj/default/hello_world_small.o
 .data          0x00000000000082c4        0x0 ../sRamEclip_bsp/\libhal_bsp.a(alt_load.o)
 .data          0x00000000000082c4        0x0 ../sRamEclip_bsp/\libhal_bsp.a(alt_main.o)
 .data          0x00000000000082c4        0x0 ../sRamEclip_bsp/\libhal_bsp.a(alt_putstr.o)
 .data          0x00000000000082c4        0x0 ../sRamEclip_bsp/\libhal_bsp.a(alt_sys_init.o)
 .data          0x00000000000082c4        0x0 ../sRamEclip_bsp/\libhal_bsp.a(altera_avalon_jtag_uart_write.o)
 .data          0x00000000000082c4        0x0 ../sRamEclip_bsp/\libhal_bsp.a(alt_dcache_flush_all.o)
 .data          0x00000000000082c4        0x0 ../sRamEclip_bsp/\libhal_bsp.a(alt_icache_flush_all.o)
 .data          0x00000000000082c4        0x0 ../sRamEclip_bsp/\libhal_bsp.a(altera_nios2_qsys_irq.o)
 .data          0x00000000000082c4        0x0 ../sRamEclip_bsp/\libhal_bsp.a(alt_icache_flush.o)
 .data          0x00000000000082c4        0x0 c:/altera/14.0/nios2eds/bin/gnu/h-x86_64-mingw32/bin/../lib/gcc/nios2-elf/4.7.3/../../../../../H-x86_64-mingw32/nios2-elf/lib/mno-hw-mul\libsmallc.a(lib_a-strlen.o)
                0x00000000000102c4                _gp = ABSOLUTE ((. + 0x8000))
                0x00000000000102c4                PROVIDE (gp, _gp)
 *(.rwdata .rwdata.*)
 *(.sdata .sdata.* .gnu.linkonce.s.*)
 .sdata         0x00000000000082c4        0x4 ../sRamEclip_bsp/\libhal_bsp.a(alt_sys_init.o)
                0x00000000000082c4                jtag_uart
 *(.sdata2 .sdata2.* .gnu.linkonce.s2.*)
                0x00000000000082c8                . = ALIGN (0x4)
                0x00000000000082c8                _edata = ABSOLUTE (.)
                0x00000000000082c8                PROVIDE (edata, ABSOLUTE (.))
                0x00000000000082c8                PROVIDE (__ram_rwdata_end, ABSOLUTE (.))
                0x00000000000082c8                PROVIDE (__flash_rwdata_start, LOADADDR (.rwdata))

.bss            0x00000000000082cc        0xc
                0x00000000000082cc                __bss_start = ABSOLUTE (.)
                0x00000000000082cc                PROVIDE (__sbss_start, ABSOLUTE (.))
                0x00000000000082cc                PROVIDE (___sbss_start, ABSOLUTE (.))
 *(.dynsbss)
 *(.sbss .sbss.* .gnu.linkonce.sb.*)
 .sbss          0x00000000000082cc        0xc ../sRamEclip_bsp/\libhal_bsp.a(alt_main.o)
                0x00000000000082cc                alt_envp
                0x00000000000082d0                alt_argv
                0x00000000000082d4                alt_argc
 *(.sbss2 .sbss2.* .gnu.linkonce.sb2.*)
 *(.scommon)
                0x00000000000082d8                PROVIDE (__sbss_end, ABSOLUTE (.))
                0x00000000000082d8                PROVIDE (___sbss_end, ABSOLUTE (.))
 *(.dynbss)
 *(.bss .bss.* .gnu.linkonce.b.*)
 .bss           0x00000000000082d8        0x0 ../sRamEclip_bsp//obj/HAL/src/crt0.o
 .bss           0x00000000000082d8        0x0 obj/default/hello_world_small.o
 .bss           0x00000000000082d8        0x0 ../sRamEclip_bsp/\libhal_bsp.a(alt_load.o)
 .bss           0x00000000000082d8        0x0 ../sRamEclip_bsp/\libhal_bsp.a(alt_main.o)
 .bss           0x00000000000082d8        0x0 ../sRamEclip_bsp/\libhal_bsp.a(alt_putstr.o)
 .bss           0x00000000000082d8        0x0 ../sRamEclip_bsp/\libhal_bsp.a(alt_sys_init.o)
 .bss           0x00000000000082d8        0x0 ../sRamEclip_bsp/\libhal_bsp.a(altera_avalon_jtag_uart_write.o)
 .bss           0x00000000000082d8        0x0 ../sRamEclip_bsp/\libhal_bsp.a(alt_dcache_flush_all.o)
 .bss           0x00000000000082d8        0x0 ../sRamEclip_bsp/\libhal_bsp.a(alt_icache_flush_all.o)
 .bss           0x00000000000082d8        0x0 ../sRamEclip_bsp/\libhal_bsp.a(altera_nios2_qsys_irq.o)
 .bss           0x00000000000082d8        0x0 ../sRamEclip_bsp/\libhal_bsp.a(alt_icache_flush.o)
 .bss           0x00000000000082d8        0x0 c:/altera/14.0/nios2eds/bin/gnu/h-x86_64-mingw32/bin/../lib/gcc/nios2-elf/4.7.3/../../../../../H-x86_64-mingw32/nios2-elf/lib/mno-hw-mul\libsmallc.a(lib_a-strlen.o)
 *(COMMON)
                0x00000000000082d8                . = ALIGN (0x4)
                0x00000000000082d8                __bss_end = ABSOLUTE (.)

.onchip_mem     0x00000000000082d8        0x0
                0x00000000000082d8                PROVIDE (_alt_partition_onchip_mem_start, ABSOLUTE (.))
 *(.onchip_mem .onchip_mem. onchip_mem.*)
                0x00000000000082d8                . = ALIGN (0x4)
                0x00000000000082d8                PROVIDE (_alt_partition_onchip_mem_end, ABSOLUTE (.))
                0x00000000000082d8                _end = ABSOLUTE (.)
                0x00000000000082d8                end = ABSOLUTE (.)
                0x00000000000082d8                __alt_stack_base = ABSOLUTE (.)
                0x00000000000082d8                PROVIDE (_alt_partition_onchip_mem_load_addr, LOADADDR (.onchip_mem))

.stab
 *(.stab)

.stabstr
 *(.stabstr)

.stab.excl
 *(.stab.excl)

.stab.exclstr
 *(.stab.exclstr)

.stab.index
 *(.stab.index)

.stab.indexstr
 *(.stab.indexstr)

.comment        0x0000000000000000       0x23
 *(.comment)
 .comment       0x0000000000000000       0x23 obj/default/hello_world_small.o
                                         0x24 (size before relaxing)
 .comment       0x0000000000000000       0x24 ../sRamEclip_bsp/\libhal_bsp.a(alt_load.o)
 .comment       0x0000000000000000       0x24 ../sRamEclip_bsp/\libhal_bsp.a(alt_main.o)
 .comment       0x0000000000000000       0x24 ../sRamEclip_bsp/\libhal_bsp.a(alt_putstr.o)
 .comment       0x0000000000000000       0x24 ../sRamEclip_bsp/\libhal_bsp.a(alt_sys_init.o)
 .comment       0x0000000000000000       0x24 ../sRamEclip_bsp/\libhal_bsp.a(altera_avalon_jtag_uart_write.o)
 .comment       0x0000000000000000       0x24 ../sRamEclip_bsp/\libhal_bsp.a(alt_dcache_flush_all.o)
 .comment       0x0000000000000000       0x24 ../sRamEclip_bsp/\libhal_bsp.a(alt_icache_flush_all.o)
 .comment       0x0000000000000000       0x24 ../sRamEclip_bsp/\libhal_bsp.a(altera_nios2_qsys_irq.o)
 .comment       0x0000000000000000       0x24 ../sRamEclip_bsp/\libhal_bsp.a(alt_icache_flush.o)
 .comment       0x0000000000000000       0x24 c:/altera/14.0/nios2eds/bin/gnu/h-x86_64-mingw32/bin/../lib/gcc/nios2-elf/4.7.3/../../../../../H-x86_64-mingw32/nios2-elf/lib/mno-hw-mul\libsmallc.a(lib_a-strlen.o)

.debug
 *(.debug)

.line
 *(.line)

.debug_srcinfo
 *(.debug_srcinfo)

.debug_sfnames
 *(.debug_sfnames)

.debug_aranges  0x0000000000000000      0x188
 *(.debug_aranges)
 .debug_aranges
                0x0000000000000000       0x28 ../sRamEclip_bsp//obj/HAL/src/crt0.o
 .debug_aranges
                0x0000000000000028       0x20 obj/default/hello_world_small.o
 .debug_aranges
                0x0000000000000048       0x20 ../sRamEclip_bsp/\libhal_bsp.a(alt_load.o)
 .debug_aranges
                0x0000000000000068       0x20 ../sRamEclip_bsp/\libhal_bsp.a(alt_main.o)
 .debug_aranges
                0x0000000000000088       0x20 ../sRamEclip_bsp/\libhal_bsp.a(alt_putstr.o)
 .debug_aranges
                0x00000000000000a8       0x20 ../sRamEclip_bsp/\libhal_bsp.a(alt_sys_init.o)
 .debug_aranges
                0x00000000000000c8       0x20 ../sRamEclip_bsp/\libhal_bsp.a(altera_avalon_jtag_uart_write.o)
 .debug_aranges
                0x00000000000000e8       0x20 ../sRamEclip_bsp/\libhal_bsp.a(alt_dcache_flush_all.o)
 .debug_aranges
                0x0000000000000108       0x20 ../sRamEclip_bsp/\libhal_bsp.a(alt_icache_flush_all.o)
 .debug_aranges
                0x0000000000000128       0x20 ../sRamEclip_bsp/\libhal_bsp.a(altera_nios2_qsys_irq.o)
 .debug_aranges
                0x0000000000000148       0x20 ../sRamEclip_bsp/\libhal_bsp.a(alt_icache_flush.o)
 .debug_aranges
                0x0000000000000168       0x20 c:/altera/14.0/nios2eds/bin/gnu/h-x86_64-mingw32/bin/../lib/gcc/nios2-elf/4.7.3/../../../../../H-x86_64-mingw32/nios2-elf/lib/mno-hw-mul\libsmallc.a(lib_a-strlen.o)

.debug_pubnames
 *(.debug_pubnames)

.debug_info     0x0000000000000000      0xcbe
 *(.debug_info .gnu.linkonce.wi.*)
 .debug_info    0x0000000000000000       0x79 ../sRamEclip_bsp//obj/HAL/src/crt0.o
 .debug_info    0x0000000000000079       0x8c obj/default/hello_world_small.o
 .debug_info    0x0000000000000105      0x1d9 ../sRamEclip_bsp/\libhal_bsp.a(alt_load.o)
 .debug_info    0x00000000000002de      0x194 ../sRamEclip_bsp/\libhal_bsp.a(alt_main.o)
 .debug_info    0x0000000000000472      0x171 ../sRamEclip_bsp/\libhal_bsp.a(alt_putstr.o)
 .debug_info    0x00000000000005e3      0x1af ../sRamEclip_bsp/\libhal_bsp.a(alt_sys_init.o)
 .debug_info    0x0000000000000792      0x1a0 ../sRamEclip_bsp/\libhal_bsp.a(altera_avalon_jtag_uart_write.o)
 .debug_info    0x0000000000000932       0x8f ../sRamEclip_bsp/\libhal_bsp.a(alt_dcache_flush_all.o)
 .debug_info    0x00000000000009c1       0xcd ../sRamEclip_bsp/\libhal_bsp.a(alt_icache_flush_all.o)
 .debug_info    0x0000000000000a8e       0x8f ../sRamEclip_bsp/\libhal_bsp.a(altera_nios2_qsys_irq.o)
 .debug_info    0x0000000000000b1d       0xdb ../sRamEclip_bsp/\libhal_bsp.a(alt_icache_flush.o)
 .debug_info    0x0000000000000bf8       0xc6 c:/altera/14.0/nios2eds/bin/gnu/h-x86_64-mingw32/bin/../lib/gcc/nios2-elf/4.7.3/../../../../../H-x86_64-mingw32/nios2-elf/lib/mno-hw-mul\libsmallc.a(lib_a-strlen.o)

.debug_abbrev   0x0000000000000000      0x77e
 *(.debug_abbrev)
 .debug_abbrev  0x0000000000000000       0x12 ../sRamEclip_bsp//obj/HAL/src/crt0.o
 .debug_abbrev  0x0000000000000012       0x89 obj/default/hello_world_small.o
 .debug_abbrev  0x000000000000009b       0xd8 ../sRamEclip_bsp/\libhal_bsp.a(alt_load.o)
 .debug_abbrev  0x0000000000000173      0x120 ../sRamEclip_bsp/\libhal_bsp.a(alt_main.o)
 .debug_abbrev  0x0000000000000293       0xe2 ../sRamEclip_bsp/\libhal_bsp.a(alt_putstr.o)
 .debug_abbrev  0x0000000000000375      0x10c ../sRamEclip_bsp/\libhal_bsp.a(alt_sys_init.o)
 .debug_abbrev  0x0000000000000481       0xd5 ../sRamEclip_bsp/\libhal_bsp.a(altera_avalon_jtag_uart_write.o)
 .debug_abbrev  0x0000000000000556       0x42 ../sRamEclip_bsp/\libhal_bsp.a(alt_dcache_flush_all.o)
 .debug_abbrev  0x0000000000000598       0x8a ../sRamEclip_bsp/\libhal_bsp.a(alt_icache_flush_all.o)
 .debug_abbrev  0x0000000000000622       0x42 ../sRamEclip_bsp/\libhal_bsp.a(altera_nios2_qsys_irq.o)
 .debug_abbrev  0x0000000000000664       0x9b ../sRamEclip_bsp/\libhal_bsp.a(alt_icache_flush.o)
 .debug_abbrev  0x00000000000006ff       0x7f c:/altera/14.0/nios2eds/bin/gnu/h-x86_64-mingw32/bin/../lib/gcc/nios2-elf/4.7.3/../../../../../H-x86_64-mingw32/nios2-elf/lib/mno-hw-mul\libsmallc.a(lib_a-strlen.o)

.debug_line     0x0000000000000000      0x8bd
 *(.debug_line)
 .debug_line    0x0000000000000000       0x6c ../sRamEclip_bsp//obj/HAL/src/crt0.o
 .debug_line    0x000000000000006c       0x74 obj/default/hello_world_small.o
 .debug_line    0x00000000000000e0       0xd6 ../sRamEclip_bsp/\libhal_bsp.a(alt_load.o)
 .debug_line    0x00000000000001b6       0xbd ../sRamEclip_bsp/\libhal_bsp.a(alt_main.o)
 .debug_line    0x0000000000000273      0x127 ../sRamEclip_bsp/\libhal_bsp.a(alt_putstr.o)
 .debug_line    0x000000000000039a      0x11a ../sRamEclip_bsp/\libhal_bsp.a(alt_sys_init.o)
 .debug_line    0x00000000000004b4       0xf5 ../sRamEclip_bsp/\libhal_bsp.a(altera_avalon_jtag_uart_write.o)
 .debug_line    0x00000000000005a9       0x4e ../sRamEclip_bsp/\libhal_bsp.a(alt_dcache_flush_all.o)
 .debug_line    0x00000000000005f7       0x87 ../sRamEclip_bsp/\libhal_bsp.a(alt_icache_flush_all.o)
 .debug_line    0x000000000000067e       0x50 ../sRamEclip_bsp/\libhal_bsp.a(altera_nios2_qsys_irq.o)
 .debug_line    0x00000000000006ce       0x7d ../sRamEclip_bsp/\libhal_bsp.a(alt_icache_flush.o)
 .debug_line    0x000000000000074b      0x172 c:/altera/14.0/nios2eds/bin/gnu/h-x86_64-mingw32/bin/../lib/gcc/nios2-elf/4.7.3/../../../../../H-x86_64-mingw32/nios2-elf/lib/mno-hw-mul\libsmallc.a(lib_a-strlen.o)

.debug_frame    0x0000000000000000      0x198
 *(.debug_frame)
 .debug_frame   0x0000000000000000       0x28 obj/default/hello_world_small.o
 .debug_frame   0x0000000000000028       0x28 ../sRamEclip_bsp/\libhal_bsp.a(alt_load.o)
 .debug_frame   0x0000000000000050       0x28 ../sRamEclip_bsp/\libhal_bsp.a(alt_main.o)
 .debug_frame   0x0000000000000078       0x28 ../sRamEclip_bsp/\libhal_bsp.a(alt_putstr.o)
 .debug_frame   0x00000000000000a0       0x38 ../sRamEclip_bsp/\libhal_bsp.a(alt_sys_init.o)
 .debug_frame   0x00000000000000d8       0x20 ../sRamEclip_bsp/\libhal_bsp.a(altera_avalon_jtag_uart_write.o)
 .debug_frame   0x00000000000000f8       0x20 ../sRamEclip_bsp/\libhal_bsp.a(alt_dcache_flush_all.o)
 .debug_frame   0x0000000000000118       0x20 ../sRamEclip_bsp/\libhal_bsp.a(alt_icache_flush_all.o)
 .debug_frame   0x0000000000000138       0x20 ../sRamEclip_bsp/\libhal_bsp.a(altera_nios2_qsys_irq.o)
 .debug_frame   0x0000000000000158       0x20 ../sRamEclip_bsp/\libhal_bsp.a(alt_icache_flush.o)
 .debug_frame   0x0000000000000178       0x20 c:/altera/14.0/nios2eds/bin/gnu/h-x86_64-mingw32/bin/../lib/gcc/nios2-elf/4.7.3/../../../../../H-x86_64-mingw32/nios2-elf/lib/mno-hw-mul\libsmallc.a(lib_a-strlen.o)

.debug_str      0x0000000000000000      0x57d
 *(.debug_str)
 .debug_str     0x0000000000000000       0x6c obj/default/hello_world_small.o
                                         0x76 (size before relaxing)
 .debug_str     0x000000000000006c      0x1b9 ../sRamEclip_bsp/\libhal_bsp.a(alt_load.o)
                                        0x1fe (size before relaxing)
 .debug_str     0x0000000000000225       0x8f ../sRamEclip_bsp/\libhal_bsp.a(alt_main.o)
                                        0x177 (size before relaxing)
 .debug_str     0x00000000000002b4       0x6b ../sRamEclip_bsp/\libhal_bsp.a(alt_putstr.o)
                                        0x159 (size before relaxing)
 .debug_str     0x000000000000031f       0xb9 ../sRamEclip_bsp/\libhal_bsp.a(alt_sys_init.o)
                                        0x21e (size before relaxing)
 .debug_str     0x00000000000003d8       0x3f ../sRamEclip_bsp/\libhal_bsp.a(altera_avalon_jtag_uart_write.o)
                                        0x1d7 (size before relaxing)
 .debug_str     0x0000000000000417       0x1f ../sRamEclip_bsp/\libhal_bsp.a(alt_dcache_flush_all.o)
                                        0x117 (size before relaxing)
 .debug_str     0x0000000000000436       0x30 ../sRamEclip_bsp/\libhal_bsp.a(alt_icache_flush_all.o)
                                        0x130 (size before relaxing)
 .debug_str     0x0000000000000466       0x20 ../sRamEclip_bsp/\libhal_bsp.a(altera_nios2_qsys_irq.o)
                                        0x11e (size before relaxing)
 .debug_str     0x0000000000000486       0x1b ../sRamEclip_bsp/\libhal_bsp.a(alt_icache_flush.o)
                                        0x11d (size before relaxing)
 .debug_str     0x00000000000004a1       0xdc c:/altera/14.0/nios2eds/bin/gnu/h-x86_64-mingw32/bin/../lib/gcc/nios2-elf/4.7.3/../../../../../H-x86_64-mingw32/nios2-elf/lib/mno-hw-mul\libsmallc.a(lib_a-strlen.o)
                                        0x18e (size before relaxing)

.debug_loc      0x0000000000000000      0x1f1
 *(.debug_loc)
 .debug_loc     0x0000000000000000       0x20 obj/default/hello_world_small.o
 .debug_loc     0x0000000000000020       0x20 ../sRamEclip_bsp/\libhal_bsp.a(alt_load.o)
 .debug_loc     0x0000000000000040       0x20 ../sRamEclip_bsp/\libhal_bsp.a(alt_main.o)
 .debug_loc     0x0000000000000060       0x57 ../sRamEclip_bsp/\libhal_bsp.a(alt_putstr.o)
 .debug_loc     0x00000000000000b7       0x41 ../sRamEclip_bsp/\libhal_bsp.a(alt_sys_init.o)
 .debug_loc     0x00000000000000f8       0x7e ../sRamEclip_bsp/\libhal_bsp.a(altera_avalon_jtag_uart_write.o)
 .debug_loc     0x0000000000000176       0x52 ../sRamEclip_bsp/\libhal_bsp.a(alt_icache_flush.o)
 .debug_loc     0x00000000000001c8       0x29 c:/altera/14.0/nios2eds/bin/gnu/h-x86_64-mingw32/bin/../lib/gcc/nios2-elf/4.7.3/../../../../../H-x86_64-mingw32/nios2-elf/lib/mno-hw-mul\libsmallc.a(lib_a-strlen.o)

.debug_macinfo
 *(.debug_macinfo)

.debug_weaknames
 *(.debug_weaknames)

.debug_funcnames
 *(.debug_funcnames)

.debug_typenames
 *(.debug_typenames)

.debug_varnames
 *(.debug_varnames)

.debug_alt_sim_info
                0x0000000000000000       0x20
 *(.debug_alt_sim_info)
 .debug_alt_sim_info
                0x0000000000000000       0x20 ../sRamEclip_bsp//obj/HAL/src/crt0.o
                0x000000000000d000                __alt_data_end = 0xd000
                0x000000000000d000                PROVIDE (__alt_stack_pointer, __alt_data_end)
                0x00000000000082d8                PROVIDE (__alt_stack_limit, __alt_stack_base)
                0x00000000000082d8                PROVIDE (__alt_heap_start, end)
                0x000000000000d000                PROVIDE (__alt_heap_limit, 0xd000)
OUTPUT(sRamEclip.elf elf32-littlenios2)

.debug_ranges   0x0000000000000000       0x78
 .debug_ranges  0x0000000000000000       0x20 ../sRamEclip_bsp//obj/HAL/src/crt0.o
 .debug_ranges  0x0000000000000020       0x10 obj/default/hello_world_small.o
 .debug_ranges  0x0000000000000030       0x48 ../sRamEclip_bsp/\libhal_bsp.a(alt_load.o)
