Archive member included to satisfy reference by file (symbol)

c:/altera_lite/15.1/nios2eds/bin/gnu/h-x86_64-mingw32/bin/../lib/gcc/nios2-elf/4.9.2/../../../../../H-x86_64-mingw32/nios2-elf/lib/mno-hw-mul\libsmallc.a(lib_a-printf.o)
                              obj/default/count_binary.o (printf)
c:/altera_lite/15.1/nios2eds/bin/gnu/h-x86_64-mingw32/bin/../lib/gcc/nios2-elf/4.9.2/../../../../../H-x86_64-mingw32/nios2-elf/lib/mno-hw-mul\libsmallc.a(lib_a-vfprintf.o)
                              c:/altera_lite/15.1/nios2eds/bin/gnu/h-x86_64-mingw32/bin/../lib/gcc/nios2-elf/4.9.2/../../../../../H-x86_64-mingw32/nios2-elf/lib/mno-hw-mul\libsmallc.a(lib_a-printf.o) (___vfprintf_internal_r)
c:/altera_lite/15.1/nios2eds/bin/gnu/h-x86_64-mingw32/bin/../lib/gcc/nios2-elf/4.9.2/../../../../../H-x86_64-mingw32/nios2-elf/lib/mno-hw-mul\libsmallc.a(lib_a-fvwrite_small_dev.o)
                              c:/altera_lite/15.1/nios2eds/bin/gnu/h-x86_64-mingw32/bin/../lib/gcc/nios2-elf/4.9.2/../../../../../H-x86_64-mingw32/nios2-elf/lib/mno-hw-mul\libsmallc.a(lib_a-printf.o) (__sfvwrite_small_dev)
c:/altera_lite/15.1/nios2eds/bin/gnu/h-x86_64-mingw32/bin/../lib/gcc/nios2-elf/4.9.2/../../../../../H-x86_64-mingw32/nios2-elf/lib/mno-hw-mul\libsmallc.a(lib_a-impure.o)
                              c:/altera_lite/15.1/nios2eds/bin/gnu/h-x86_64-mingw32/bin/../lib/gcc/nios2-elf/4.9.2/../../../../../H-x86_64-mingw32/nios2-elf/lib/mno-hw-mul\libsmallc.a(lib_a-printf.o) (_impure_ptr)
c:/altera_lite/15.1/nios2eds/bin/gnu/h-x86_64-mingw32/bin/../lib/gcc/nios2-elf/4.9.2/../../../../../H-x86_64-mingw32/nios2-elf/lib/mno-hw-mul\libsmallc.a(lib_a-strlen.o)
                              c:/altera_lite/15.1/nios2eds/bin/gnu/h-x86_64-mingw32/bin/../lib/gcc/nios2-elf/4.9.2/../../../../../H-x86_64-mingw32/nios2-elf/lib/mno-hw-mul\libsmallc.a(lib_a-vfprintf.o) (strlen)
c:/altera_lite/15.1/nios2eds/bin/gnu/h-x86_64-mingw32/bin/../lib/gcc/nios2-elf/4.9.2/../../../../../H-x86_64-mingw32/nios2-elf/lib/mno-hw-mul\libsmallc.a(lib_a-writer.o)
                              c:/altera_lite/15.1/nios2eds/bin/gnu/h-x86_64-mingw32/bin/../lib/gcc/nios2-elf/4.9.2/../../../../../H-x86_64-mingw32/nios2-elf/lib/mno-hw-mul\libsmallc.a(lib_a-fvwrite_small_dev.o) (_write_r)
c:/altera_lite/15.1/nios2eds/bin/gnu/h-x86_64-mingw32/bin/../lib/gcc/nios2-elf/4.9.2/../../../../../H-x86_64-mingw32/nios2-elf/lib/mno-hw-mul\libsmallc.a(lib_a-int_errno.o)
                              c:/altera_lite/15.1/nios2eds/bin/gnu/h-x86_64-mingw32/bin/../lib/gcc/nios2-elf/4.9.2/../../../../../H-x86_64-mingw32/nios2-elf/lib/mno-hw-mul\libsmallc.a(lib_a-writer.o) (errno)
c:/altera_lite/15.1/nios2eds/bin/gnu/h-x86_64-mingw32/bin/../lib/gcc/nios2-elf/4.9.2/mno-hw-mul\libgcc.a(lib2-divmod.o)
                              c:/altera_lite/15.1/nios2eds/bin/gnu/h-x86_64-mingw32/bin/../lib/gcc/nios2-elf/4.9.2/../../../../../H-x86_64-mingw32/nios2-elf/lib/mno-hw-mul\libsmallc.a(lib_a-vfprintf.o) (__udivsi3)
c:/altera_lite/15.1/nios2eds/bin/gnu/h-x86_64-mingw32/bin/../lib/gcc/nios2-elf/4.9.2/mno-hw-mul\libgcc.a(lib2-mul.o)
                              c:/altera_lite/15.1/nios2eds/bin/gnu/h-x86_64-mingw32/bin/../lib/gcc/nios2-elf/4.9.2/../../../../../H-x86_64-mingw32/nios2-elf/lib/mno-hw-mul\libsmallc.a(lib_a-vfprintf.o) (__mulsi3)
../sRamEclipse_bsp/\libhal_bsp.a(alt_load.o)
                              ../sRamEclipse_bsp//obj/HAL/src/crt0.o (alt_load)
../sRamEclipse_bsp/\libhal_bsp.a(alt_main.o)
                              ../sRamEclipse_bsp//obj/HAL/src/crt0.o (alt_main)
../sRamEclipse_bsp/\libhal_bsp.a(alt_putchar.o)
                              obj/default/count_binary.o (alt_putchar)
../sRamEclipse_bsp/\libhal_bsp.a(alt_putstr.o)
                              obj/default/count_binary.o (alt_putstr)
../sRamEclipse_bsp/\libhal_bsp.a(alt_read.o)
                              obj/default/count_binary.o (read)
../sRamEclipse_bsp/\libhal_bsp.a(alt_sys_init.o)
                              ../sRamEclipse_bsp/\libhal_bsp.a(alt_main.o) (alt_irq_init)
../sRamEclipse_bsp/\libhal_bsp.a(altera_avalon_jtag_uart_fd.o)
                              ../sRamEclipse_bsp/\libhal_bsp.a(alt_sys_init.o) (altera_avalon_jtag_uart_read_fd)
../sRamEclipse_bsp/\libhal_bsp.a(altera_avalon_jtag_uart_read.o)
                              ../sRamEclipse_bsp/\libhal_bsp.a(altera_avalon_jtag_uart_fd.o) (altera_avalon_jtag_uart_read)
../sRamEclipse_bsp/\libhal_bsp.a(altera_avalon_jtag_uart_write.o)
                              ../sRamEclipse_bsp/\libhal_bsp.a(altera_avalon_jtag_uart_fd.o) (altera_avalon_jtag_uart_write)
../sRamEclipse_bsp/\libhal_bsp.a(altera_avalon_timer_sc.o)
                              ../sRamEclipse_bsp/\libhal_bsp.a(alt_sys_init.o) (alt_avalon_timer_sc_init)
../sRamEclipse_bsp/\libhal_bsp.a(alt_close.o)
                              ../sRamEclipse_bsp/\libhal_bsp.a(alt_main.o) (close)
../sRamEclipse_bsp/\libhal_bsp.a(alt_dcache_flush_all.o)
[...]
Memory Configuration

Name             Origin             Length             Attributes
reset            0x0000000000008000 0x0000000000000020
onchip_mem       0x0000000000008020 0x0000000000004fe0
*default*        0x0000000000000000 0xffffffffffffffff

Linker script and memory map

LOAD ../sRamEclipse_bsp//obj/HAL/src/crt0.o
LOAD obj/default/count_binary.o
LOAD c:/altera_lite/15.1/nios2eds/bin/gnu/h-x86_64-mingw32/bin/../lib/gcc/nios2-elf/4.9.2/../../../../../H-x86_64-mingw32/nios2-elf/lib/mno-hw-mul\libstdc++.a
LOAD c:/altera_lite/15.1/nios2eds/bin/gnu/h-x86_64-mingw32/bin/../lib/gcc/nios2-elf/4.9.2/../../../../../H-x86_64-mingw32/nios2-elf/lib/mno-hw-mul\libm.a
LOAD c:/altera_lite/15.1/nios2eds/bin/gnu/h-x86_64-mingw32/bin/../lib/gcc/nios2-elf/4.9.2/mno-hw-mul\libgcc.a
START GROUP
LOAD c:/altera_lite/15.1/nios2eds/bin/gnu/h-x86_64-mingw32/bin/../lib/gcc/nios2-elf/4.9.2/../../../../../H-x86_64-mingw32/nios2-elf/lib/mno-hw-mul\libsmallc.a
LOAD c:/altera_lite/15.1/nios2eds/bin/gnu/h-x86_64-mingw32/bin/../lib/gcc/nios2-elf/4.9.2/mno-hw-mul\libgcc.a
LOAD ../sRamEclipse_bsp/\libhal_bsp.a
END GROUP
LOAD c:/altera_lite/15.1/nios2eds/bin/gnu/h-x86_64-mingw32/bin/../lib/gcc/nios2-elf/4.9.2/mno-hw-mul\libgcc.a
                0x0000000000008000                __alt_mem_onchip_mem = 0x8000

.entry          0x0000000000008000       0x20
 *(.entry)
 .entry         0x0000000000008000       0x20 ../sRamEclipse_bsp//obj/HAL/src/crt0.o
                0x0000000000008000                __reset

.exceptions     0x0000000000008020      0x19c
                0x0000000000008020                PROVIDE (__ram_exceptions_start, ABSOLUTE (.))
                0x0000000000008020                . = ALIGN (0x20)
 *(.irq)
 *(.exceptions.entry.label)
 .exceptions.entry.label
                0x0000000000008020        0x0 ../sRamEclipse_bsp/\libhal_bsp.a(alt_irq_entry.o)
                0x0000000000008020                alt_irq_entry
 .exceptions.entry.label
                0x0000000000008020        0x0 ../sRamEclipse_bsp/\libhal_bsp.a(alt_exception_entry.o)
                0x0000000000008020                alt_exception
 *(.exceptions.entry.user)
 *(.exceptions.entry.ecc_fatal)
 *(.exceptions.entry)
 .exceptions.entry
                0x0000000000008020       0x54 ../sRamEclipse_bsp/\libhal_bsp.a(alt_exception_entry.o)
 *(.exceptions.irqtest.user)
 *(.exceptions.irqtest)
 .exceptions.irqtest
                0x0000000000008074       0x10 ../sRamEclipse_bsp/\libhal_bsp.a(alt_irq_entry.o)
 *(.exceptions.irqhandler.user)
 *(.exceptions.irqhandler)
 .exceptions.irqhandler
                0x0000000000008084        0x4 ../sRamEclipse_bsp/\libhal_bsp.a(alt_irq_entry.o)
 *(.exceptions.irqreturn.user)
 *(.exceptions.irqreturn)
 .exceptions.irqreturn
                0x0000000000008088        0x4 ../sRamEclipse_bsp/\libhal_bsp.a(alt_irq_entry.o)
 *(.exceptions.notirq.label)
 .exceptions.notirq.label
                0x000000000000808c        0x0 ../sRamEclipse_bsp/\libhal_bsp.a(alt_irq_entry.o)
 *(.exceptions.notirq.user)
 *(.exceptions.notirq)
 .exceptions.notirq
                0x000000000000808c        0x8 ../sRamEclipse_bsp/\libhal_bsp.a(alt_exception_entry.o)
 *(.exceptions.soft.user)
 *(.exceptions.soft)
 *(.exceptions.unknown.user)
 *(.exceptions.unknown)
 .exceptions.unknown
                0x0000000000008094        0x4 ../sRamEclipse_bsp/\libhal_bsp.a(alt_exception_entry.o)
 *(.exceptions.exit.label)
 .exceptions.exit.label
                0x0000000000008098        0x0 ../sRamEclipse_bsp/\libhal_bsp.a(alt_irq_entry.o)
 .exceptions.exit.label
                0x0000000000008098        0x0 ../sRamEclipse_bsp/\libhal_bsp.a(alt_exception_entry.o)
 *(.exceptions.exit.user)
 *(.exceptions.exit)
 .exceptions.exit
                0x0000000000008098       0x54 ../sRamEclipse_bsp/\libhal_bsp.a(alt_exception_entry.o)
 *(.exceptions)
 .exceptions    0x00000000000080ec       0xd0 ../sRamEclipse_bsp/\libhal_bsp.a(alt_irq_handler.o)
                0x00000000000080ec                alt_irq_handler
                0x00000000000081bc                PROVIDE (__ram_exceptions_end, ABSOLUTE (.))
                0x0000000000008020                PROVIDE (__flash_exceptions_start, LOADADDR (.exceptions))

.text           0x00000000000081bc     0x2550
                0x00000000000081bc                PROVIDE (stext, ABSOLUTE (.))
 *(.interp)
 *(.hash)
 *(.dynsym)
 *(.dynstr)
 *(.gnu.version)
 *(.gnu.version_d)
 *(.gnu.version_r)
 *(.rel.init)
 *(.rela.init)
 *(.rel.text .rel.text.* .rel.gnu.linkonce.t.*)
 *(.rela.text .rela.text.* .rela.gnu.linkonce.t.*)
 *(.rel.fini)
 *(.rela.fini)
 *(.rel.rodata .rel.rodata.* .rel.gnu.linkonce.r.*)
 *(.rela.rodata .rela.rodata.* .rela.gnu.linkonce.r.*)
 *(.rel.data .rel.data.* .rel.gnu.linkonce.d.*)
 *(.rela.data .rela.data.* .rela.gnu.linkonce.d.*)
 *(.rel.tdata .rel.tdata.* .rel.gnu.linkonce.td.*)
 *(.rela.tdata .rela.tdata.* .rela.gnu.linkonce.td.*)
 *(.rel.tbss .rel.tbss.* .rel.gnu.linkonce.tb.*)
 *(.rela.tbss .rela.tbss.* .rela.gnu.linkonce.tb.*)
 *(.rel.ctors)
 *(.rela.ctors)
 *(.rel.dtors)
 *(.rela.dtors)
 *(.rel.got)
 *(.rela.got)
 *(.rel.sdata .rel.sdata.* .rel.gnu.linkonce.s.*)
 *(.rela.sdata .rela.sdata.* .rela.gnu.linkonce.s.*)
 *(.rel.sbss .rel.sbss.* .rel.gnu.linkonce.sb.*)
 *(.rela.sbss .rela.sbss.* .rela.gnu.linkonce.sb.*)
 *(.rel.sdata2 .rel.sdata2.* .rel.gnu.linkonce.s2.*)
 *(.rela.sdata2 .rela.sdata2.* .rela.gnu.linkonce.s2.*)
 *(.rel.sbss2 .rel.sbss2.* .rel.gnu.linkonce.sb2.*)
 *(.rela.sbss2 .rela.sbss2.* .rela.gnu.linkonce.sb2.*)
 *(.rel.bss .rel.bss.* .rel.gnu.linkonce.b.*)
 *(.rela.bss .rela.bss.* .rela.gnu.linkonce.b.*)
 *(.rel.plt)
 *(.rela.plt)
 *(.rel.dyn)
 *(.init)
 *(.plt)
 *(.text .stub .text.* .gnu.linkonce.t.*)
 .text          0x00000000000081bc       0x3c ../sRamEclipse_bsp//obj/HAL/src/crt0.o
                0x00000000000081bc                _start
 .text          0x00000000000081f8      0x344 obj/default/count_binary.o
                0x00000000000081f8                main
                0x0000000000008434                write
                0x00000000000084dc                udelay
 .text          0x000000000000853c        0x0 c:/altera_lite/15.1/nios2eds/bin/gnu/h-x86_64-mingw32/bin/../lib/gcc/nios2-elf/4.9.2/../../../../../H-x86_64-mingw32/nios2-elf/lib/mno-hw-mul\libsmallc.a(lib_a-printf.o)
 .text._printf_r
                0x000000000000853c       0x3c c:/altera_lite/15.1/nios2eds/bin/gnu/h-x86_64-mingw32/bin/../lib/gcc/nios2-elf/4.9.2/../../../../../H-x86_64-mingw32/nios2-elf/lib/mno-hw-mul\libsmallc.a(lib_a-printf.o)
                0x000000000000853c                _printf_r
 .text.printf   0x0000000000008578       0x4c c:/altera_lite/15.1/nios2eds/bin/gnu/h-x86_64-mingw32/bin/../lib/gcc/nios2-elf/4.9.2/../../../../../H-x86_64-mingw32/nios2-elf/lib/mno-hw-mul\libsmallc.a(lib_a-printf.o)
                0x0000000000008578                printf
 .text          0x00000000000085c4        0x0 c:/altera_lite/15.1/nios2eds/bin/gnu/h-x86_64-mingw32/bin/../lib/gcc/nios2-elf/4.9.2/../../../../../H-x86_64-mingw32/nios2-elf/lib/mno-hw-mul\libsmallc.a(lib_a-vfprintf.o)
 .text.print_repeat
                0x00000000000085c4       0x6c c:/altera_lite/15.1/nios2eds/bin/gnu/h-x86_64-mingw32/bin/../lib/gcc/nios2-elf/4.9.2/../../../../../H-x86_64-mingw32/nios2-elf/lib/mno-hw-mul\libsmallc.a(lib_a-vfprintf.o)
 .text.___vfprintf_internal_r
                0x0000000000008630      0x56c c:/altera_lite/15.1/nios2eds/bin/gnu/h-x86_64-mingw32/bin/../lib/gcc/nios2-elf/4.9.2/../../../../../H-x86_64-mingw32/nios2-elf/lib/mno-hw-mul\libsmallc.a(lib_a-vfprintf.o)
                0x0000000000008630                ___vfprintf_internal_r
 .text.__vfprintf_internal
                0x0000000000008b9c       0x24 c:/altera_lite/15.1/nios2eds/bin/gnu/h-x86_64-mingw32/bin/../lib/gcc/nios2-elf/4.9.2/../../../../../H-x86_64-mingw32/nios2-elf/lib/mno-hw-mul\libsmallc.a(lib_a-vfprintf.o)
                0x0000000000008b9c                __vfprintf_internal
 .text          0x0000000000008bc0        0x0 c:/altera_lite/15.1/nios2eds/bin/gnu/h-x86_64-mingw32/bin/../lib/gcc/nios2-elf/4.9.2/../../../../../H-x86_64-mingw32/nios2-elf/lib/mno-hw-mul\libsmallc.a(lib_a-fvwrite_small_dev.o)
 .text.__sfvwrite_small_dev
                0x0000000000008bc0       0xac c:/altera_lite/15.1/nios2eds/bin/gnu/h-x86_64-mingw32/bin/../lib/gcc/nios2-elf/4.9.2/../../../../../H-x86_64-mingw32/nios2-elf/lib/mno-hw-mul\libsmallc.a(lib_a-fvwrite_small_dev.o)
                0x0000000000008bc0                __sfvwrite_small_dev
 .text          0x0000000000008c6c        0x0 c:/altera_lite/15.1/nios2eds/bin/gnu/h-x86_64-mingw32/bin/../lib/gcc/nios2-elf/4.9.2/../../../../../H-x86_64-mingw32/nios2-elf/lib/mno-hw-mul\libsmallc.a(lib_a-impure.o)
 .text          0x0000000000008c6c        0x0 c:/altera_lite/15.1/nios2eds/bin/gnu/h-x86_64-mingw32/bin/../lib/gcc/nios2-elf/4.9.2/../../../../../H-x86_64-mingw32/nios2-elf/lib/mno-hw-mul\libsmallc.a(lib_a-strlen.o)
 .text.strlen   0x0000000000008c6c       0x1c c:/altera_lite/15.1/nios2eds/bin/gnu/h-x86_64-mingw32/bin/../lib/gcc/nios2-elf/4.9.2/../../../../../H-x86_64-mingw32/nios2-elf/lib/mno-hw-mul\libsmallc.a(lib_a-strlen.o)
                0x0000000000008c6c                strlen
 .text          0x0000000000008c88        0x0 c:/altera_lite/15.1/nios2eds/bin/gnu/h-x86_64-mingw32/bin/../lib/gcc/nios2-elf/4.9.2/../../../../../H-x86_64-mingw32/nios2-elf/lib/mno-hw-mul\libsmallc.a(lib_a-writer.o)
 .text._write_r
                0x0000000000008c88       0x58 c:/altera_lite/15.1/nios2eds/bin/gnu/h-x86_64-mingw32/bin/../lib/gcc/nios2-elf/4.9.2/../../../../../H-x86_64-mingw32/nios2-elf/lib/mno-hw-mul\libsmallc.a(lib_a-writer.o)
                0x0000000000008c88                _write_r
 .text          0x0000000000008ce0        0x0 c:/altera_lite/15.1/nios2eds/bin/gnu/h-x86_64-mingw32/bin/../lib/gcc/nios2-elf/4.9.2/../../../../../H-x86_64-mingw32/nios2-elf/lib/mno-hw-mul\libsmallc.a(lib_a-int_errno.o)
 .text          0x0000000000008ce0      0x12c c:/altera_lite/15.1/nios2eds/bin/gnu/h-x86_64-mingw32/bin/../lib/gcc/nios2-elf/4.9.2/mno-hw-mul\libgcc.a(lib2-divmod.o)
                0x0000000000008d4c                __divsi3
                0x0000000000008da0                __modsi3
                0x0000000000008dfc                __udivsi3
                0x0000000000008e04                __umodsi3
 .text          0x0000000000008e0c       0x28 c:/altera_lite/15.1/nios2eds/bin/gnu/h-x86_64-mingw32/bin/../lib/gcc/nios2-elf/4.9.2/mno-hw-mul\libgcc.a(lib2-mul.o)
                0x0000000000008e0c                __mulsi3
 .text          0x0000000000008e34       0xe4 ../sRamEclipse_bsp/\libhal_bsp.a(alt_load.o)
                0x0000000000008e98                alt_load
 .text          0x0000000000008f18       0x68 ../sRamEclipse_bsp/\libhal_bsp.a(alt_main.o)
                0x0000000000008f18                alt_main
 .text          0x0000000000008f80       0x44 ../sRamEclipse_bsp/\libhal_bsp.a(alt_putchar.o)
                0x0000000000008f80                alt_putchar
 .text          0x0000000000008fc4       0x44 ../sRamEclipse_bsp/\libhal_bsp.a(alt_putstr.o)
                0x0000000000008fc4                alt_putstr
 .text          0x0000000000009008      0x154 ../sRamEclipse_bsp/\libhal_bsp.a(alt_read.o)
                0x0000000000009058                read
 .text          0x000000000000915c       0xb8 ../sRamEclipse_bsp/\libhal_bsp.a(alt_sys_init.o)
                0x0000000000009194                alt_irq_init
                0x00000000000091c8                alt_sys_init
 .text          0x0000000000009214       0xc0 ../sRamEclipse_bsp/\libhal_bsp.a(altera_avalon_jtag_uart_fd.o)
                0x0000000000009214                altera_avalon_jtag_uart_read_fd
                0x0000000000009274                altera_avalon_jtag_uart_write_fd
 .text          0x00000000000092d4       0xe4 ../sRamEclipse_bsp/\libhal_bsp.a(altera_avalon_jtag_uart_read.o)
                0x00000000000092d4                altera_avalon_jtag_uart_read
 .text          0x00000000000093b8       0x94 ../sRamEclipse_bsp/\libhal_bsp.a(altera_avalon_jtag_uart_write.o)
                0x00000000000093b8                altera_avalon_jtag_uart_write
 .text          0x000000000000944c       0xfc ../sRamEclipse_bsp/\libhal_bsp.a(altera_avalon_timer_sc.o)
                0x00000000000094c0                alt_avalon_timer_sc_init
 .text          0x0000000000009548      0x128 ../sRamEclipse_bsp/\libhal_bsp.a(alt_close.o)
                0x0000000000009598                close
 .text          0x0000000000009670       0x1c ../sRamEclipse_bsp/\libhal_bsp.a(alt_dcache_flush_all.o)
                0x0000000000009670                alt_dcache_flush_all
 .text          0x000000000000968c       0x2c ../sRamEclipse_bsp/\libhal_bsp.a(alt_dev.o)
 .text          0x00000000000096b8       0xf4 ../sRamEclipse_bsp/\libhal_bsp.a(alt_dev_llist_insert.o)
                0x0000000000009708                alt_dev_llist_insert
 .text          0x00000000000097ac        0x0 ../sRamEclipse_bsp/\libhal_bsp.a(alt_errno.o)
 .text          0x00000000000097ac       0x30 ../sRamEclipse_bsp/\libhal_bsp.a(alt_icache_flush_all.o)
                0x00000000000097ac                alt_icache_flush_all
 .text          0x00000000000097dc      0x1e0 ../sRamEclipse_bsp/\libhal_bsp.a(alt_iic.o)
                0x00000000000097dc                alt_ic_isr_register
                0x000000000000982c                alt_ic_irq_enable
                0x00000000000098cc                alt_ic_irq_disable
                0x0000000000009970                alt_ic_irq_enabled
 .text          0x00000000000099bc       0xf0 ../sRamEclipse_bsp/\libhal_bsp.a(alt_iic_isr_register.o)
                0x00000000000099bc                alt_iic_isr_register
 .text          0x0000000000009aac      0x158 ../sRamEclipse_bsp/\libhal_bsp.a(alt_io_redirect.o)
                0x0000000000009b8c                alt_io_redirect
 .text          0x0000000000009c04        0x0 ../sRamEclipse_bsp/\libhal_bsp.a(alt_irq_entry.o)
 .text          0x0000000000009c04        0x0 ../sRamEclipse_bsp/\libhal_bsp.a(alt_irq_handler.o)
 .text          0x0000000000009c04        0x0 ../sRamEclipse_bsp/\libhal_bsp.a(alt_irq_vars.o)
 .text          0x0000000000009c04      0x2a4 ../sRamEclipse_bsp/\libhal_bsp.a(alt_open.o)
                0x0000000000009d48                open
 .text          0x0000000000009ea8       0x80 ../sRamEclipse_bsp/\libhal_bsp.a(alt_release_fd.o)
                0x0000000000009ea8                alt_release_fd
 .text          0x0000000000009f28      0x19c ../sRamEclipse_bsp/\libhal_bsp.a(alt_tick.o)
                0x0000000000009f28                alt_alarm_stop
                0x0000000000009fc0                alt_tick
 .text          0x000000000000a0c4       0x20 ../sRamEclipse_bsp/\libhal_bsp.a(altera_nios2_qsys_irq.o)
                0x000000000000a0c4                altera_nios2_qsys_irq_init
 .text          0x000000000000a0e4        0x0 ../sRamEclipse_bsp/\libhal_bsp.a(alt_exception_entry.o)
 .text          0x000000000000a0e4       0x90 ../sRamEclipse_bsp/\libhal_bsp.a(alt_find_dev.o)
                0x000000000000a0e4                alt_find_dev
 .text          0x000000000000a174      0x114 ../sRamEclipse_bsp/\libhal_bsp.a(alt_find_file.o)
                0x000000000000a174                alt_find_file
 .text          0x000000000000a288       0xd4 ../sRamEclipse_bsp/\libhal_bsp.a(alt_get_fd.o)
                0x000000000000a288                alt_get_fd
 .text          0x000000000000a35c       0x8c ../sRamEclipse_bsp/\libhal_bsp.a(alt_icache_flush.o)
                0x000000000000a35c                alt_icache_flush
 .text          0x000000000000a3e8        0x0 c:/altera_lite/15.1/nios2eds/bin/gnu/h-x86_64-mingw32/bin/../lib/gcc/nios2-elf/4.9.2/../../../../../H-x86_64-mingw32/nios2-elf/lib/mno-hw-mul\libsmallc.a(lib_a-exit.o)
 .text.exit     0x000000000000a3e8       0x20 c:/altera_lite/15.1/nios2eds/bin/gnu/h-x86_64-mingw32/bin/../lib/gcc/nios2-elf/4.9.2/../../../../../H-x86_64-mingw32/nios2-elf/lib/mno-hw-mul\libsmallc.a(lib_a-exit.o)
                0x000000000000a3e8                exit
 .text          0x000000000000a408        0x0 c:/altera_lite/15.1/nios2eds/bin/gnu/h-x86_64-mingw32/bin/../lib/gcc/nios2-elf/4.9.2/../../../../../H-x86_64-mingw32/nios2-elf/lib/mno-hw-mul\libsmallc.a(lib_a-fputs.o)
 .text.fputs    0x000000000000a408       0x58 c:/altera_lite/15.1/nios2eds/bin/gnu/h-x86_64-mingw32/bin/../lib/gcc/nios2-elf/4.9.2/../../../../../H-x86_64-mingw32/nios2-elf/lib/mno-hw-mul\libsmallc.a(lib_a-fputs.o)
                0x000000000000a408                fputs
 .text          0x000000000000a460        0x0 c:/altera_lite/15.1/nios2eds/bin/gnu/h-x86_64-mingw32/bin/../lib/gcc/nios2-elf/4.9.2/../../../../../H-x86_64-mingw32/nios2-elf/lib/mno-hw-mul\libsmallc.a(lib_a-memcmp.o)
 .text.memcmp   0x000000000000a460       0x30 c:/altera_lite/15.1/nios2eds/bin/gnu/h-x86_64-mingw32/bin/../lib/gcc/nios2-elf/4.9.2/../../../../../H-x86_64-mingw32/nios2-elf/lib/mno-hw-mul\libsmallc.a(lib_a-memcmp.o)
                0x000000000000a460                memcmp
 .text          0x000000000000a490        0x0 c:/altera_lite/15.1/nios2eds/bin/gnu/h-x86_64-mingw32/bin/../lib/gcc/nios2-elf/4.9.2/../../../../../H-x86_64-mingw32/nios2-elf/lib/mno-hw-mul\libsmallc.a(lib_a-putc.o)
 .text.putc     0x000000000000a490       0x54 c:/altera_lite/15.1/nios2eds/bin/gnu/h-x86_64-mingw32/bin/../lib/gcc/nios2-elf/4.9.2/../../../../../H-x86_64-mingw32/nios2-elf/lib/mno-hw-mul\libsmallc.a(lib_a-putc.o)
                0x000000000000a490                putc
 .text._putc_r  0x000000000000a4e4       0x58 c:/altera_lite/15.1/nios2eds/bin/gnu/h-x86_64-mingw32/bin/../lib/gcc/nios2-elf/4.9.2/../../../../../H-x86_64-mingw32/nios2-elf/lib/mno-hw-mul\libsmallc.a(lib_a-putc.o)
                0x000000000000a4e4                _putc_r
 .text          0x000000000000a53c        0x0 c:/altera_lite/15.1/nios2eds/bin/gnu/h-x86_64-mingw32/bin/../lib/gcc/nios2-elf/4.9.2/../../../../../H-x86_64-mingw32/nios2-elf/lib/mno-hw-mul\libsmallc.a(lib_a-__call_atexit.o)
 .text.__call_exitprocs
                0x000000000000a53c      0x19c c:/altera_lite/15.1/nios2eds/bin/gnu/h-x86_64-mingw32/bin/../lib/gcc/nios2-elf/4.9.2/../../../../../H-x86_64-mingw32/nios2-elf/lib/mno-hw-mul\libsmallc.a(lib_a-__call_atexit.o)
                0x000000000000a53c                __call_exitprocs
 .text          0x000000000000a6d8       0x34 ../sRamEclipse_bsp/\libhal_bsp.a(alt_exit.o)
                0x000000000000a6d8                _exit
 *(.gnu.warning.*)
 *(.fini)
                0x000000000000a70c                PROVIDE (__etext, ABSOLUTE (.))
                0x000000000000a70c                PROVIDE (_etext, ABSOLUTE (.))
                0x000000000000a70c                PROVIDE (etext, ABSOLUTE (.))
 *(.eh_frame_hdr)
                0x000000000000a70c                . = ALIGN (0x4)
                0x000000000000a70c                PROVIDE (__preinit_array_start, ABSOLUTE (.))
 *(.preinit_array)
                0x000000000000a70c                PROVIDE (__preinit_array_end, ABSOLUTE (.))
                0x000000000000a70c                PROVIDE (__init_array_start, ABSOLUTE (.))
 *(.init_array)
                0x000000000000a70c                PROVIDE (__init_array_end, ABSOLUTE (.))
                0x000000000000a70c                PROVIDE (__fini_array_start, ABSOLUTE (.))
 *(.fini_array)
                0x000000000000a70c                PROVIDE (__fini_array_end, ABSOLUTE (.))
 *(.eh_frame)
 *(.gcc_except_table .gcc_except_table.*)
 *(.dynamic)
                0x000000000000a70c                PROVIDE (__CTOR_LIST__, ABSOLUTE (.))
 *(.ctors)
 *(SORT(.ctors.*))
                0x000000000000a70c                PROVIDE (__CTOR_END__, ABSOLUTE (.))
                0x000000000000a70c                PROVIDE (__DTOR_LIST__, ABSOLUTE (.))
 *(.dtors)
 *(SORT(.dtors.*))
                0x000000000000a70c                PROVIDE (__DTOR_END__, ABSOLUTE (.))
 *(.jcr)
                0x000000000000a70c                . = ALIGN (0x4)

.rodata         0x000000000000a70c       0x9c
                0x000000000000a70c                PROVIDE (__ram_rodata_start, ABSOLUTE (.))
                0x000000000000a70c                . = ALIGN (0x4)
 *(.rodata .rodata.* .gnu.linkonce.r.*)
 .rodata        0x000000000000a70c       0x70 obj/default/count_binary.o
 .rodata        0x000000000000a77c       0x10 ../sRamEclipse_bsp/\libhal_bsp.a(alt_main.o)
 .rodata        0x000000000000a78c       0x10 ../sRamEclipse_bsp/\libhal_bsp.a(alt_sys_init.o)
 .rodata        0x000000000000a79c        0xc ../sRamEclipse_bsp/\libhal_bsp.a(alt_dev.o)
 *(.rodata1)
                0x000000000000a7a8                . = ALIGN (0x4)
                0x000000000000a7a8                PROVIDE (__ram_rodata_end, ABSOLUTE (.))
                0x000000000000a70c                PROVIDE (__flash_rodata_start, LOADADDR (.rodata))

.rwdata         0x000000000000a7a8      0x2e0 load address 0x000000000000aa88
                0x000000000000a7a8                PROVIDE (__ram_rwdata_start, ABSOLUTE (.))
                0x000000000000a7a8                . = ALIGN (0x4)
 *(.got.plt)
 *(.got)
 *(.data1)
 *(.data .data.* .gnu.linkonce.d.*)
 .data          0x000000000000a7a8        0x0 ../sRamEclipse_bsp//obj/HAL/src/crt0.o
 .data          0x000000000000a7a8        0x0 obj/default/count_binary.o
 .data          0x000000000000a7a8        0x0 c:/altera_lite/15.1/nios2eds/bin/gnu/h-x86_64-mingw32/bin/../lib/gcc/nios2-elf/4.9.2/../../../../../H-x86_64-mingw32/nios2-elf/lib/mno-hw-mul\libsmallc.a(lib_a-printf.o)
 .data          0x000000000000a7a8        0x0 c:/altera_lite/15.1/nios2eds/bin/gnu/h-x86_64-mingw32/bin/../lib/gcc/nios2-elf/4.9.2/../../../../../H-x86_64-mingw32/nios2-elf/lib/mno-hw-mul\libsmallc.a(lib_a-vfprintf.o)
 .data          0x000000000000a7a8        0x0 c:/altera_lite/15.1/nios2eds/bin/gnu/h-x86_64-mingw32/bin/../lib/gcc/nios2-elf/4.9.2/../../../../../H-x86_64-mingw32/nios2-elf/lib/mno-hw-mul\libsmallc.a(lib_a-fvwrite_small_dev.o)
 .data          0x000000000000a7a8        0x0 c:/altera_lite/15.1/nios2eds/bin/gnu/h-x86_64-mingw32/bin/../lib/gcc/nios2-elf/4.9.2/../../../../../H-x86_64-mingw32/nios2-elf/lib/mno-hw-mul\libsmallc.a(lib_a-impure.o)
 .data.impure_data
                0x000000000000a7a8       0xe0 c:/altera_lite/15.1/nios2eds/bin/gnu/h-x86_64-mingw32/bin/../lib/gcc/nios2-elf/4.9.2/../../../../../H-x86_64-mingw32/nios2-elf/lib/mno-hw-mul\libsmallc.a(lib_a-impure.o)
 .data          0x000000000000a888        0x0 c:/altera_lite/15.1/nios2eds/bin/gnu/h-x86_64-mingw32/bin/../lib/gcc/nios2-elf/4.9.2/../../../../../H-x86_64-mingw32/nios2-elf/lib/mno-hw-mul\libsmallc.a(lib_a-strlen.o)
 .data          0x000000000000a888        0x0 c:/altera_lite/15.1/nios2eds/bin/gnu/h-x86_64-mingw32/bin/../lib/gcc/nios2-elf/4.9.2/../../../../../H-x86_64-mingw32/nios2-elf/lib/mno-hw-mul\libsmallc.a(lib_a-writer.o)
 .data          0x000000000000a888        0x0 c:/altera_lite/15.1/nios2eds/bin/gnu/h-x86_64-mingw32/bin/../lib/gcc/nios2-elf/4.9.2/../../../../../H-x86_64-mingw32/nios2-elf/lib/mno-hw-mul\libsmallc.a(lib_a-int_errno.o)
 .data          0x000000000000a888        0x0 c:/altera_lite/15.1/nios2eds/bin/gnu/h-x86_64-mingw32/bin/../lib/gcc/nios2-elf/4.9.2/mno-hw-mul\libgcc.a(lib2-divmod.o)
 .data          0x000000000000a888        0x0 c:/altera_lite/15.1/nios2eds/bin/gnu/h-x86_64-mingw32/bin/../lib/gcc/nios2-elf/4.9.2/mno-hw-mul\libgcc.a(lib2-mul.o)
 .data          0x000000000000a888        0x0 ../sRamEclipse_bsp/\libhal_bsp.a(alt_load.o)
 .data          0x000000000000a888        0x0 ../sRamEclipse_bsp/\libhal_bsp.a(alt_main.o)
 .data          0x000000000000a888        0x0 ../sRamEclipse_bsp/\libhal_bsp.a(alt_putchar.o)
 .data          0x000000000000a888        0x0 ../sRamEclipse_bsp/\libhal_bsp.a(alt_putstr.o)
 .data          0x000000000000a888        0x0 ../sRamEclipse_bsp/\libhal_bsp.a(alt_read.o)
 .data          0x000000000000a888       0x2c ../sRamEclipse_bsp/\libhal_bsp.a(alt_sys_init.o)
 .data          0x000000000000a8b4        0x0 ../sRamEclipse_bsp/\libhal_bsp.a(altera_avalon_jtag_uart_fd.o)
 .data          0x000000000000a8b4        0x0 ../sRamEclipse_bsp/\libhal_bsp.a(altera_avalon_jtag_uart_read.o)
 .data          0x000000000000a8b4        0x0 ../sRamEclipse_bsp/\libhal_bsp.a(altera_avalon_jtag_uart_write.o)
 .data          0x000000000000a8b4        0x0 ../sRamEclipse_bsp/\libhal_bsp.a(altera_avalon_timer_sc.o)
 .data          0x000000000000a8b4        0x0 ../sRamEclipse_bsp/\libhal_bsp.a(alt_close.o)
 .data          0x000000000000a8b4        0x0 ../sRamEclipse_bsp/\libhal_bsp.a(alt_dcache_flush_all.o)
 .data          0x000000000000a8b4      0x1a8 ../sRamEclipse_bsp/\libhal_bsp.a(alt_dev.o)
                0x000000000000a8b4                alt_dev_null
                0x000000000000a8dc                alt_fd_list
 .data          0x000000000000aa5c        0x0 ../sRamEclipse_bsp/\libhal_bsp.a(alt_dev_llist_insert.o)
 .data          0x000000000000aa5c        0x0 ../sRamEclipse_bsp/\libhal_bsp.a(alt_errno.o)
 .data          0x000000000000aa5c        0x0 ../sRamEclipse_bsp/\libhal_bsp.a(alt_icache_flush_all.o)
 .data          0x000000000000aa5c        0x0 ../sRamEclipse_bsp/\libhal_bsp.a(alt_iic.o)
 .data          0x000000000000aa5c        0x0 ../sRamEclipse_bsp/\libhal_bsp.a(alt_iic_isr_register.o)
 .data          0x000000000000aa5c        0x0 ../sRamEclipse_bsp/\libhal_bsp.a(alt_io_redirect.o)
 .data          0x000000000000aa5c        0x0 ../sRamEclipse_bsp/\libhal_bsp.a(alt_irq_entry.o)
 .data          0x000000000000aa5c        0x0 ../sRamEclipse_bsp/\libhal_bsp.a(alt_irq_handler.o)
 .data          0x000000000000aa5c        0x0 ../sRamEclipse_bsp/\libhal_bsp.a(alt_irq_vars.o)
 .data          0x000000000000aa5c        0x0 ../sRamEclipse_bsp/\libhal_bsp.a(alt_open.o)
 .data          0x000000000000aa5c        0x0 ../sRamEclipse_bsp/\libhal_bsp.a(alt_release_fd.o)
 .data          0x000000000000aa5c        0x0 ../sRamEclipse_bsp/\libhal_bsp.a(alt_tick.o)
 .data          0x000000000000aa5c        0x0 ../sRamEclipse_bsp/\libhal_bsp.a(altera_nios2_qsys_irq.o)
 .data          0x000000000000aa5c        0x0 ../sRamEclipse_bsp/\libhal_bsp.a(alt_exception_entry.o)
 .data          0x000000000000aa5c        0x0 ../sRamEclipse_bsp/\libhal_bsp.a(alt_find_dev.o)
 .data          0x000000000000aa5c        0x0 ../sRamEclipse_bsp/\libhal_bsp.a(alt_find_file.o)
 .data          0x000000000000aa5c        0x0 ../sRamEclipse_bsp/\libhal_bsp.a(alt_get_fd.o)
 .data          0x000000000000aa5c        0x0 ../sRamEclipse_bsp/\libhal_bsp.a(alt_icache_flush.o)
 .data          0x000000000000aa5c        0x0 c:/altera_lite/15.1/nios2eds/bin/gnu/h-x86_64-mingw32/bin/../lib/gcc/nios2-elf/4.9.2/../../../../../H-x86_64-mingw32/nios2-elf/lib/mno-hw-mul\libsmallc.a(lib_a-exit.o)
 .data          0x000000000000aa5c        0x0 c:/altera_lite/15.1/nios2eds/bin/gnu/h-x86_64-mingw32/bin/../lib/gcc/nios2-elf/4.9.2/../../../../../H-x86_64-mingw32/nios2-elf/lib/mno-hw-mul\libsmallc.a(lib_a-fputs.o)
 .data          0x000000000000aa5c        0x0 c:/altera_lite/15.1/nios2eds/bin/gnu/h-x86_64-mingw32/bin/../lib/gcc/nios2-elf/4.9.2/../../../../../H-x86_64-mingw32/nios2-elf/lib/mno-hw-mul\libsmallc.a(lib_a-memcmp.o)
 .data          0x000000000000aa5c        0x0 c:/altera_lite/15.1/nios2eds/bin/gnu/h-x86_64-mingw32/bin/../lib/gcc/nios2-elf/4.9.2/../../../../../H-x86_64-mingw32/nios2-elf/lib/mno-hw-mul\libsmallc.a(lib_a-putc.o)
 .data          0x000000000000aa5c        0x0 c:/altera_lite/15.1/nios2eds/bin/gnu/h-x86_64-mingw32/bin/../lib/gcc/nios2-elf/4.9.2/../../../../../H-x86_64-mingw32/nios2-elf/lib/mno-hw-mul\libsmallc.a(lib_a-__call_atexit.o)
 .data          0x000000000000aa5c        0x0 ../sRamEclipse_bsp/\libhal_bsp.a(alt_exit.o)
                0x0000000000012a5c                _gp = ABSOLUTE ((. + 0x8000))
                0x0000000000012a5c                PROVIDE (gp, _gp)
 *(.rwdata .rwdata.*)
 *(.sdata .sdata.* .gnu.linkonce.s.*)
 .sdata._global_impure_ptr
                0x000000000000aa5c        0x4 c:/altera_lite/15.1/nios2eds/bin/gnu/h-x86_64-mingw32/bin/../lib/gcc/nios2-elf/4.9.2/../../../../../H-x86_64-mingw32/nios2-elf/lib/mno-hw-mul\libsmallc.a(lib_a-impure.o)
                0x000000000000aa5c                _global_impure_ptr
 .sdata._impure_ptr
                0x000000000000aa60        0x4 c:/altera_lite/15.1/nios2eds/bin/gnu/h-x86_64-mingw32/bin/../lib/gcc/nios2-elf/4.9.2/../../../../../H-x86_64-mingw32/nios2-elf/lib/mno-hw-mul\libsmallc.a(lib_a-impure.o)
                0x000000000000aa60                _impure_ptr
 .sdata         0x000000000000aa64       0x14 ../sRamEclipse_bsp/\libhal_bsp.a(alt_dev.o)
                0x000000000000aa64                alt_fs_list
                0x000000000000aa6c                alt_dev_list
                0x000000000000aa74                alt_max_fd
 .sdata         0x000000000000aa78        0x4 ../sRamEclipse_bsp/\libhal_bsp.a(alt_errno.o)
                0x000000000000aa78                alt_errno
 .sdata         0x000000000000aa7c        0x4 ../sRamEclipse_bsp/\libhal_bsp.a(alt_irq_vars.o)
                0x000000000000aa7c                alt_priority_mask
 .sdata         0x000000000000aa80        0x8 ../sRamEclipse_bsp/\libhal_bsp.a(alt_tick.o)
                0x000000000000aa80                alt_alarm_list
 *(.sdata2 .sdata2.* .gnu.linkonce.s2.*)
                0x000000000000aa88                . = ALIGN (0x4)
                0x000000000000aa88                _edata = ABSOLUTE (.)
                0x000000000000aa88                PROVIDE (edata, ABSOLUTE (.))
                0x000000000000aa88                PROVIDE (__ram_rwdata_end, ABSOLUTE (.))
                0x000000000000aa88                PROVIDE (__flash_rwdata_start, LOADADDR (.rwdata))

.bss            0x000000000000ad68      0x11c
                0x000000000000ad68                __bss_start = ABSOLUTE (.)
                0x000000000000ad68                PROVIDE (__sbss_start, ABSOLUTE (.))
                0x000000000000ad68                PROVIDE (___sbss_start, ABSOLUTE (.))
 *(.dynsbss)
 *(.sbss .sbss.* .gnu.linkonce.sb.*)
 .sbss          0x000000000000ad68        0x4 c:/altera_lite/15.1/nios2eds/bin/gnu/h-x86_64-mingw32/bin/../lib/gcc/nios2-elf/4.9.2/../../../../../H-x86_64-mingw32/nios2-elf/lib/mno-hw-mul\libsmallc.a(lib_a-int_errno.o)
                0x000000000000ad68                errno
 .sbss          0x000000000000ad6c        0xc ../sRamEclipse_bsp/\libhal_bsp.a(alt_main.o)
                0x000000000000ad6c                alt_argc
                0x000000000000ad70                alt_argv
                0x000000000000ad74                alt_envp
 .sbss          0x000000000000ad78        0x4 ../sRamEclipse_bsp/\libhal_bsp.a(alt_irq_vars.o)
                0x000000000000ad78                alt_irq_active
 .sbss          0x000000000000ad7c        0x8 ../sRamEclipse_bsp/\libhal_bsp.a(alt_tick.o)
                0x000000000000ad7c                _alt_tick_rate
                0x000000000000ad80                _alt_nticks
 *(.sbss2 .sbss2.* .gnu.linkonce.sb2.*)
 *(.scommon)
                0x000000000000ad84                PROVIDE (__sbss_end, ABSOLUTE (.))
                0x000000000000ad84                PROVIDE (___sbss_end, ABSOLUTE (.))
 *(.dynbss)
 *(.bss .bss.* .gnu.linkonce.b.*)
 .bss           0x000000000000ad84        0x0 ../sRamEclipse_bsp//obj/HAL/src/crt0.o
 .bss           0x000000000000ad84        0x0 obj/default/count_binary.o
 .bss           0x000000000000ad84        0x0 c:/altera_lite/15.1/nios2eds/bin/gnu/h-x86_64-mingw32/bin/../lib/gcc/nios2-elf/4.9.2/../../../../../H-x86_64-mingw32/nios2-elf/lib/mno-hw-mul\libsmallc.a(lib_a-printf.o)
 .bss           0x000000000000ad84        0x0 c:/altera_lite/15.1/nios2eds/bin/gnu/h-x86_64-mingw32/bin/../lib/gcc/nios2-elf/4.9.2/../../../../../H-x86_64-mingw32/nios2-elf/lib/mno-hw-mul\libsmallc.a(lib_a-vfprintf.o)
 .bss           0x000000000000ad84        0x0 c:/altera_lite/15.1/nios2eds/bin/gnu/h-x86_64-mingw32/bin/../lib/gcc/nios2-elf/4.9.2/../../../../../H-x86_64-mingw32/nios2-elf/lib/mno-hw-mul\libsmallc.a(lib_a-fvwrite_small_dev.o)
 .bss           0x000000000000ad84        0x0 c:/altera_lite/15.1/nios2eds/bin/gnu/h-x86_64-mingw32/bin/../lib/gcc/nios2-elf/4.9.2/../../../../../H-x86_64-mingw32/nios2-elf/lib/mno-hw-mul\libsmallc.a(lib_a-impure.o)
 .bss           0x000000000000ad84        0x0 c:/altera_lite/15.1/nios2eds/bin/gnu/h-x86_64-mingw32/bin/../lib/gcc/nios2-elf/4.9.2/../../../../../H-x86_64-mingw32/nios2-elf/lib/mno-hw-mul\libsmallc.a(lib_a-strlen.o)
 .bss           0x000000000000ad84        0x0 c:/altera_lite/15.1/nios2eds/bin/gnu/h-x86_64-mingw32/bin/../lib/gcc/nios2-elf/4.9.2/../../../../../H-x86_64-mingw32/nios2-elf/lib/mno-hw-mul\libsmallc.a(lib_a-writer.o)
 .bss           0x000000000000ad84        0x0 c:/altera_lite/15.1/nios2eds/bin/gnu/h-x86_64-mingw32/bin/../lib/gcc/nios2-elf/4.9.2/../../../../../H-x86_64-mingw32/nios2-elf/lib/mno-hw-mul\libsmallc.a(lib_a-int_errno.o)
 .bss           0x000000000000ad84        0x0 c:/altera_lite/15.1/nios2eds/bin/gnu/h-x86_64-mingw32/bin/../lib/gcc/nios2-elf/4.9.2/mno-hw-mul\libgcc.a(lib2-divmod.o)
 .bss           0x000000000000ad84        0x0 c:/altera_lite/15.1/nios2eds/bin/gnu/h-x86_64-mingw32/bin/../lib/gcc/nios2-elf/4.9.2/mno-hw-mul\libgcc.a(lib2-mul.o)
 .bss           0x000000000000ad84        0x0 ../sRamEclipse_bsp/\libhal_bsp.a(alt_load.o)
 .bss           0x000000000000ad84        0x0 ../sRamEclipse_bsp/\libhal_bsp.a(alt_main.o)
 .bss           0x000000000000ad84        0x0 ../sRamEclipse_bsp/\libhal_bsp.a(alt_putchar.o)
 .bss           0x000000000000ad84        0x0 ../sRamEclipse_bsp/\libhal_bsp.a(alt_putstr.o)
 .bss           0x000000000000ad84        0x0 ../sRamEclipse_bsp/\libhal_bsp.a(alt_read.o)
 .bss           0x000000000000ad84        0x0 ../sRamEclipse_bsp/\libhal_bsp.a(alt_sys_init.o)
 .bss           0x000000000000ad84        0x0 ../sRamEclipse_bsp/\libhal_bsp.a(altera_avalon_jtag_uart_fd.o)
 .bss           0x000000000000ad84        0x0 ../sRamEclipse_bsp/\libhal_bsp.a(altera_avalon_jtag_uart_read.o)
 .bss           0x000000000000ad84        0x0 ../sRamEclipse_bsp/\libhal_bsp.a(altera_avalon_jtag_uart_write.o)
 .bss           0x000000000000ad84        0x0 ../sRamEclipse_bsp/\libhal_bsp.a(altera_avalon_timer_sc.o)
 .bss           0x000000000000ad84        0x0 ../sRamEclipse_bsp/\libhal_bsp.a(alt_close.o)
 .bss           0x000000000000ad84        0x0 ../sRamEclipse_bsp/\libhal_bsp.a(alt_dcache_flush_all.o)
 .bss           0x000000000000ad84        0x0 ../sRamEclipse_bsp/\libhal_bsp.a(alt_dev.o)
 .bss           0x000000000000ad84        0x0 ../sRamEclipse_bsp/\libhal_bsp.a(alt_dev_llist_insert.o)
 .bss           0x000000000000ad84        0x0 ../sRamEclipse_bsp/\libhal_bsp.a(alt_errno.o)
 .bss           0x000000000000ad84        0x0 ../sRamEclipse_bsp/\libhal_bsp.a(alt_icache_flush_all.o)
 .bss           0x000000000000ad84        0x0 ../sRamEclipse_bsp/\libhal_bsp.a(alt_iic.o)
 .bss           0x000000000000ad84        0x0 ../sRamEclipse_bsp/\libhal_bsp.a(alt_iic_isr_register.o)
 .bss           0x000000000000ad84        0x0 ../sRamEclipse_bsp/\libhal_bsp.a(alt_io_redirect.o)
 .bss           0x000000000000ad84        0x0 ../sRamEclipse_bsp/\libhal_bsp.a(alt_irq_entry.o)
 .bss           0x000000000000ad84        0x0 ../sRamEclipse_bsp/\libhal_bsp.a(alt_irq_handler.o)
 .bss           0x000000000000ad84        0x0 ../sRamEclipse_bsp/\libhal_bsp.a(alt_irq_vars.o)
 .bss           0x000000000000ad84        0x0 ../sRamEclipse_bsp/\libhal_bsp.a(alt_open.o)
 .bss           0x000000000000ad84        0x0 ../sRamEclipse_bsp/\libhal_bsp.a(alt_release_fd.o)
 .bss           0x000000000000ad84        0x0 ../sRamEclipse_bsp/\libhal_bsp.a(alt_tick.o)
 .bss           0x000000000000ad84        0x0 ../sRamEclipse_bsp/\libhal_bsp.a(altera_nios2_qsys_irq.o)
 .bss           0x000000000000ad84        0x0 ../sRamEclipse_bsp/\libhal_bsp.a(alt_exception_entry.o)
 .bss           0x000000000000ad84        0x0 ../sRamEclipse_bsp/\libhal_bsp.a(alt_find_dev.o)
 .bss           0x000000000000ad84        0x0 ../sRamEclipse_bsp/\libhal_bsp.a(alt_find_file.o)
 .bss           0x000000000000ad84        0x0 ../sRamEclipse_bsp/\libhal_bsp.a(alt_get_fd.o)
 .bss           0x000000000000ad84        0x0 ../sRamEclipse_bsp/\libhal_bsp.a(alt_icache_flush.o)
 .bss           0x000000000000ad84        0x0 c:/altera_lite/15.1/nios2eds/bin/gnu/h-x86_64-mingw32/bin/../lib/gcc/nios2-elf/4.9.2/../../../../../H-x86_64-mingw32/nios2-elf/lib/mno-hw-mul\libsmallc.a(lib_a-exit.o)
 .bss           0x000000000000ad84        0x0 c:/altera_lite/15.1/nios2eds/bin/gnu/h-x86_64-mingw32/bin/../lib/gcc/nios2-elf/4.9.2/../../../../../H-x86_64-mingw32/nios2-elf/lib/mno-hw-mul\libsmallc.a(lib_a-fputs.o)
 .bss           0x000000000000ad84        0x0 c:/altera_lite/15.1/nios2eds/bin/gnu/h-x86_64-mingw32/bin/../lib/gcc/nios2-elf/4.9.2/../../../../../H-x86_64-mingw32/nios2-elf/lib/mno-hw-mul\libsmallc.a(lib_a-memcmp.o)
 .bss           0x000000000000ad84        0x0 c:/altera_lite/15.1/nios2eds/bin/gnu/h-x86_64-mingw32/bin/../lib/gcc/nios2-elf/4.9.2/../../../../../H-x86_64-mingw32/nios2-elf/lib/mno-hw-mul\libsmallc.a(lib_a-putc.o)
 .bss           0x000000000000ad84        0x0 c:/altera_lite/15.1/nios2eds/bin/gnu/h-x86_64-mingw32/bin/../lib/gcc/nios2-elf/4.9.2/../../../../../H-x86_64-mingw32/nios2-elf/lib/mno-hw-mul\libsmallc.a(lib_a-__call_atexit.o)
 .bss           0x000000000000ad84        0x0 ../sRamEclipse_bsp/\libhal_bsp.a(alt_exit.o)
 *(COMMON)
 COMMON         0x000000000000ad84      0x100 ../sRamEclipse_bsp/\libhal_bsp.a(alt_irq_handler.o)
                0x000000000000ad84                alt_irq
                0x000000000000ae84                . = ALIGN (0x4)
                0x000000000000ae84                __bss_end = ABSOLUTE (.)

.onchip_mem     0x000000000000ae84        0x0
                0x000000000000ae84                PROVIDE (_alt_partition_onchip_mem_start, ABSOLUTE (.))
 *(.onchip_mem .onchip_mem. onchip_mem.*)
                0x000000000000ae84                . = ALIGN (0x4)
                0x000000000000ae84                PROVIDE (_alt_partition_onchip_mem_end, ABSOLUTE (.))
                0x000000000000ae84                _end = ABSOLUTE (.)
                0x000000000000ae84                end = ABSOLUTE (.)
                0x000000000000ae84                __alt_stack_base = ABSOLUTE (.)
                0x000000000000ae84                PROVIDE (_alt_partition_onchip_mem_load_addr, LOADADDR (.onchip_mem))

.stab
 *(.stab)

.stabstr
 *(.stabstr)

.stab.excl
 *(.stab.excl)

.stab.exclstr
 *(.stab.exclstr)

.stab.index
 *(.stab.index)

.stab.indexstr
 *(.stab.indexstr)

.comment        0x0000000000000000       0x23
 *(.comment)
 .comment       0x0000000000000000       0x23 obj/default/count_binary.o
                                         0x24 (size before relaxing)
 .comment       0x0000000000000000       0x24 c:/altera_lite/15.1/nios2eds/bin/gnu/h-x86_64-mingw32/bin/../lib/gcc/nios2-elf/4.9.2/../../../../../H-x86_64-mingw32/nios2-elf/lib/mno-hw-mul\libsmallc.a(lib_a-printf.o)
 .comment       0x0000000000000000       0x24 c:/altera_lite/15.1/nios2eds/bin/gnu/h-x86_64-mingw32/bin/../lib/gcc/nios2-elf/4.9.2/../../../../../H-x86_64-mingw32/nios2-elf/lib/mno-hw-mul\libsmallc.a(lib_a-vfprintf.o)
 .comment       0x0000000000000000       0x24 c:/altera_lite/15.1/nios2eds/bin/gnu/h-x86_64-mingw32/bin/../lib/gcc/nios2-elf/4.9.2/../../../../../H-x86_64-mingw32/nios2-elf/lib/mno-hw-mul\libsmallc.a(lib_a-fvwrite_small_dev.o)
 .comment       0x0000000000000000       0x24 c:/altera_lite/15.1/nios2eds/bin/gnu/h-x86_64-mingw32/bin/../lib/gcc/nios2-elf/4.9.2/../../../../../H-x86_64-mingw32/nios2-elf/lib/mno-hw-mul\libsmallc.a(lib_a-impure.o)
 .comment       0x0000000000000000       0x24 c:/altera_lite/15.1/nios2eds/bin/gnu/h-x86_64-mingw32/bin/../lib/gcc/nios2-elf/4.9.2/../../../../../H-x86_64-mingw32/nios2-elf/lib/mno-hw-mul\libsmallc.a(lib_a-strlen.o)
 .comment       0x0000000000000000       0x24 c:/altera_lite/15.1/nios2eds/bin/gnu/h-x86_64-mingw32/bin/../lib/gcc/nios2-elf/4.9.2/../../../../../H-x86_64-mingw32/nios2-elf/lib/mno-hw-mul\libsmallc.a(lib_a-writer.o)
 .comment       0x0000000000000000       0x24 c:/altera_lite/15.1/nios2eds/bin/gnu/h-x86_64-mingw32/bin/../lib/gcc/nios2-elf/4.9.2/../../../../../H-x86_64-mingw32/nios2-elf/lib/mno-hw-mul\libsmallc.a(lib_a-int_errno.o)
 .comment       0x0000000000000000       0x24 c:/altera_lite/15.1/nios2eds/bin/gnu/h-x86_64-mingw32/bin/../lib/gcc/nios2-elf/4.9.2/mno-hw-mul\libgcc.a(lib2-divmod.o)
 .comment       0x0000000000000000       0x24 c:/altera_lite/15.1/nios2eds/bin/gnu/h-x86_64-mingw32/bin/../lib/gcc/nios2-elf/4.9.2/mno-hw-mul\libgcc.a(lib2-mul.o)
 .comment       0x0000000000000000       0x24 ../sRamEclipse_bsp/\libhal_bsp.a(alt_load.o)
 .comment       0x0000000000000000       0x24 ../sRamEclipse_bsp/\libhal_bsp.a(alt_main.o)
 .comment       0x0000000000000000       0x24 ../sRamEclipse_bsp/\libhal_bsp.a(alt_putchar.o)
 .comment       0x0000000000000000       0x24 ../sRamEclipse_bsp/\libhal_bsp.a(alt_putstr.o)
 .comment       0x0000000000000000       0x24 ../sRamEclipse_bsp/\libhal_bsp.a(alt_read.o)
 .comment       0x0000000000000000       0x24 ../sRamEclipse_bsp/\libhal_bsp.a(alt_sys_init.o)
 .comment       0x0000000000000000       0x24 ../sRamEclipse_bsp/\libhal_bsp.a(altera_avalon_jtag_uart_fd.o)
 .comment       0x0000000000000000       0x24 ../sRamEclipse_bsp/\libhal_bsp.a(altera_avalon_jtag_uart_read.o)
 .comment       0x0000000000000000       0x24 ../sRamEclipse_bsp/\libhal_bsp.a(altera_avalon_jtag_uart_write.o)
 .comment       0x0000000000000000       0x24 ../sRamEclipse_bsp/\libhal_bsp.a(altera_avalon_timer_sc.o)
 .comment       0x0000000000000000       0x24 ../sRamEclipse_bsp/\libhal_bsp.a(alt_close.o)
 .comment       0x0000000000000000       0x24 ../sRamEclipse_bsp/\libhal_bsp.a(alt_dcache_flush_all.o)
 .comment       0x0000000000000000       0x24 ../sRamEclipse_bsp/\libhal_bsp.a(alt_dev.o)
 .comment       0x0000000000000000       0x24 ../sRamEclipse_bsp/\libhal_bsp.a(alt_dev_llist_insert.o)
 .comment       0x0000000000000000       0x24 ../sRamEclipse_bsp/\libhal_bsp.a(alt_errno.o)
 .comment       0x0000000000000000       0x24 ../sRamEclipse_bsp/\libhal_bsp.a(alt_icache_flush_all.o)
 .comment       0x0000000000000000       0x24 ../sRamEclipse_bsp/\libhal_bsp.a(alt_iic.o)
 .comment       0x0000000000000000       0x24 ../sRamEclipse_bsp/\libhal_bsp.a(alt_iic_isr_register.o)
 .comment       0x0000000000000000       0x24 ../sRamEclipse_bsp/\libhal_bsp.a(alt_io_redirect.o)
 .comment       0x0000000000000000       0x24 ../sRamEclipse_bsp/\libhal_bsp.a(alt_irq_handler.o)
 .comment       0x0000000000000000       0x24 ../sRamEclipse_bsp/\libhal_bsp.a(alt_irq_vars.o)
 .comment       0x0000000000000000       0x24 ../sRamEclipse_bsp/\libhal_bsp.a(alt_open.o)
 .comment       0x0000000000000000       0x24 ../sRamEclipse_bsp/\libhal_bsp.a(alt_release_fd.o)
 .comment       0x0000000000000000       0x24 ../sRamEclipse_bsp/\libhal_bsp.a(alt_tick.o)
 .comment       0x0000000000000000       0x24 ../sRamEclipse_bsp/\libhal_bsp.a(altera_nios2_qsys_irq.o)
 .comment       0x0000000000000000       0x24 ../sRamEclipse_bsp/\libhal_bsp.a(alt_find_dev.o)
 .comment       0x0000000000000000       0x24 ../sRamEclipse_bsp/\libhal_bsp.a(alt_find_file.o)
 .comment       0x0000000000000000       0x24 ../sRamEclipse_bsp/\libhal_bsp.a(alt_get_fd.o)
 .comment       0x0000000000000000       0x24 ../sRamEclipse_bsp/\libhal_bsp.a(alt_icache_flush.o)
 .comment       0x0000000000000000       0x24 c:/altera_lite/15.1/nios2eds/bin/gnu/h-x86_64-mingw32/bin/../lib/gcc/nios2-elf/4.9.2/../../../../../H-x86_64-mingw32/nios2-elf/lib/mno-hw-mul\libsmallc.a(lib_a-exit.o)
 .comment       0x0000000000000000       0x24 c:/altera_lite/15.1/nios2eds/bin/gnu/h-x86_64-mingw32/bin/../lib/gcc/nios2-elf/4.9.2/../../../../../H-x86_64-mingw32/nios2-elf/lib/mno-hw-mul\libsmallc.a(lib_a-fputs.o)
 .comment       0x0000000000000000       0x24 c:/altera_lite/15.1/nios2eds/bin/gnu/h-x86_64-mingw32/bin/../lib/gcc/nios2-elf/4.9.2/../../../../../H-x86_64-mingw32/nios2-elf/lib/mno-hw-mul\libsmallc.a(lib_a-memcmp.o)
 .comment       0x0000000000000000       0x24 c:/altera_lite/15.1/nios2eds/bin/gnu/h-x86_64-mingw32/bin/../lib/gcc/nios2-elf/4.9.2/../../../../../H-x86_64-mingw32/nios2-elf/lib/mno-hw-mul\libsmallc.a(lib_a-putc.o)
 .comment       0x0000000000000000       0x24 c:/altera_lite/15.1/nios2eds/bin/gnu/h-x86_64-mingw32/bin/../lib/gcc/nios2-elf/4.9.2/../../../../../H-x86_64-mingw32/nios2-elf/lib/mno-hw-mul\libsmallc.a(lib_a-__call_atexit.o)
 .comment       0x0000000000000000       0x24 ../sRamEclipse_bsp/\libhal_bsp.a(alt_exit.o)

.debug
 *(.debug)

.line
 *(.line)

.debug_srcinfo
 *(.debug_srcinfo)

.debug_sfnames
 *(.debug_sfnames)

.debug_aranges  0x0000000000000000      0x630
 *(.debug_aranges)
 .debug_aranges
                0x0000000000000000       0x28 ../sRamEclipse_bsp//obj/HAL/src/crt0.o
 .debug_aranges
                0x0000000000000028       0x20 obj/default/count_binary.o
 .debug_aranges
                0x0000000000000048       0x28 c:/altera_lite/15.1/nios2eds/bin/gnu/h-x86_64-mingw32/bin/../lib/gcc/nios2-elf/4.9.2/../../../../../H-x86_64-mingw32/nios2-elf/lib/mno-hw-mul\libsmallc.a(lib_a-printf.o)
 .debug_aranges
                0x0000000000000070       0x30 c:/altera_lite/15.1/nios2eds/bin/gnu/h-x86_64-mingw32/bin/../lib/gcc/nios2-elf/4.9.2/../../../../../H-x86_64-mingw32/nios2-elf/lib/mno-hw-mul\libsmallc.a(lib_a-vfprintf.o)
 .debug_aranges
                0x00000000000000a0       0x20 c:/altera_lite/15.1/nios2eds/bin/gnu/h-x86_64-mingw32/bin/../lib/gcc/nios2-elf/4.9.2/../../../../../H-x86_64-mingw32/nios2-elf/lib/mno-hw-mul\libsmallc.a(lib_a-fvwrite_small_dev.o)
 .debug_aranges
                0x00000000000000c0       0x18 c:/altera_lite/15.1/nios2eds/bin/gnu/h-x86_64-mingw32/bin/../lib/gcc/nios2-elf/4.9.2/../../../../../H-x86_64-mingw32/nios2-elf/lib/mno-hw-mul\libsmallc.a(lib_a-impure.o)
 .debug_aranges
                0x00000000000000d8       0x20 c:/altera_lite/15.1/nios2eds/bin/gnu/h-x86_64-mingw32/bin/../lib/gcc/nios2-elf/4.9.2/../../../../../H-x86_64-mingw32/nios2-elf/lib/mno-hw-mul\libsmallc.a(lib_a-strlen.o)
 .debug_aranges
                0x00000000000000f8       0x20 c:/altera_lite/15.1/nios2eds/bin/gnu/h-x86_64-mingw32/bin/../lib/gcc/nios2-elf/4.9.2/../../../../../H-x86_64-mingw32/nios2-elf/lib/mno-hw-mul\libsmallc.a(lib_a-writer.o)
 .debug_aranges
                0x0000000000000118       0x18 c:/altera_lite/15.1/nios2eds/bin/gnu/h-x86_64-mingw32/bin/../lib/gcc/nios2-elf/4.9.2/../../../../../H-x86_64-mingw32/nios2-elf/lib/mno-hw-mul\libsmallc.a(lib_a-int_errno.o)
 .debug_aranges
                0x0000000000000130       0x20 c:/altera_lite/15.1/nios2eds/bin/gnu/h-x86_64-mingw32/bin/../lib/gcc/nios2-elf/4.9.2/mno-hw-mul\libgcc.a(lib2-divmod.o)
 .debug_aranges
                0x0000000000000150       0x20 c:/altera_lite/15.1/nios2eds/bin/gnu/h-x86_64-mingw32/bin/../lib/gcc/nios2-elf/4.9.2/mno-hw-mul\libgcc.a(lib2-mul.o)
 .debug_aranges
                0x0000000000000170       0x20 ../sRamEclipse_bsp/\libhal_bsp.a(alt_load.o)
 .debug_aranges
                0x0000000000000190       0x20 ../sRamEclipse_bsp/\libhal_bsp.a(alt_main.o)
 .debug_aranges
                0x00000000000001b0       0x20 ../sRamEclipse_bsp/\libhal_bsp.a(alt_putchar.o)
 .debug_aranges
                0x00000000000001d0       0x20 ../sRamEclipse_bsp/\libhal_bsp.a(alt_putstr.o)
 .debug_aranges
                0x00000000000001f0       0x20 ../sRamEclipse_bsp/\libhal_bsp.a(alt_read.o)
 .debug_aranges
                0x0000000000000210       0x20 ../sRamEclipse_bsp/\libhal_bsp.a(alt_sys_init.o)
 .debug_aranges
                0x0000000000000230       0x20 ../sRamEclipse_bsp/\libhal_bsp.a(altera_avalon_jtag_uart_fd.o)
 .debug_aranges
                0x0000000000000250       0x20 ../sRamEclipse_bsp/\libhal_bsp.a(altera_avalon_jtag_uart_read.o)
 .debug_aranges
                0x0000000000000270       0x20 ../sRamEclipse_bsp/\libhal_bsp.a(altera_avalon_jtag_uart_write.o)
 .debug_aranges
                0x0000000000000290       0x20 ../sRamEclipse_bsp/\libhal_bsp.a(altera_avalon_timer_sc.o)
 .debug_aranges
                0x00000000000002b0       0x20 ../sRamEclipse_bsp/\libhal_bsp.a(alt_close.o)
 .debug_aranges
                0x00000000000002d0       0x20 ../sRamEclipse_bsp/\libhal_bsp.a(alt_dcache_flush_all.o)
 .debug_aranges
                0x00000000000002f0       0x20 ../sRamEclipse_bsp/\libhal_bsp.a(alt_dev.o)
 .debug_aranges
                0x0000000000000310       0x20 ../sRamEclipse_bsp/\libhal_bsp.a(alt_dev_llist_insert.o)
 .debug_aranges
                0x0000000000000330       0x18 ../sRamEclipse_bsp/\libhal_bsp.a(alt_errno.o)
 .debug_aranges
                0x0000000000000348       0x20 ../sRamEclipse_bsp/\libhal_bsp.a(alt_icache_flush_all.o)
 .debug_aranges
                0x0000000000000368       0x20 ../sRamEclipse_bsp/\libhal_bsp.a(alt_iic.o)
 .debug_aranges
                0x0000000000000388       0x20 ../sRamEclipse_bsp/\libhal_bsp.a(alt_iic_isr_register.o)
 .debug_aranges
                0x00000000000003a8       0x20 ../sRamEclipse_bsp/\libhal_bsp.a(alt_io_redirect.o)
 .debug_aranges
                0x00000000000003c8       0x30 ../sRamEclipse_bsp/\libhal_bsp.a(alt_irq_entry.o)
 .debug_aranges
                0x00000000000003f8       0x20 ../sRamEclipse_bsp/\libhal_bsp.a(alt_irq_handler.o)
 .debug_aranges
                0x0000000000000418       0x18 ../sRamEclipse_bsp/\libhal_bsp.a(alt_irq_vars.o)
 .debug_aranges
                0x0000000000000430       0x20 ../sRamEclipse_bsp/\libhal_bsp.a(alt_open.o)
 .debug_aranges
                0x0000000000000450       0x20 ../sRamEclipse_bsp/\libhal_bsp.a(alt_release_fd.o)
 .debug_aranges
                0x0000000000000470       0x20 ../sRamEclipse_bsp/\libhal_bsp.a(alt_tick.o)
 .debug_aranges
                0x0000000000000490       0x20 ../sRamEclipse_bsp/\libhal_bsp.a(altera_nios2_qsys_irq.o)
 .debug_aranges
                0x00000000000004b0       0x38 ../sRamEclipse_bsp/\libhal_bsp.a(alt_exception_entry.o)
 .debug_aranges
                0x00000000000004e8       0x20 ../sRamEclipse_bsp/\libhal_bsp.a(alt_find_dev.o)
 .debug_aranges
                0x0000000000000508       0x20 ../sRamEclipse_bsp/\libhal_bsp.a(alt_find_file.o)
 .debug_aranges
                0x0000000000000528       0x20 ../sRamEclipse_bsp/\libhal_bsp.a(alt_get_fd.o)
 .debug_aranges
                0x0000000000000548       0x20 ../sRamEclipse_bsp/\libhal_bsp.a(alt_icache_flush.o)
 .debug_aranges
                0x0000000000000568       0x20 c:/altera_lite/15.1/nios2eds/bin/gnu/h-x86_64-mingw32/bin/../lib/gcc/nios2-elf/4.9.2/../../../../../H-x86_64-mingw32/nios2-elf/lib/mno-hw-mul\libsmallc.a(lib_a-exit.o)
 .debug_aranges
                0x0000000000000588       0x20 c:/altera_lite/15.1/nios2eds/bin/gnu/h-x86_64-mingw32/bin/../lib/gcc/nios2-elf/4.9.2/../../../../../H-x86_64-mingw32/nios2-elf/lib/mno-hw-mul\libsmallc.a(lib_a-fputs.o)
 .debug_aranges
                0x00000000000005a8       0x20 c:/altera_lite/15.1/nios2eds/bin/gnu/h-x86_64-mingw32/bin/../lib/gcc/nios2-elf/4.9.2/../../../../../H-x86_64-mingw32/nios2-elf/lib/mno-hw-mul\libsmallc.a(lib_a-memcmp.o)
 .debug_aranges
                0x00000000000005c8       0x28 c:/altera_lite/15.1/nios2eds/bin/gnu/h-x86_64-mingw32/bin/../lib/gcc/nios2-elf/4.9.2/../../../../../H-x86_64-mingw32/nios2-elf/lib/mno-hw-mul\libsmallc.a(lib_a-putc.o)
 .debug_aranges
                0x00000000000005f0       0x20 c:/altera_lite/15.1/nios2eds/bin/gnu/h-x86_64-mingw32/bin/../lib/gcc/nios2-elf/4.9.2/../../../../../H-x86_64-mingw32/nios2-elf/lib/mno-hw-mul\libsmallc.a(lib_a-__call_atexit.o)
 .debug_aranges
                0x0000000000000610       0x20 ../sRamEclipse_bsp/\libhal_bsp.a(alt_exit.o)

.debug_pubnames
 *(.debug_pubnames)

.debug_info     0x0000000000000000     0x90a3
 *(.debug_info .gnu.linkonce.wi.*)
 .debug_info    0x0000000000000000       0x7f ../sRamEclipse_bsp//obj/HAL/src/crt0.o
 .debug_info    0x000000000000007f      0x194 obj/default/count_binary.o
 .debug_info    0x0000000000000213      0x6c7 c:/altera_lite/15.1/nios2eds/bin/gnu/h-x86_64-mingw32/bin/../lib/gcc/nios2-elf/4.9.2/../../../../../H-x86_64-mingw32/nios2-elf/lib/mno-hw-mul\libsmallc.a(lib_a-printf.o)
 .debug_info    0x00000000000008da      0xb38 c:/altera_lite/15.1/nios2eds/bin/gnu/h-x86_64-mingw32/bin/../lib/gcc/nios2-elf/4.9.2/../../../../../H-x86_64-mingw32/nios2-elf/lib/mno-hw-mul\libsmallc.a(lib_a-vfprintf.o)
 .debug_info    0x0000000000001412      0x656 c:/altera_lite/15.1/nios2eds/bin/gnu/h-x86_64-mingw32/bin/../lib/gcc/nios2-elf/4.9.2/../../../../../H-x86_64-mingw32/nios2-elf/lib/mno-hw-mul\libsmallc.a(lib_a-fvwrite_small_dev.o)
 .debug_info    0x0000000000001a68      0x5a7 c:/altera_lite/15.1/nios2eds/bin/gnu/h-x86_64-mingw32/bin/../lib/gcc/nios2-elf/4.9.2/../../../../../H-x86_64-mingw32/nios2-elf/lib/mno-hw-mul\libsmallc.a(lib_a-impure.o)
 .debug_info    0x000000000000200f       0xc2 c:/altera_lite/15.1/nios2eds/bin/gnu/h-x86_64-mingw32/bin/../lib/gcc/nios2-elf/4.9.2/../../../../../H-x86_64-mingw32/nios2-elf/lib/mno-hw-mul\libsmallc.a(lib_a-strlen.o)
 .debug_info    0x00000000000020d1      0x639 c:/altera_lite/15.1/nios2eds/bin/gnu/h-x86_64-mingw32/bin/../lib/gcc/nios2-elf/4.9.2/../../../../../H-x86_64-mingw32/nios2-elf/lib/mno-hw-mul\libsmallc.a(lib_a-writer.o)
 .debug_info    0x000000000000270a       0x83 c:/altera_lite/15.1/nios2eds/bin/gnu/h-x86_64-mingw32/bin/../lib/gcc/nios2-elf/4.9.2/../../../../../H-x86_64-mingw32/nios2-elf/lib/mno-hw-mul\libsmallc.a(lib_a-int_errno.o)
 .debug_info    0x000000000000278d      0x234 c:/altera_lite/15.1/nios2eds/bin/gnu/h-x86_64-mingw32/bin/../lib/gcc/nios2-elf/4.9.2/mno-hw-mul\libgcc.a(lib2-divmod.o)
 .debug_info    0x00000000000029c1       0xb4 c:/altera_lite/15.1/nios2eds/bin/gnu/h-x86_64-mingw32/bin/../lib/gcc/nios2-elf/4.9.2/mno-hw-mul\libgcc.a(lib2-mul.o)
 .debug_info    0x0000000000002a75      0x13e ../sRamEclipse_bsp/\libhal_bsp.a(alt_load.o)
 .debug_info    0x0000000000002bb3      0x12a ../sRamEclipse_bsp/\libhal_bsp.a(alt_main.o)
 .debug_info    0x0000000000002cdd      0x89f ../sRamEclipse_bsp/\libhal_bsp.a(alt_putchar.o)
 .debug_info    0x000000000000357c      0x8a1 ../sRamEclipse_bsp/\libhal_bsp.a(alt_putstr.o)
 .debug_info    0x0000000000003e1d      0x4a9 ../sRamEclipse_bsp/\libhal_bsp.a(alt_read.o)
 .debug_info    0x00000000000042c6      0x3d8 ../sRamEclipse_bsp/\libhal_bsp.a(alt_sys_init.o)
 .debug_info    0x000000000000469e      0x3a0 ../sRamEclipse_bsp/\libhal_bsp.a(altera_avalon_jtag_uart_fd.o)
 .debug_info    0x0000000000004a3e      0x1af ../sRamEclipse_bsp/\libhal_bsp.a(altera_avalon_jtag_uart_read.o)
 .debug_info    0x0000000000004bed      0x18e ../sRamEclipse_bsp/\libhal_bsp.a(altera_avalon_jtag_uart_write.o)
 .debug_info    0x0000000000004d7b      0x21f ../sRamEclipse_bsp/\libhal_bsp.a(altera_avalon_timer_sc.o)
 .debug_info    0x0000000000004f9a      0x31a ../sRamEclipse_bsp/\libhal_bsp.a(alt_close.o)
 .debug_info    0x00000000000052b4       0x8b ../sRamEclipse_bsp/\libhal_bsp.a(alt_dcache_flush_all.o)
 .debug_info    0x000000000000533f      0x495 ../sRamEclipse_bsp/\libhal_bsp.a(alt_dev.o)
 .debug_info    0x00000000000057d4      0x1a2 ../sRamEclipse_bsp/\libhal_bsp.a(alt_dev_llist_insert.o)
 .debug_info    0x0000000000005976       0x9f ../sRamEclipse_bsp/\libhal_bsp.a(alt_errno.o)
 .debug_info    0x0000000000005a15       0x8b ../sRamEclipse_bsp/\libhal_bsp.a(alt_icache_flush_all.o)
 .debug_info    0x0000000000005aa0      0x349 ../sRamEclipse_bsp/\libhal_bsp.a(alt_iic.o)
 .debug_info    0x0000000000005de9      0x1e8 ../sRamEclipse_bsp/\libhal_bsp.a(alt_iic_isr_register.o)
 .debug_info    0x0000000000005fd1      0x49e ../sRamEclipse_bsp/\libhal_bsp.a(alt_io_redirect.o)
 .debug_info    0x000000000000646f       0x88 ../sRamEclipse_bsp/\libhal_bsp.a(alt_irq_entry.o)
 .debug_info    0x00000000000064f7      0x180 ../sRamEclipse_bsp/\libhal_bsp.a(alt_irq_handler.o)
 .debug_info    0x0000000000006677       0x88 ../sRamEclipse_bsp/\libhal_bsp.a(alt_irq_vars.o)
 .debug_info    0x00000000000066ff      0x3b4 ../sRamEclipse_bsp/\libhal_bsp.a(alt_open.o)
 .debug_info    0x0000000000006ab3      0x2b0 ../sRamEclipse_bsp/\libhal_bsp.a(alt_release_fd.o)
 .debug_info    0x0000000000006d63      0x292 ../sRamEclipse_bsp/\libhal_bsp.a(alt_tick.o)
 .debug_info    0x0000000000006ff5       0x8b ../sRamEclipse_bsp/\libhal_bsp.a(altera_nios2_qsys_irq.o)
 .debug_info    0x0000000000007080       0x8e ../sRamEclipse_bsp/\libhal_bsp.a(alt_exception_entry.o)
 .debug_info    0x000000000000710e      0x2e2 ../sRamEclipse_bsp/\libhal_bsp.a(alt_find_dev.o)
 .debug_info    0x00000000000073f0      0x2df ../sRamEclipse_bsp/\libhal_bsp.a(alt_find_file.o)
 .debug_info    0x00000000000076cf      0x309 ../sRamEclipse_bsp/\libhal_bsp.a(alt_get_fd.o)
 .debug_info    0x00000000000079d8       0xd5 ../sRamEclipse_bsp/\libhal_bsp.a(alt_icache_flush.o)
 .debug_info    0x0000000000007aad       0xed c:/altera_lite/15.1/nios2eds/bin/gnu/h-x86_64-mingw32/bin/../lib/gcc/nios2-elf/4.9.2/../../../../../H-x86_64-mingw32/nios2-elf/lib/mno-hw-mul\libsmallc.a(lib_a-exit.o)
 .debug_info    0x0000000000007b9a      0x638 c:/altera_lite/15.1/nios2eds/bin/gnu/h-x86_64-mingw32/bin/../lib/gcc/nios2-elf/4.9.2/../../../../../H-x86_64-mingw32/nios2-elf/lib/mno-hw-mul\libsmallc.a(lib_a-fputs.o)
 .debug_info    0x00000000000081d2       0xed c:/altera_lite/15.1/nios2eds/bin/gnu/h-x86_64-mingw32/bin/../lib/gcc/nios2-elf/4.9.2/../../../../../H-x86_64-mingw32/nios2-elf/lib/mno-hw-mul\libsmallc.a(lib_a-memcmp.o)
 .debug_info    0x00000000000082bf      0x680 c:/altera_lite/15.1/nios2eds/bin/gnu/h-x86_64-mingw32/bin/../lib/gcc/nios2-elf/4.9.2/../../../../../H-x86_64-mingw32/nios2-elf/lib/mno-hw-mul\libsmallc.a(lib_a-putc.o)
 .debug_info    0x000000000000893f      0x67f c:/altera_lite/15.1/nios2eds/bin/gnu/h-x86_64-mingw32/bin/../lib/gcc/nios2-elf/4.9.2/../../../../../H-x86_64-mingw32/nios2-elf/lib/mno-hw-mul\libsmallc.a(lib_a-__call_atexit.o)
 .debug_info    0x0000000000008fbe       0xe5 ../sRamEclipse_bsp/\libhal_bsp.a(alt_exit.o)

.debug_abbrev   0x0000000000000000     0x2f7d
 *(.debug_abbrev)
 .debug_abbrev  0x0000000000000000       0x12 ../sRamEclipse_bsp//obj/HAL/src/crt0.o
 .debug_abbrev  0x0000000000000012      0x110 obj/default/count_binary.o
 .debug_abbrev  0x0000000000000122      0x1fe c:/altera_lite/15.1/nios2eds/bin/gnu/h-x86_64-mingw32/bin/../lib/gcc/nios2-elf/4.9.2/../../../../../H-x86_64-mingw32/nios2-elf/lib/mno-hw-mul\libsmallc.a(lib_a-printf.o)
 .debug_abbrev  0x0000000000000320      0x2a1 c:/altera_lite/15.1/nios2eds/bin/gnu/h-x86_64-mingw32/bin/../lib/gcc/nios2-elf/4.9.2/../../../../../H-x86_64-mingw32/nios2-elf/lib/mno-hw-mul\libsmallc.a(lib_a-vfprintf.o)
 .debug_abbrev  0x00000000000005c1      0x1c3 c:/altera_lite/15.1/nios2eds/bin/gnu/h-x86_64-mingw32/bin/../lib/gcc/nios2-elf/4.9.2/../../../../../H-x86_64-mingw32/nios2-elf/lib/mno-hw-mul\libsmallc.a(lib_a-fvwrite_small_dev.o)
 .debug_abbrev  0x0000000000000784      0x14a c:/altera_lite/15.1/nios2eds/bin/gnu/h-x86_64-mingw32/bin/../lib/gcc/nios2-elf/4.9.2/../../../../../H-x86_64-mingw32/nios2-elf/lib/mno-hw-mul\libsmallc.a(lib_a-impure.o)
 .debug_abbrev  0x00000000000008ce       0x7f c:/altera_lite/15.1/nios2eds/bin/gnu/h-x86_64-mingw32/bin/../lib/gcc/nios2-elf/4.9.2/../../../../../H-x86_64-mingw32/nios2-elf/lib/mno-hw-mul\libsmallc.a(lib_a-strlen.o)
 .debug_abbrev  0x000000000000094d      0x1a8 c:/altera_lite/15.1/nios2eds/bin/gnu/h-x86_64-mingw32/bin/../lib/gcc/nios2-elf/4.9.2/../../../../../H-x86_64-mingw32/nios2-elf/lib/mno-hw-mul\libsmallc.a(lib_a-writer.o)
 .debug_abbrev  0x0000000000000af5       0x37 c:/altera_lite/15.1/nios2eds/bin/gnu/h-x86_64-mingw32/bin/../lib/gcc/nios2-elf/4.9.2/../../../../../H-x86_64-mingw32/nios2-elf/lib/mno-hw-mul\libsmallc.a(lib_a-int_errno.o)
 .debug_abbrev  0x0000000000000b2c       0xd9 c:/altera_lite/15.1/nios2eds/bin/gnu/h-x86_64-mingw32/bin/../lib/gcc/nios2-elf/4.9.2/mno-hw-mul\libgcc.a(lib2-divmod.o)
 .debug_abbrev  0x0000000000000c05       0x6f c:/altera_lite/15.1/nios2eds/bin/gnu/h-x86_64-mingw32/bin/../lib/gcc/nios2-elf/4.9.2/mno-hw-mul\libgcc.a(lib2-mul.o)
 .debug_abbrev  0x0000000000000c74       0x9f ../sRamEclipse_bsp/\libhal_bsp.a(alt_load.o)
 .debug_abbrev  0x0000000000000d13       0xba ../sRamEclipse_bsp/\libhal_bsp.a(alt_main.o)
 .debug_abbrev  0x0000000000000dcd      0x1af ../sRamEclipse_bsp/\libhal_bsp.a(alt_putchar.o)
 .debug_abbrev  0x0000000000000f7c      0x1af ../sRamEclipse_bsp/\libhal_bsp.a(alt_putstr.o)
 .debug_abbrev  0x000000000000112b      0x12e ../sRamEclipse_bsp/\libhal_bsp.a(alt_read.o)
 .debug_abbrev  0x0000000000001259      0x157 ../sRamEclipse_bsp/\libhal_bsp.a(alt_sys_init.o)
 .debug_abbrev  0x00000000000013b0       0xf7 ../sRamEclipse_bsp/\libhal_bsp.a(altera_avalon_jtag_uart_fd.o)
 .debug_abbrev  0x00000000000014a7       0xd7 ../sRamEclipse_bsp/\libhal_bsp.a(altera_avalon_jtag_uart_read.o)
 .debug_abbrev  0x000000000000157e       0xd5 ../sRamEclipse_bsp/\libhal_bsp.a(altera_avalon_jtag_uart_write.o)
 .debug_abbrev  0x0000000000001653      0x155 ../sRamEclipse_bsp/\libhal_bsp.a(altera_avalon_timer_sc.o)
 .debug_abbrev  0x00000000000017a8      0x11f ../sRamEclipse_bsp/\libhal_bsp.a(alt_close.o)
 .debug_abbrev  0x00000000000018c7       0x42 ../sRamEclipse_bsp/\libhal_bsp.a(alt_dcache_flush_all.o)
 .debug_abbrev  0x0000000000001909       0xd9 ../sRamEclipse_bsp/\libhal_bsp.a(alt_dev.o)
 .debug_abbrev  0x00000000000019e2      0x114 ../sRamEclipse_bsp/\libhal_bsp.a(alt_dev_llist_insert.o)
 .debug_abbrev  0x0000000000001af6       0x5a ../sRamEclipse_bsp/\libhal_bsp.a(alt_errno.o)
 .debug_abbrev  0x0000000000001b50       0x42 ../sRamEclipse_bsp/\libhal_bsp.a(alt_icache_flush_all.o)
 .debug_abbrev  0x0000000000001b92      0x163 ../sRamEclipse_bsp/\libhal_bsp.a(alt_iic.o)
 .debug_abbrev  0x0000000000001cf5      0x169 ../sRamEclipse_bsp/\libhal_bsp.a(alt_iic_isr_register.o)
 .debug_abbrev  0x0000000000001e5e      0x114 ../sRamEclipse_bsp/\libhal_bsp.a(alt_io_redirect.o)
 .debug_abbrev  0x0000000000001f72       0x12 ../sRamEclipse_bsp/\libhal_bsp.a(alt_irq_entry.o)
 .debug_abbrev  0x0000000000001f84      0x122 ../sRamEclipse_bsp/\libhal_bsp.a(alt_irq_handler.o)
 .debug_abbrev  0x00000000000020a6       0x40 ../sRamEclipse_bsp/\libhal_bsp.a(alt_irq_vars.o)
 .debug_abbrev  0x00000000000020e6      0x148 ../sRamEclipse_bsp/\libhal_bsp.a(alt_open.o)
 .debug_abbrev  0x000000000000222e       0xde ../sRamEclipse_bsp/\libhal_bsp.a(alt_release_fd.o)
 .debug_abbrev  0x000000000000230c      0x15a ../sRamEclipse_bsp/\libhal_bsp.a(alt_tick.o)
 .debug_abbrev  0x0000000000002466       0x42 ../sRamEclipse_bsp/\libhal_bsp.a(altera_nios2_qsys_irq.o)
 .debug_abbrev  0x00000000000024a8       0x12 ../sRamEclipse_bsp/\libhal_bsp.a(alt_exception_entry.o)
 .debug_abbrev  0x00000000000024ba       0xf0 ../sRamEclipse_bsp/\libhal_bsp.a(alt_find_dev.o)
 .debug_abbrev  0x00000000000025aa       0xf0 ../sRamEclipse_bsp/\libhal_bsp.a(alt_find_file.o)
 .debug_abbrev  0x000000000000269a      0x10d ../sRamEclipse_bsp/\libhal_bsp.a(alt_get_fd.o)
 .debug_abbrev  0x00000000000027a7       0x8c ../sRamEclipse_bsp/\libhal_bsp.a(alt_icache_flush.o)
 .debug_abbrev  0x0000000000002833       0xa9 c:/altera_lite/15.1/nios2eds/bin/gnu/h-x86_64-mingw32/bin/../lib/gcc/nios2-elf/4.9.2/../../../../../H-x86_64-mingw32/nios2-elf/lib/mno-hw-mul\libsmallc.a(lib_a-exit.o)
 .debug_abbrev  0x00000000000028dc      0x1c5 c:/altera_lite/15.1/nios2eds/bin/gnu/h-x86_64-mingw32/bin/../lib/gcc/nios2-elf/4.9.2/../../../../../H-x86_64-mingw32/nios2-elf/lib/mno-hw-mul\libsmallc.a(lib_a-fputs.o)
 .debug_abbrev  0x0000000000002aa1       0x7f c:/altera_lite/15.1/nios2eds/bin/gnu/h-x86_64-mingw32/bin/../lib/gcc/nios2-elf/4.9.2/../../../../../H-x86_64-mingw32/nios2-elf/lib/mno-hw-mul\libsmallc.a(lib_a-memcmp.o)
 .debug_abbrev  0x0000000000002b20      0x1bf c:/altera_lite/15.1/nios2eds/bin/gnu/h-x86_64-mingw32/bin/../lib/gcc/nios2-elf/4.9.2/../../../../../H-x86_64-mingw32/nios2-elf/lib/mno-hw-mul\libsmallc.a(lib_a-putc.o)
 .debug_abbrev  0x0000000000002cdf      0x1f8 c:/altera_lite/15.1/nios2eds/bin/gnu/h-x86_64-mingw32/bin/../lib/gcc/nios2-elf/4.9.2/../../../../../H-x86_64-mingw32/nios2-elf/lib/mno-hw-mul\libsmallc.a(lib_a-__call_atexit.o)
 .debug_abbrev  0x0000000000002ed7       0xa6 ../sRamEclipse_bsp/\libhal_bsp.a(alt_exit.o)

.debug_line     0x0000000000000000     0x3206
 *(.debug_line)
 .debug_line    0x0000000000000000       0x6c ../sRamEclipse_bsp//obj/HAL/src/crt0.o
 .debug_line    0x000000000000006c       0xf3 obj/default/count_binary.o
 .debug_line    0x000000000000015f      0x208 c:/altera_lite/15.1/nios2eds/bin/gnu/h-x86_64-mingw32/bin/../lib/gcc/nios2-elf/4.9.2/../../../../../H-x86_64-mingw32/nios2-elf/lib/mno-hw-mul\libsmallc.a(lib_a-printf.o)
 .debug_line    0x0000000000000367      0x355 c:/altera_lite/15.1/nios2eds/bin/gnu/h-x86_64-mingw32/bin/../lib/gcc/nios2-elf/4.9.2/../../../../../H-x86_64-mingw32/nios2-elf/lib/mno-hw-mul\libsmallc.a(lib_a-vfprintf.o)
 .debug_line    0x00000000000006bc      0x1f2 c:/altera_lite/15.1/nios2eds/bin/gnu/h-x86_64-mingw32/bin/../lib/gcc/nios2-elf/4.9.2/../../../../../H-x86_64-mingw32/nios2-elf/lib/mno-hw-mul\libsmallc.a(lib_a-fvwrite_small_dev.o)
 .debug_line    0x00000000000008ae      0x156 c:/altera_lite/15.1/nios2eds/bin/gnu/h-x86_64-mingw32/bin/../lib/gcc/nios2-elf/4.9.2/../../../../../H-x86_64-mingw32/nios2-elf/lib/mno-hw-mul\libsmallc.a(lib_a-impure.o)
 .debug_line    0x0000000000000a04      0x15c c:/altera_lite/15.1/nios2eds/bin/gnu/h-x86_64-mingw32/bin/../lib/gcc/nios2-elf/4.9.2/../../../../../H-x86_64-mingw32/nios2-elf/lib/mno-hw-mul\libsmallc.a(lib_a-strlen.o)
 .debug_line    0x0000000000000b60      0x1ed c:/altera_lite/15.1/nios2eds/bin/gnu/h-x86_64-mingw32/bin/../lib/gcc/nios2-elf/4.9.2/../../../../../H-x86_64-mingw32/nios2-elf/lib/mno-hw-mul\libsmallc.a(lib_a-writer.o)
 .debug_line    0x0000000000000d4d       0x5f c:/altera_lite/15.1/nios2eds/bin/gnu/h-x86_64-mingw32/bin/../lib/gcc/nios2-elf/4.9.2/../../../../../H-x86_64-mingw32/nios2-elf/lib/mno-hw-mul\libsmallc.a(lib_a-int_errno.o)
 .debug_line    0x0000000000000dac       0xc7 c:/altera_lite/15.1/nios2eds/bin/gnu/h-x86_64-mingw32/bin/../lib/gcc/nios2-elf/4.9.2/mno-hw-mul\libgcc.a(lib2-divmod.o)
 .debug_line    0x0000000000000e73       0x80 c:/altera_lite/15.1/nios2eds/bin/gnu/h-x86_64-mingw32/bin/../lib/gcc/nios2-elf/4.9.2/mno-hw-mul\libgcc.a(lib2-mul.o)
 .debug_line    0x0000000000000ef3       0x8d ../sRamEclipse_bsp/\libhal_bsp.a(alt_load.o)
 .debug_line    0x0000000000000f80       0x9e ../sRamEclipse_bsp/\libhal_bsp.a(alt_main.o)
 .debug_line    0x000000000000101e      0x11a ../sRamEclipse_bsp/\libhal_bsp.a(alt_putchar.o)
 .debug_line    0x0000000000001138      0x117 ../sRamEclipse_bsp/\libhal_bsp.a(alt_putstr.o)
 .debug_line    0x000000000000124f      0x1d7 ../sRamEclipse_bsp/\libhal_bsp.a(alt_read.o)
 .debug_line    0x0000000000001426      0x142 ../sRamEclipse_bsp/\libhal_bsp.a(alt_sys_init.o)
 .debug_line    0x0000000000001568      0x112 ../sRamEclipse_bsp/\libhal_bsp.a(altera_avalon_jtag_uart_fd.o)
 .debug_line    0x000000000000167a       0xff ../sRamEclipse_bsp/\libhal_bsp.a(altera_avalon_jtag_uart_read.o)
 .debug_line    0x0000000000001779       0xf4 ../sRamEclipse_bsp/\libhal_bsp.a(altera_avalon_jtag_uart_write.o)
 .debug_line    0x000000000000186d       0xfd ../sRamEclipse_bsp/\libhal_bsp.a(altera_avalon_timer_sc.o)
 .debug_line    0x000000000000196a      0x163 ../sRamEclipse_bsp/\libhal_bsp.a(alt_close.o)
 .debug_line    0x0000000000001acd       0x51 ../sRamEclipse_bsp/\libhal_bsp.a(alt_dcache_flush_all.o)
 .debug_line    0x0000000000001b1e       0xf5 ../sRamEclipse_bsp/\libhal_bsp.a(alt_dev.o)
 .debug_line    0x0000000000001c13       0xd0 ../sRamEclipse_bsp/\libhal_bsp.a(alt_dev_llist_insert.o)
 .debug_line    0x0000000000001ce3       0x51 ../sRamEclipse_bsp/\libhal_bsp.a(alt_errno.o)
 .debug_line    0x0000000000001d34       0x50 ../sRamEclipse_bsp/\libhal_bsp.a(alt_icache_flush_all.o)
 .debug_line    0x0000000000001d84       0xef ../sRamEclipse_bsp/\libhal_bsp.a(alt_iic.o)
 .debug_line    0x0000000000001e73       0xdb ../sRamEclipse_bsp/\libhal_bsp.a(alt_iic_isr_register.o)
 .debug_line    0x0000000000001f4e      0x132 ../sRamEclipse_bsp/\libhal_bsp.a(alt_io_redirect.o)
 .debug_line    0x0000000000002080       0x6b ../sRamEclipse_bsp/\libhal_bsp.a(alt_irq_entry.o)
 .debug_line    0x00000000000020eb       0xaa ../sRamEclipse_bsp/\libhal_bsp.a(alt_irq_handler.o)
 .debug_line    0x0000000000002195       0x50 ../sRamEclipse_bsp/\libhal_bsp.a(alt_irq_vars.o)
 .debug_line    0x00000000000021e5      0x12d ../sRamEclipse_bsp/\libhal_bsp.a(alt_open.o)
 .debug_line    0x0000000000002312       0xb0 ../sRamEclipse_bsp/\libhal_bsp.a(alt_release_fd.o)
 .debug_line    0x00000000000023c2       0xfe ../sRamEclipse_bsp/\libhal_bsp.a(alt_tick.o)
 .debug_line    0x00000000000024c0       0x51 ../sRamEclipse_bsp/\libhal_bsp.a(altera_nios2_qsys_irq.o)
 .debug_line    0x0000000000002511       0xab ../sRamEclipse_bsp/\libhal_bsp.a(alt_exception_entry.o)
 .debug_line    0x00000000000025bc       0xb5 ../sRamEclipse_bsp/\libhal_bsp.a(alt_find_dev.o)
 .debug_line    0x0000000000002671       0xd1 ../sRamEclipse_bsp/\libhal_bsp.a(alt_find_file.o)
 .debug_line    0x0000000000002742       0xd8 ../sRamEclipse_bsp/\libhal_bsp.a(alt_get_fd.o)
 .debug_line    0x000000000000281a       0x81 ../sRamEclipse_bsp/\libhal_bsp.a(alt_icache_flush.o)
 .debug_line    0x000000000000289b      0x159 c:/altera_lite/15.1/nios2eds/bin/gnu/h-x86_64-mingw32/bin/../lib/gcc/nios2-elf/4.9.2/../../../../../H-x86_64-mingw32/nios2-elf/lib/mno-hw-mul\libsmallc.a(lib_a-exit.o)
 .debug_line    0x00000000000029f4      0x1f0 c:/altera_lite/15.1/nios2eds/bin/gnu/h-x86_64-mingw32/bin/../lib/gcc/nios2-elf/4.9.2/../../../../../H-x86_64-mingw32/nios2-elf/lib/mno-hw-mul\libsmallc.a(lib_a-fputs.o)
 .debug_line    0x0000000000002be4      0x160 c:/altera_lite/15.1/nios2eds/bin/gnu/h-x86_64-mingw32/bin/../lib/gcc/nios2-elf/4.9.2/../../../../../H-x86_64-mingw32/nios2-elf/lib/mno-hw-mul\libsmallc.a(lib_a-memcmp.o)
 .debug_line    0x0000000000002d44      0x202 c:/altera_lite/15.1/nios2eds/bin/gnu/h-x86_64-mingw32/bin/../lib/gcc/nios2-elf/4.9.2/../../../../../H-x86_64-mingw32/nios2-elf/lib/mno-hw-mul\libsmallc.a(lib_a-putc.o)
 .debug_line    0x0000000000002f46      0x24f c:/altera_lite/15.1/nios2eds/bin/gnu/h-x86_64-mingw32/bin/../lib/gcc/nios2-elf/4.9.2/../../../../../H-x86_64-mingw32/nios2-elf/lib/mno-hw-mul\libsmallc.a(lib_a-__call_atexit.o)
 .debug_line    0x0000000000003195       0x71 ../sRamEclipse_bsp/\libhal_bsp.a(alt_exit.o)

.debug_frame    0x0000000000000000      0xbf0
 *(.debug_frame)
 .debug_frame   0x0000000000000000       0x78 obj/default/count_binary.o
 .debug_frame   0x0000000000000078       0x48 c:/altera_lite/15.1/nios2eds/bin/gnu/h-x86_64-mingw32/bin/../lib/gcc/nios2-elf/4.9.2/../../../../../H-x86_64-mingw32/nios2-elf/lib/mno-hw-mul\libsmallc.a(lib_a-printf.o)
 .debug_frame   0x00000000000000c0       0x8c c:/altera_lite/15.1/nios2eds/bin/gnu/h-x86_64-mingw32/bin/../lib/gcc/nios2-elf/4.9.2/../../../../../H-x86_64-mingw32/nios2-elf/lib/mno-hw-mul\libsmallc.a(lib_a-vfprintf.o)
 .debug_frame   0x000000000000014c       0x40 c:/altera_lite/15.1/nios2eds/bin/gnu/h-x86_64-mingw32/bin/../lib/gcc/nios2-elf/4.9.2/../../../../../H-x86_64-mingw32/nios2-elf/lib/mno-hw-mul\libsmallc.a(lib_a-fvwrite_small_dev.o)
 .debug_frame   0x000000000000018c       0x20 c:/altera_lite/15.1/nios2eds/bin/gnu/h-x86_64-mingw32/bin/../lib/gcc/nios2-elf/4.9.2/../../../../../H-x86_64-mingw32/nios2-elf/lib/mno-hw-mul\libsmallc.a(lib_a-strlen.o)
 .debug_frame   0x00000000000001ac       0x38 c:/altera_lite/15.1/nios2eds/bin/gnu/h-x86_64-mingw32/bin/../lib/gcc/nios2-elf/4.9.2/../../../../../H-x86_64-mingw32/nios2-elf/lib/mno-hw-mul\libsmallc.a(lib_a-writer.o)
 .debug_frame   0x00000000000001e4       0x8c c:/altera_lite/15.1/nios2eds/bin/gnu/h-x86_64-mingw32/bin/../lib/gcc/nios2-elf/4.9.2/mno-hw-mul\libgcc.a(lib2-divmod.o)
 .debug_frame   0x0000000000000270       0x20 c:/altera_lite/15.1/nios2eds/bin/gnu/h-x86_64-mingw32/bin/../lib/gcc/nios2-elf/4.9.2/mno-hw-mul\libgcc.a(lib2-mul.o)
 .debug_frame   0x0000000000000290       0x5c ../sRamEclipse_bsp/\libhal_bsp.a(alt_load.o)
 .debug_frame   0x00000000000002ec       0x2c ../sRamEclipse_bsp/\libhal_bsp.a(alt_main.o)
 .debug_frame   0x0000000000000318       0x38 ../sRamEclipse_bsp/\libhal_bsp.a(alt_putchar.o)
 .debug_frame   0x0000000000000350       0x38 ../sRamEclipse_bsp/\libhal_bsp.a(alt_putstr.o)
 .debug_frame   0x0000000000000388       0x60 ../sRamEclipse_bsp/\libhal_bsp.a(alt_read.o)
 .debug_frame   0x00000000000003e8       0x88 ../sRamEclipse_bsp/\libhal_bsp.a(alt_sys_init.o)
 .debug_frame   0x0000000000000470       0x60 ../sRamEclipse_bsp/\libhal_bsp.a(altera_avalon_jtag_uart_fd.o)
 .debug_frame   0x00000000000004d0       0x34 ../sRamEclipse_bsp/\libhal_bsp.a(altera_avalon_jtag_uart_read.o)
 .debug_frame   0x0000000000000504       0x34 ../sRamEclipse_bsp/\libhal_bsp.a(altera_avalon_jtag_uart_write.o)
 .debug_frame   0x0000000000000538       0x60 ../sRamEclipse_bsp/\libhal_bsp.a(altera_avalon_timer_sc.o)
 .debug_frame   0x0000000000000598       0x60 ../sRamEclipse_bsp/\libhal_bsp.a(alt_close.o)
 .debug_frame   0x00000000000005f8       0x34 ../sRamEclipse_bsp/\libhal_bsp.a(alt_dcache_flush_all.o)
 .debug_frame   0x000000000000062c       0x34 ../sRamEclipse_bsp/\libhal_bsp.a(alt_dev.o)
 .debug_frame   0x0000000000000660       0x60 ../sRamEclipse_bsp/\libhal_bsp.a(alt_dev_llist_insert.o)
 .debug_frame   0x00000000000006c0       0x38 ../sRamEclipse_bsp/\libhal_bsp.a(alt_icache_flush_all.o)
 .debug_frame   0x00000000000006f8       0xa4 ../sRamEclipse_bsp/\libhal_bsp.a(alt_iic.o)
 .debug_frame   0x000000000000079c       0x38 ../sRamEclipse_bsp/\libhal_bsp.a(alt_iic_isr_register.o)
 .debug_frame   0x00000000000007d4       0x64 ../sRamEclipse_bsp/\libhal_bsp.a(alt_io_redirect.o)
 .debug_frame   0x0000000000000838       0x38 ../sRamEclipse_bsp/\libhal_bsp.a(alt_irq_handler.o)
 .debug_frame   0x0000000000000870       0x8c ../sRamEclipse_bsp/\libhal_bsp.a(alt_open.o)
 .debug_frame   0x00000000000008fc       0x3c ../sRamEclipse_bsp/\libhal_bsp.a(alt_release_fd.o)
 .debug_frame   0x0000000000000938       0x5c ../sRamEclipse_bsp/\libhal_bsp.a(alt_tick.o)
 .debug_frame   0x0000000000000994       0x34 ../sRamEclipse_bsp/\libhal_bsp.a(altera_nios2_qsys_irq.o)
 .debug_frame   0x00000000000009c8       0x38 ../sRamEclipse_bsp/\libhal_bsp.a(alt_find_dev.o)
 .debug_frame   0x0000000000000a00       0x38 ../sRamEclipse_bsp/\libhal_bsp.a(alt_find_file.o)
 .debug_frame   0x0000000000000a38       0x3c ../sRamEclipse_bsp/\libhal_bsp.a(alt_get_fd.o)
 .debug_frame   0x0000000000000a74       0x34 ../sRamEclipse_bsp/\libhal_bsp.a(alt_icache_flush.o)
 .debug_frame   0x0000000000000aa8       0x28 c:/altera_lite/15.1/nios2eds/bin/gnu/h-x86_64-mingw32/bin/../lib/gcc/nios2-elf/4.9.2/../../../../../H-x86_64-mingw32/nios2-elf/lib/mno-hw-mul\libsmallc.a(lib_a-exit.o)
 .debug_frame   0x0000000000000ad0       0x30 c:/altera_lite/15.1/nios2eds/bin/gnu/h-x86_64-mingw32/bin/../lib/gcc/nios2-elf/4.9.2/../../../../../H-x86_64-mingw32/nios2-elf/lib/mno-hw-mul\libsmallc.a(lib_a-fputs.o)
 .debug_frame   0x0000000000000b00       0x20 c:/altera_lite/15.1/nios2eds/bin/gnu/h-x86_64-mingw32/bin/../lib/gcc/nios2-elf/4.9.2/../../../../../H-x86_64-mingw32/nios2-elf/lib/mno-hw-mul\libsmallc.a(lib_a-memcmp.o)
 .debug_frame   0x0000000000000b20       0x50 c:/altera_lite/15.1/nios2eds/bin/gnu/h-x86_64-mingw32/bin/../lib/gcc/nios2-elf/4.9.2/../../../../../H-x86_64-mingw32/nios2-elf/lib/mno-hw-mul\libsmallc.a(lib_a-putc.o)
 .debug_frame   0x0000000000000b70       0x54 c:/altera_lite/15.1/nios2eds/bin/gnu/h-x86_64-mingw32/bin/../lib/gcc/nios2-elf/4.9.2/../../../../../H-x86_64-mingw32/nios2-elf/lib/mno-hw-mul\libsmallc.a(lib_a-__call_atexit.o)
 .debug_frame   0x0000000000000bc4       0x2c ../sRamEclipse_bsp/\libhal_bsp.a(alt_exit.o)

.debug_str      0x0000000000000000     0x19da
 *(.debug_str)
 .debug_str     0x0000000000000000       0xb8 obj/default/count_binary.o
                                         0xd2 (size before relaxing)
 .debug_str     0x00000000000000b8      0x481 c:/altera_lite/15.1/nios2eds/bin/gnu/h-x86_64-mingw32/bin/../lib/gcc/nios2-elf/4.9.2/../../../../../H-x86_64-mingw32/nios2-elf/lib/mno-hw-mul\libsmallc.a(lib_a-printf.o)
                                        0x4fb (size before relaxing)
 .debug_str     0x0000000000000539      0x209 c:/altera_lite/15.1/nios2eds/bin/gnu/h-x86_64-mingw32/bin/../lib/gcc/nios2-elf/4.9.2/../../../../../H-x86_64-mingw32/nios2-elf/lib/mno-hw-mul\libsmallc.a(lib_a-vfprintf.o)
                                        0x684 (size before relaxing)
 .debug_str     0x0000000000000742       0x81 c:/altera_lite/15.1/nios2eds/bin/gnu/h-x86_64-mingw32/bin/../lib/gcc/nios2-elf/4.9.2/../../../../../H-x86_64-mingw32/nios2-elf/lib/mno-hw-mul\libsmallc.a(lib_a-fvwrite_small_dev.o)
                                        0x4d6 (size before relaxing)
 .debug_str     0x00000000000007c3       0xef c:/altera_lite/15.1/nios2eds/bin/gnu/h-x86_64-mingw32/bin/../lib/gcc/nios2-elf/4.9.2/../../../../../H-x86_64-mingw32/nios2-elf/lib/mno-hw-mul\libsmallc.a(lib_a-impure.o)
                                        0x4b0 (size before relaxing)
 .debug_str     0x00000000000008b2       0xd2 c:/altera_lite/15.1/nios2eds/bin/gnu/h-x86_64-mingw32/bin/../lib/gcc/nios2-elf/4.9.2/../../../../../H-x86_64-mingw32/nios2-elf/lib/mno-hw-mul\libsmallc.a(lib_a-strlen.o)
                                        0x1d7 (size before relaxing)
 .debug_str     0x0000000000000984       0x3c c:/altera_lite/15.1/nios2eds/bin/gnu/h-x86_64-mingw32/bin/../lib/gcc/nios2-elf/4.9.2/../../../../../H-x86_64-mingw32/nios2-elf/lib/mno-hw-mul\libsmallc.a(lib_a-writer.o)
                                        0x4aa (size before relaxing)
 .debug_str     0x00000000000009c0       0x3f c:/altera_lite/15.1/nios2eds/bin/gnu/h-x86_64-mingw32/bin/../lib/gcc/nios2-elf/4.9.2/../../../../../H-x86_64-mingw32/nios2-elf/lib/mno-hw-mul\libsmallc.a(lib_a-int_errno.o)
                                        0x1ca (size before relaxing)
 .debug_str     0x00000000000009ff      0x185 c:/altera_lite/15.1/nios2eds/bin/gnu/h-x86_64-mingw32/bin/../lib/gcc/nios2-elf/4.9.2/mno-hw-mul\libgcc.a(lib2-divmod.o)
                                        0x1d0 (size before relaxing)
 .debug_str     0x0000000000000b84       0x40 c:/altera_lite/15.1/nios2eds/bin/gnu/h-x86_64-mingw32/bin/../lib/gcc/nios2-elf/4.9.2/mno-hw-mul\libgcc.a(lib2-mul.o)
                                        0x191 (size before relaxing)
 .debug_str     0x0000000000000bc4      0x13c ../sRamEclipse_bsp/\libhal_bsp.a(alt_load.o)
                                        0x206 (size before relaxing)
 .debug_str     0x0000000000000d00       0x70 ../sRamEclipse_bsp/\libhal_bsp.a(alt_main.o)
                                        0x191 (size before relaxing)
 .debug_str     0x0000000000000d70      0x12c ../sRamEclipse_bsp/\libhal_bsp.a(alt_putchar.o)
                                        0x4f9 (size before relaxing)
 .debug_str     0x0000000000000e9c       0x15 ../sRamEclipse_bsp/\libhal_bsp.a(alt_putstr.o)
                                        0x4f7 (size before relaxing)
 .debug_str     0x0000000000000eb1      0x158 ../sRamEclipse_bsp/\libhal_bsp.a(alt_read.o)
                                        0x2eb (size before relaxing)
 .debug_str     0x0000000000001009      0x136 ../sRamEclipse_bsp/\libhal_bsp.a(alt_sys_init.o)
                                        0x2fe (size before relaxing)
 .debug_str     0x000000000000113f       0x77 ../sRamEclipse_bsp/\libhal_bsp.a(altera_avalon_jtag_uart_fd.o)
                                        0x2c9 (size before relaxing)
 .debug_str     0x00000000000011b6       0x48 ../sRamEclipse_bsp/\libhal_bsp.a(altera_avalon_jtag_uart_read.o)
                                        0x213 (size before relaxing)
 .debug_str     0x00000000000011fe       0x4a ../sRamEclipse_bsp/\libhal_bsp.a(altera_avalon_jtag_uart_write.o)
                                        0x209 (size before relaxing)
 .debug_str     0x0000000000001248       0xb6 ../sRamEclipse_bsp/\libhal_bsp.a(altera_avalon_timer_sc.o)
                                        0x23f (size before relaxing)
 .debug_str     0x00000000000012fe       0x1b ../sRamEclipse_bsp/\libhal_bsp.a(alt_close.o)
                                        0x1ff (size before relaxing)
 .debug_str     0x0000000000001319       0x34 ../sRamEclipse_bsp/\libhal_bsp.a(alt_dcache_flush_all.o)
                                        0x149 (size before relaxing)
 .debug_str     0x000000000000134d       0x50 ../sRamEclipse_bsp/\libhal_bsp.a(alt_dev.o)
                                        0x2f9 (size before relaxing)
 .debug_str     0x000000000000139d       0x4b ../sRamEclipse_bsp/\libhal_bsp.a(alt_dev_llist_insert.o)
                                        0x1c0 (size before relaxing)
 .debug_str     0x00000000000013e8       0x14 ../sRamEclipse_bsp/\libhal_bsp.a(alt_errno.o)
                                        0x139 (size before relaxing)
 .debug_str     0x00000000000013fc       0x34 ../sRamEclipse_bsp/\libhal_bsp.a(alt_icache_flush_all.o)
                                        0x149 (size before relaxing)
 .debug_str     0x0000000000001430       0xc4 ../sRamEclipse_bsp/\libhal_bsp.a(alt_iic.o)
                                        0x232 (size before relaxing)
 .debug_str     0x00000000000014f4       0x4c ../sRamEclipse_bsp/\libhal_bsp.a(alt_iic_isr_register.o)
                                        0x1dc (size before relaxing)
 .debug_str     0x0000000000001540       0x56 ../sRamEclipse_bsp/\libhal_bsp.a(alt_io_redirect.o)
                                        0x30a (size before relaxing)
 .debug_str     0x0000000000001596       0x3a ../sRamEclipse_bsp/\libhal_bsp.a(alt_irq_handler.o)
                                        0x18b (size before relaxing)
 .debug_str     0x00000000000015d0       0x17 ../sRamEclipse_bsp/\libhal_bsp.a(alt_irq_vars.o)
                                        0x13a (size before relaxing)
 .debug_str     0x00000000000015e7       0x2f ../sRamEclipse_bsp/\libhal_bsp.a(alt_open.o)
                                        0x23f (size before relaxing)
 .debug_str     0x0000000000001616       0x28 ../sRamEclipse_bsp/\libhal_bsp.a(alt_release_fd.o)
                                        0x1d3 (size before relaxing)
 .debug_str     0x000000000000163e       0x78 ../sRamEclipse_bsp/\libhal_bsp.a(alt_tick.o)
                                        0x246 (size before relaxing)
 .debug_str     0x00000000000016b6       0x3b ../sRamEclipse_bsp/\libhal_bsp.a(altera_nios2_qsys_irq.o)
                                        0x150 (size before relaxing)
 .debug_str     0x00000000000016f1       0x24 ../sRamEclipse_bsp/\libhal_bsp.a(alt_find_dev.o)
                                        0x1e0 (size before relaxing)
 .debug_str     0x0000000000001715       0x26 ../sRamEclipse_bsp/\libhal_bsp.a(alt_find_file.o)
                                        0x1ee (size before relaxing)
 .debug_str     0x000000000000173b       0x30 ../sRamEclipse_bsp/\libhal_bsp.a(alt_get_fd.o)
                                        0x210 (size before relaxing)
 .debug_str     0x000000000000176b       0x2c ../sRamEclipse_bsp/\libhal_bsp.a(alt_icache_flush.o)
                                        0x14f (size before relaxing)
 .debug_str     0x0000000000001797       0xe1 c:/altera_lite/15.1/nios2eds/bin/gnu/h-x86_64-mingw32/bin/../lib/gcc/nios2-elf/4.9.2/../../../../../H-x86_64-mingw32/nios2-elf/lib/mno-hw-mul\libsmallc.a(lib_a-exit.o)
                                        0x1e2 (size before relaxing)
 .debug_str     0x0000000000001878       0x41 c:/altera_lite/15.1/nios2eds/bin/gnu/h-x86_64-mingw32/bin/../lib/gcc/nios2-elf/4.9.2/../../../../../H-x86_64-mingw32/nios2-elf/lib/mno-hw-mul\libsmallc.a(lib_a-fputs.o)
                                        0x4be (size before relaxing)
 .debug_str     0x00000000000018b9       0x44 c:/altera_lite/15.1/nios2eds/bin/gnu/h-x86_64-mingw32/bin/../lib/gcc/nios2-elf/4.9.2/../../../../../H-x86_64-mingw32/nios2-elf/lib/mno-hw-mul\libsmallc.a(lib_a-memcmp.o)
                                        0x1d1 (size before relaxing)
 .debug_str     0x00000000000018fd       0x4e c:/altera_lite/15.1/nios2eds/bin/gnu/h-x86_64-mingw32/bin/../lib/gcc/nios2-elf/4.9.2/../../../../../H-x86_64-mingw32/nios2-elf/lib/mno-hw-mul\libsmallc.a(lib_a-putc.o)
                                        0x4bd (size before relaxing)
 .debug_str     0x000000000000194b       0x65 c:/altera_lite/15.1/nios2eds/bin/gnu/h-x86_64-mingw32/bin/../lib/gcc/nios2-elf/4.9.2/../../../../../H-x86_64-mingw32/nios2-elf/lib/mno-hw-mul\libsmallc.a(lib_a-__call_atexit.o)
                                        0x4dd (size before relaxing)
 .debug_str     0x00000000000019b0       0x2a ../sRamEclipse_bsp/\libhal_bsp.a(alt_exit.o)
                                        0x145 (size before relaxing)

.debug_loc      0x0000000000000000     0x127d
 *(.debug_loc)
 .debug_loc     0x0000000000000000       0xc6 c:/altera_lite/15.1/nios2eds/bin/gnu/h-x86_64-mingw32/bin/../lib/gcc/nios2-elf/4.9.2/../../../../../H-x86_64-mingw32/nios2-elf/lib/mno-hw-mul\libsmallc.a(lib_a-printf.o)
 .debug_loc     0x00000000000000c6      0xa32 c:/altera_lite/15.1/nios2eds/bin/gnu/h-x86_64-mingw32/bin/../lib/gcc/nios2-elf/4.9.2/../../../../../H-x86_64-mingw32/nios2-elf/lib/mno-hw-mul\libsmallc.a(lib_a-vfprintf.o)
 .debug_loc     0x0000000000000af8       0xbd c:/altera_lite/15.1/nios2eds/bin/gnu/h-x86_64-mingw32/bin/../lib/gcc/nios2-elf/4.9.2/../../../../../H-x86_64-mingw32/nios2-elf/lib/mno-hw-mul\libsmallc.a(lib_a-fvwrite_small_dev.o)
 .debug_loc     0x0000000000000bb5       0x1e c:/altera_lite/15.1/nios2eds/bin/gnu/h-x86_64-mingw32/bin/../lib/gcc/nios2-elf/4.9.2/../../../../../H-x86_64-mingw32/nios2-elf/lib/mno-hw-mul\libsmallc.a(lib_a-strlen.o)
 .debug_loc     0x0000000000000bd3       0xa5 c:/altera_lite/15.1/nios2eds/bin/gnu/h-x86_64-mingw32/bin/../lib/gcc/nios2-elf/4.9.2/../../../../../H-x86_64-mingw32/nios2-elf/lib/mno-hw-mul\libsmallc.a(lib_a-writer.o)
 .debug_loc     0x0000000000000c78      0x273 c:/altera_lite/15.1/nios2eds/bin/gnu/h-x86_64-mingw32/bin/../lib/gcc/nios2-elf/4.9.2/mno-hw-mul\libgcc.a(lib2-divmod.o)
 .debug_loc     0x0000000000000eeb       0x93 c:/altera_lite/15.1/nios2eds/bin/gnu/h-x86_64-mingw32/bin/../lib/gcc/nios2-elf/4.9.2/mno-hw-mul\libgcc.a(lib2-mul.o)
 .debug_loc     0x0000000000000f7e       0x1e c:/altera_lite/15.1/nios2eds/bin/gnu/h-x86_64-mingw32/bin/../lib/gcc/nios2-elf/4.9.2/../../../../../H-x86_64-mingw32/nios2-elf/lib/mno-hw-mul\libsmallc.a(lib_a-exit.o)
 .debug_loc     0x0000000000000f9c       0x60 c:/altera_lite/15.1/nios2eds/bin/gnu/h-x86_64-mingw32/bin/../lib/gcc/nios2-elf/4.9.2/../../../../../H-x86_64-mingw32/nios2-elf/lib/mno-hw-mul\libsmallc.a(lib_a-fputs.o)
 .debug_loc     0x0000000000000ffc       0x94 c:/altera_lite/15.1/nios2eds/bin/gnu/h-x86_64-mingw32/bin/../lib/gcc/nios2-elf/4.9.2/../../../../../H-x86_64-mingw32/nios2-elf/lib/mno-hw-mul\libsmallc.a(lib_a-memcmp.o)
 .debug_loc     0x0000000000001090       0xc6 c:/altera_lite/15.1/nios2eds/bin/gnu/h-x86_64-mingw32/bin/../lib/gcc/nios2-elf/4.9.2/../../../../../H-x86_64-mingw32/nios2-elf/lib/mno-hw-mul\libsmallc.a(lib_a-putc.o)
 .debug_loc     0x0000000000001156      0x127 c:/altera_lite/15.1/nios2eds/bin/gnu/h-x86_64-mingw32/bin/../lib/gcc/nios2-elf/4.9.2/../../../../../H-x86_64-mingw32/nios2-elf/lib/mno-hw-mul\libsmallc.a(lib_a-__call_atexit.o)

.debug_macinfo
 *(.debug_macinfo)

.debug_weaknames
 *(.debug_weaknames)

.debug_funcnames
 *(.debug_funcnames)

.debug_typenames
 *(.debug_typenames)

.debug_varnames
 *(.debug_varnames)

.debug_alt_sim_info
                0x0000000000000000       0x20
 *(.debug_alt_sim_info)
 .debug_alt_sim_info
                0x0000000000000000       0x20 ../sRamEclipse_bsp//obj/HAL/src/crt0.o
                0x000000000000d000                __alt_data_end = 0xd000
                0x000000000000d000                PROVIDE (__alt_stack_pointer, __alt_data_end)
                0x000000000000ae84                PROVIDE (__alt_stack_limit, __alt_stack_base)
                0x000000000000ae84                PROVIDE (__alt_heap_start, end)
                0x000000000000d000                PROVIDE (__alt_heap_limit, 0xd000)
OUTPUT(sRamEclipse.elf elf32-littlenios2)

.debug_ranges   0x0000000000000000      0x218
 .debug_ranges  0x0000000000000000       0x20 ../sRamEclipse_bsp//obj/HAL/src/crt0.o
 .debug_ranges  0x0000000000000020       0x18 c:/altera_lite/15.1/nios2eds/bin/gnu/h-x86_64-mingw32/bin/../lib/gcc/nios2-elf/4.9.2/../../../../../H-x86_64-mingw32/nios2-elf/lib/mno-hw-mul\libsmallc.a(lib_a-printf.o)
 .debug_ranges  0x0000000000000038       0xd8 c:/altera_lite/15.1/nios2eds/bin/gnu/h-x86_64-mingw32/bin/../lib/gcc/nios2-elf/4.9.2/../../../../../H-x86_64-mingw32/nios2-elf/lib/mno-hw-mul\libsmallc.a(lib_a-vfprintf.o)
 .debug_ranges  0x0000000000000110       0x28 c:/altera_lite/15.1/nios2eds/bin/gnu/h-x86_64-mingw32/bin/../lib/gcc/nios2-elf/4.9.2/../../../../../H-x86_64-mingw32/nios2-elf/lib/mno-hw-mul\libsmallc.a(lib_a-fvwrite_small_dev.o)
 .debug_ranges  0x0000000000000138       0x10 c:/altera_lite/15.1/nios2eds/bin/gnu/h-x86_64-mingw32/bin/../lib/gcc/nios2-elf/4.9.2/../../../../../H-x86_64-mingw32/nios2-elf/lib/mno-hw-mul\libsmallc.a(lib_a-strlen.o)
 .debug_ranges  0x0000000000000148       0x10 c:/altera_lite/15.1/nios2eds/bin/gnu/h-x86_64-mingw32/bin/../lib/gcc/nios2-elf/4.9.2/../../../../../H-x86_64-mingw32/nios2-elf/lib/mno-hw-mul\libsmallc.a(lib_a-writer.o)
 .debug_ranges  0x0000000000000158       0x28 ../sRamEclipse_bsp/\libhal_bsp.a(alt_irq_entry.o)
 .debug_ranges  0x0000000000000180       0x10 ../sRamEclipse_bsp/\libhal_bsp.a(alt_irq_handler.o)
 .debug_ranges  0x0000000000000190       0x30 ../sRamEclipse_bsp/\libhal_bsp.a(alt_exception_entry.o)
 .debug_ranges  0x00000000000001c0       0x10 c:/altera_lite/15.1/nios2eds/bin/gnu/h-x86_64-mingw32/bin/../lib/gcc/nios2-elf/4.9.2/../../../../../H-x86_64-mingw32/nios2-elf/lib/mno-hw-mul\libsmallc.a(lib_a-exit.o)
 .debug_ranges  0x00000000000001d0       0x10 c:/altera_lite/15.1/nios2eds/bin/gnu/h-x86_64-mingw32/bin/../lib/gcc/nios2-elf/4.9.2/../../../../../H-x86_64-mingw32/nios2-elf/lib/mno-hw-mul\libsmallc.a(lib_a-fputs.o)
 .debug_ranges  0x00000000000001e0       0x10 c:/altera_lite/15.1/nios2eds/bin/gnu/h-x86_64-mingw32/bin/../lib/gcc/nios2-elf/4.9.2/../../../../../H-x86_64-mingw32/nios2-elf/lib/mno-hw-mul\libsmallc.a(lib_a-memcmp.o)
 .debug_ranges  0x00000000000001f0       0x18 c:/altera_lite/15.1/nios2eds/bin/gnu/h-x86_64-mingw32/bin/../lib/gcc/nios2-elf/4.9.2/../../../../../H-x86_64-mingw32/nios2-elf/lib/mno-hw-mul\libsmallc.a(lib_a-putc.o)
 .debug_ranges  0x0000000000000208       0x10 c:/altera_lite/15.1/nios2eds/bin/gnu/h-x86_64-mingw32/bin/../lib/gcc/nios2-elf/4.9.2/../../../../../H-x86_64-mingw32/nios2-elf/lib/mno-hw-mul\libsmallc.a(lib_a-__call_atexit.o)
