Archive member included to satisfy reference by file (symbol)

../comm_io_bsp/\libhal_bsp.a(alt_getchar.o)
                              obj/default/hello_world_small.o (alt_getchar)
../comm_io_bsp/\libhal_bsp.a(alt_load.o)
                              ../comm_io_bsp//obj/HAL/src/crt0.o (alt_load)
../comm_io_bsp/\libhal_bsp.a(alt_main.o)
                              ../comm_io_bsp//obj/HAL/src/crt0.o (alt_main)
../comm_io_bsp/\libhal_bsp.a(alt_printf.o)
                              obj/default/hello_world_small.o (alt_printf)
../comm_io_bsp/\libhal_bsp.a(alt_putchar.o)
                              ../comm_io_bsp/\libhal_bsp.a(alt_printf.o) (alt_putchar)
../comm_io_bsp/\libhal_bsp.a(alt_usleep.o)
                              obj/default/hello_world_small.o (usleep)
../comm_io_bsp/\libhal_bsp.a(alt_sys_init.o)
                              ../comm_io_bsp/\libhal_bsp.a(alt_main.o) (alt_irq_init)
../comm_io_bsp/\libhal_bsp.a(altera_avalon_jtag_uart_read.o)
                              ../comm_io_bsp/\libhal_bsp.a(alt_getchar.o) (altera_avalon_jtag_uart_read)
../comm_io_bsp/\libhal_bsp.a(altera_avalon_jtag_uart_write.o)
                              ../comm_io_bsp/\libhal_bsp.a(alt_putchar.o) (altera_avalon_jtag_uart_write)
../comm_io_bsp/\libhal_bsp.a(alt_busy_sleep.o)
                              ../comm_io_bsp/\libhal_bsp.a(alt_usleep.o) (alt_busy_sleep)
../comm_io_bsp/\libhal_bsp.a(alt_dcache_flush_all.o)
                              ../comm_io_bsp/\libhal_bsp.a(alt_load.o) (alt_dcache_flush_all)
../comm_io_bsp/\libhal_bsp.a(alt_dev.o)
                              ../comm_io_bsp/\libhal_bsp.a(alt_getchar.o) (alt_fd_list)
../comm_io_bsp/\libhal_bsp.a(alt_icache_flush_all.o)
                              ../comm_io_bsp/\libhal_bsp.a(alt_load.o) (alt_icache_flush_all)
../comm_io_bsp/\libhal_bsp.a(altera_nios2_qsys_irq.o)
                              ../comm_io_bsp/\libhal_bsp.a(alt_sys_init.o) (altera_nios2_qsys_irq_init)
c:/altera/15.1/nios2eds/bin/gnu/h-x86_64-mingw32/bin/../lib/gcc/nios2-elf/4.9.2/mno-hw-mul\libgcc.a(lib2-divmod.o)
                              ../comm_io_bsp/\libhal_bsp.a(alt_busy_sleep.o) (__udivsi3)
c:/altera/15.1/nios2eds/bin/gnu/h-x86_64-mingw32/bin/../lib/gcc/nios2-elf/4.9.2/mno-hw-mul\libgcc.a(lib2-mul.o)
                              ../comm_io_bsp/\libhal_bsp.a(alt_busy_sleep.o) (__mulsi3)

Memory Configuration

Name             Origin             Length             Attributes
reset            0x0000000000001000 0x0000000000000020
onchip_memory    0x0000000000001020 0x0000000000000fe0
*default*        0x0000000000000000 0xffffffffffffffff

Linker script and memory map

LOAD ../comm_io_bsp//obj/HAL/src/crt0.o
LOAD obj/default/hello_world_small.o
LOAD c:/altera/15.1/nios2eds/bin/gnu/h-x86_64-mingw32/bin/../lib/gcc/nios2-elf/4.9.2/../../../../../H-x86_64-mingw32/nios2-elf/lib/mno-hw-mul\libstdc++.a
LOAD c:/altera/15.1/nios2eds/bin/gnu/h-x86_64-mingw32/bin/../lib/gcc/nios2-elf/4.9.2/../../../../../H-x86_64-mingw32/nios2-elf/lib/mno-hw-mul\libm.a
LOAD c:/altera/15.1/nios2eds/bin/gnu/h-x86_64-mingw32/bin/../lib/gcc/nios2-elf/4.9.2/mno-hw-mul\libgcc.a
START GROUP
LOAD c:/altera/15.1/nios2eds/bin/gnu/h-x86_64-mingw32/bin/../lib/gcc/nios2-elf/4.9.2/../../../../../H-x86_64-mingw32/nios2-elf/lib/mno-hw-mul\libsmallc.a
LOAD c:/altera/15.1/nios2eds/bin/gnu/h-x86_64-mingw32/bin/../lib/gcc/nios2-elf/4.9.2/mno-hw-mul\libgcc.a
LOAD ../comm_io_bsp/\libhal_bsp.a
LOAD c:/altera/15.1/nios2eds/bin/gnu/h-x86_64-mingw32/bin/../lib/gcc/nios2-elf/4.9.2/../../../../../H-x86_64-mingw32/nios2-elf/lib/mno-hw-mul\libm.a
END GROUP
LOAD c:/altera/15.1/nios2eds/bin/gnu/h-x86_64-mingw32/bin/../lib/gcc/nios2-elf/4.9.2/mno-hw-mul\libgcc.a
                0x0000000000001000                __alt_mem_onchip_memory = 0x1000

.entry          0x0000000000001000       0x20
 *(.entry)
 .entry         0x0000000000001000       0x20 ../comm_io_bsp//obj/HAL/src/crt0.o
                0x0000000000001000                __reset
                0x000000000000100c                _exit

.exceptions     0x0000000000001020        0x0
                0x0000000000001020                PROVIDE (__ram_exceptions_start, ABSOLUTE (.))
                0x0000000000001020                . = ALIGN (0x20)
 *(.irq)
 *(.exceptions.entry.label)
 *(.exceptions.entry.user)
 *(.exceptions.entry.ecc_fatal)
 *(.exceptions.entry)
 *(.exceptions.irqtest.user)
 *(.exceptions.irqtest)
 *(.exceptions.irqhandler.user)
 *(.exceptions.irqhandler)
 *(.exceptions.irqreturn.user)
 *(.exceptions.irqreturn)
 *(.exceptions.notirq.label)
 *(.exceptions.notirq.user)
 *(.exceptions.notirq)
 *(.exceptions.soft.user)
 *(.exceptions.soft)
 *(.exceptions.unknown.user)
 *(.exceptions.unknown)
 *(.exceptions.exit.label)
 *(.exceptions.exit.user)
 *(.exceptions.exit)
 *(.exceptions)
                0x0000000000001020                PROVIDE (__ram_exceptions_end, ABSOLUTE (.))
                0x0000000000001020                PROVIDE (__flash_exceptions_start, LOADADDR (.exceptions))

.text           0x0000000000001020      0x7f8
                0x0000000000001020                PROVIDE (stext, ABSOLUTE (.))
 *(.interp)
 *(.hash)
 *(.dynsym)
 *(.dynstr)
 *(.gnu.version)
 *(.gnu.version_d)
 *(.gnu.version_r)
 *(.rel.init)
 *(.rela.init)
 *(.rel.text .rel.text.* .rel.gnu.linkonce.t.*)
 *(.rela.text .rela.text.* .rela.gnu.linkonce.t.*)
 *(.rel.fini)
 *(.rela.fini)
 *(.rel.rodata .rel.rodata.* .rel.gnu.linkonce.r.*)
 *(.rela.rodata .rela.rodata.* .rela.gnu.linkonce.r.*)
 *(.rel.data .rel.data.* .rel.gnu.linkonce.d.*)
 *(.rela.data .rela.data.* .rela.gnu.linkonce.d.*)
 *(.rel.tdata .rel.tdata.* .rel.gnu.linkonce.td.*)
 *(.rela.tdata .rela.tdata.* .rela.gnu.linkonce.td.*)
 *(.rel.tbss .rel.tbss.* .rel.gnu.linkonce.tb.*)
 *(.rela.tbss .rela.tbss.* .rela.gnu.linkonce.tb.*)
 *(.rel.ctors)
 *(.rela.ctors)
 *(.rel.dtors)
 *(.rela.dtors)
 *(.rel.got)
 *(.rela.got)
 *(.rel.sdata .rel.sdata.* .rel.gnu.linkonce.s.*)
 *(.rela.sdata .rela.sdata.* .rela.gnu.linkonce.s.*)
 *(.rel.sbss .rel.sbss.* .rel.gnu.linkonce.sb.*)
 *(.rela.sbss .rela.sbss.* .rela.gnu.linkonce.sb.*)
 *(.rel.sdata2 .rel.sdata2.* .rel.gnu.linkonce.s2.*)
 *(.rela.sdata2 .rela.sdata2.* .rela.gnu.linkonce.s2.*)
 *(.rel.sbss2 .rel.sbss2.* .rel.gnu.linkonce.sb2.*)
 *(.rela.sbss2 .rela.sbss2.* .rela.gnu.linkonce.sb2.*)
 *(.rel.bss .rel.bss.* .rel.gnu.linkonce.b.*)
 *(.rela.bss .rela.bss.* .rela.gnu.linkonce.b.*)
 *(.rel.plt)
 *(.rela.plt)
 *(.rel.dyn)
 *(.init)
 *(.plt)
 *(.text .stub .text.* .gnu.linkonce.t.*)
 .text          0x0000000000001020       0x3c ../comm_io_bsp//obj/HAL/src/crt0.o
                0x0000000000001020                _start
 .text          0x000000000000105c       0x44 obj/default/hello_world_small.o
                0x000000000000105c                computeParity
 .text.startup  0x00000000000010a0      0x1b0 obj/default/hello_world_small.o
                0x00000000000010a0                main
 .text          0x0000000000001250       0x44 ../comm_io_bsp/\libhal_bsp.a(alt_getchar.o)
                0x0000000000001250                alt_getchar
 .text          0x0000000000001294       0xf8 ../comm_io_bsp/\libhal_bsp.a(alt_load.o)
                0x0000000000001294                alt_load
 .text          0x000000000000138c       0x2c ../comm_io_bsp/\libhal_bsp.a(alt_main.o)
                0x000000000000138c                alt_main
 .text          0x00000000000013b8      0x16c ../comm_io_bsp/\libhal_bsp.a(alt_printf.o)
                0x00000000000013b8                alt_printf
 .text          0x0000000000001524       0x48 ../comm_io_bsp/\libhal_bsp.a(alt_putchar.o)
                0x0000000000001524                alt_putchar
 .text          0x000000000000156c        0x4 ../comm_io_bsp/\libhal_bsp.a(alt_usleep.o)
                0x000000000000156c                usleep
 .text          0x0000000000001570       0x24 ../comm_io_bsp/\libhal_bsp.a(alt_sys_init.o)
                0x0000000000001570                alt_irq_init
                0x0000000000001590                alt_sys_init
 .text          0x0000000000001594       0x5c ../comm_io_bsp/\libhal_bsp.a(altera_avalon_jtag_uart_read.o)
                0x0000000000001594                altera_avalon_jtag_uart_read
 .text          0x00000000000015f0       0x34 ../comm_io_bsp/\libhal_bsp.a(altera_avalon_jtag_uart_write.o)
                0x00000000000015f0                altera_avalon_jtag_uart_write
 .text          0x0000000000001624       0x88 ../comm_io_bsp/\libhal_bsp.a(alt_busy_sleep.o)
                0x0000000000001624                alt_busy_sleep
 .text          0x00000000000016ac        0x4 ../comm_io_bsp/\libhal_bsp.a(alt_dcache_flush_all.o)
                0x00000000000016ac                alt_dcache_flush_all
 .text          0x00000000000016b0        0x8 ../comm_io_bsp/\libhal_bsp.a(alt_dev.o)
 .text          0x00000000000016b8        0x4 ../comm_io_bsp/\libhal_bsp.a(alt_icache_flush_all.o)
                0x00000000000016b8                alt_icache_flush_all
 .text          0x00000000000016bc        0x8 ../comm_io_bsp/\libhal_bsp.a(altera_nios2_qsys_irq.o)
                0x00000000000016bc                altera_nios2_qsys_irq_init
 .text          0x00000000000016c4      0x12c c:/altera/15.1/nios2eds/bin/gnu/h-x86_64-mingw32/bin/../lib/gcc/nios2-elf/4.9.2/mno-hw-mul\libgcc.a(lib2-divmod.o)
                0x0000000000001730                __divsi3
                0x0000000000001784                __modsi3
                0x00000000000017e0                __udivsi3
                0x00000000000017e8                __umodsi3
 .text          0x00000000000017f0       0x28 c:/altera/15.1/nios2eds/bin/gnu/h-x86_64-mingw32/bin/../lib/gcc/nios2-elf/4.9.2/mno-hw-mul\libgcc.a(lib2-mul.o)
                0x00000000000017f0                __mulsi3
 *(.gnu.warning.*)
 *(.fini)
                0x0000000000001818                PROVIDE (__etext, ABSOLUTE (.))
                0x0000000000001818                PROVIDE (_etext, ABSOLUTE (.))
                0x0000000000001818                PROVIDE (etext, ABSOLUTE (.))
 *(.eh_frame_hdr)
                0x0000000000001818                . = ALIGN (0x4)
                0x0000000000001818                PROVIDE (__preinit_array_start, ABSOLUTE (.))
 *(.preinit_array)
                0x0000000000001818                PROVIDE (__preinit_array_end, ABSOLUTE (.))
                0x0000000000001818                PROVIDE (__init_array_start, ABSOLUTE (.))
 *(.init_array)
                0x0000000000001818                PROVIDE (__init_array_end, ABSOLUTE (.))
                0x0000000000001818                PROVIDE (__fini_array_start, ABSOLUTE (.))
 *(.fini_array)
                0x0000000000001818                PROVIDE (__fini_array_end, ABSOLUTE (.))
 *(.eh_frame)
 *(.gcc_except_table .gcc_except_table.*)
 *(.dynamic)
                0x0000000000001818                PROVIDE (__CTOR_LIST__, ABSOLUTE (.))
 *(.ctors)
 *(SORT(.ctors.*))
                0x0000000000001818                PROVIDE (__CTOR_END__, ABSOLUTE (.))
                0x0000000000001818                PROVIDE (__DTOR_LIST__, ABSOLUTE (.))
 *(.dtors)
 *(SORT(.dtors.*))
                0x0000000000001818                PROVIDE (__DTOR_END__, ABSOLUTE (.))
 *(.jcr)
                0x0000000000001818                . = ALIGN (0x4)

.rodata         0x0000000000001818      0x144
                0x0000000000001818                PROVIDE (__ram_rodata_start, ABSOLUTE (.))
                0x0000000000001818                . = ALIGN (0x4)
 *(.rodata .rodata.* .gnu.linkonce.r.*)
 .rodata.str1.4
                0x0000000000001818      0x136 obj/default/hello_world_small.o
                                        0x13c (size before relaxing)
 *fill*         0x000000000000194e        0x2 
 .rodata.str1.4
                0x0000000000001950        0xc ../comm_io_bsp/\libhal_bsp.a(alt_dev.o)
 *(.rodata1)
                0x000000000000195c                . = ALIGN (0x4)
                0x000000000000195c                PROVIDE (__ram_rodata_end, ABSOLUTE (.))
                0x0000000000001818                PROVIDE (__flash_rodata_start, LOADADDR (.rodata))

.rwdata         0x000000000000195c       0x70 load address 0x00000000000019cc
                0x000000000000195c                PROVIDE (__ram_rwdata_start, ABSOLUTE (.))
                0x000000000000195c                . = ALIGN (0x4)
 *(.got.plt)
 *(.got)
 *(.data1)
 *(.data .data.* .gnu.linkonce.d.*)
 .data          0x000000000000195c        0x0 ../comm_io_bsp//obj/HAL/src/crt0.o
 .data          0x000000000000195c        0x0 obj/default/hello_world_small.o
 .data          0x000000000000195c        0x0 ../comm_io_bsp/\libhal_bsp.a(alt_getchar.o)
 .data          0x000000000000195c        0x0 ../comm_io_bsp/\libhal_bsp.a(alt_load.o)
 .data          0x000000000000195c        0x0 ../comm_io_bsp/\libhal_bsp.a(alt_main.o)
 .data          0x000000000000195c        0x0 ../comm_io_bsp/\libhal_bsp.a(alt_printf.o)
 .data          0x000000000000195c        0x0 ../comm_io_bsp/\libhal_bsp.a(alt_putchar.o)
 .data          0x000000000000195c        0x0 ../comm_io_bsp/\libhal_bsp.a(alt_usleep.o)
 .data          0x000000000000195c        0x0 ../comm_io_bsp/\libhal_bsp.a(alt_sys_init.o)
 .data          0x000000000000195c        0x0 ../comm_io_bsp/\libhal_bsp.a(altera_avalon_jtag_uart_read.o)
 .data          0x000000000000195c        0x0 ../comm_io_bsp/\libhal_bsp.a(altera_avalon_jtag_uart_write.o)
 .data          0x000000000000195c        0x0 ../comm_io_bsp/\libhal_bsp.a(alt_busy_sleep.o)
 .data          0x000000000000195c        0x0 ../comm_io_bsp/\libhal_bsp.a(alt_dcache_flush_all.o)
 .data          0x000000000000195c       0x58 ../comm_io_bsp/\libhal_bsp.a(alt_dev.o)
                0x000000000000195c                alt_fd_list
                0x000000000000198c                alt_dev_null
 .data          0x00000000000019b4        0x0 ../comm_io_bsp/\libhal_bsp.a(alt_icache_flush_all.o)
 .data          0x00000000000019b4        0x0 ../comm_io_bsp/\libhal_bsp.a(altera_nios2_qsys_irq.o)
 .data          0x00000000000019b4        0x0 c:/altera/15.1/nios2eds/bin/gnu/h-x86_64-mingw32/bin/../lib/gcc/nios2-elf/4.9.2/mno-hw-mul\libgcc.a(lib2-divmod.o)
 .data          0x00000000000019b4        0x0 c:/altera/15.1/nios2eds/bin/gnu/h-x86_64-mingw32/bin/../lib/gcc/nios2-elf/4.9.2/mno-hw-mul\libgcc.a(lib2-mul.o)
                0x00000000000099b4                _gp = ABSOLUTE ((. + 0x8000))
                0x00000000000099b4                PROVIDE (gp, _gp)
 *(.rwdata .rwdata.*)
 *(.sdata .sdata.* .gnu.linkonce.s.*)
 .sdata         0x00000000000019b4        0x4 ../comm_io_bsp/\libhal_bsp.a(alt_sys_init.o)
                0x00000000000019b4                jtag_uart
 .sdata         0x00000000000019b8       0x14 ../comm_io_bsp/\libhal_bsp.a(alt_dev.o)
                0x00000000000019b8                alt_max_fd
                0x00000000000019bc                alt_dev_list
                0x00000000000019c4                alt_fs_list
 *(.sdata2 .sdata2.* .gnu.linkonce.s2.*)
                0x00000000000019cc                . = ALIGN (0x4)
                0x00000000000019cc                _edata = ABSOLUTE (.)
                0x00000000000019cc                PROVIDE (edata, ABSOLUTE (.))
                0x00000000000019cc                PROVIDE (__ram_rwdata_end, ABSOLUTE (.))
                0x00000000000019cc                PROVIDE (__flash_rwdata_start, LOADADDR (.rwdata))

.bss            0x0000000000001a3c        0xc
                0x0000000000001a3c                __bss_start = ABSOLUTE (.)
                0x0000000000001a3c                PROVIDE (__sbss_start, ABSOLUTE (.))
                0x0000000000001a3c                PROVIDE (___sbss_start, ABSOLUTE (.))
 *(.dynsbss)
 *(.sbss .sbss.* .gnu.linkonce.sb.*)
 .sbss          0x0000000000001a3c        0xc ../comm_io_bsp/\libhal_bsp.a(alt_main.o)
                0x0000000000001a3c                alt_envp
                0x0000000000001a40                alt_argv
                0x0000000000001a44                alt_argc
 *(.sbss2 .sbss2.* .gnu.linkonce.sb2.*)
 *(.scommon)
                0x0000000000001a48                PROVIDE (__sbss_end, ABSOLUTE (.))
                0x0000000000001a48                PROVIDE (___sbss_end, ABSOLUTE (.))
 *(.dynbss)
 *(.bss .bss.* .gnu.linkonce.b.*)
 .bss           0x0000000000001a48        0x0 ../comm_io_bsp//obj/HAL/src/crt0.o
 .bss           0x0000000000001a48        0x0 obj/default/hello_world_small.o
 .bss           0x0000000000001a48        0x0 ../comm_io_bsp/\libhal_bsp.a(alt_getchar.o)
 .bss           0x0000000000001a48        0x0 ../comm_io_bsp/\libhal_bsp.a(alt_load.o)
 .bss           0x0000000000001a48        0x0 ../comm_io_bsp/\libhal_bsp.a(alt_main.o)
 .bss           0x0000000000001a48        0x0 ../comm_io_bsp/\libhal_bsp.a(alt_printf.o)
 .bss           0x0000000000001a48        0x0 ../comm_io_bsp/\libhal_bsp.a(alt_putchar.o)
 .bss           0x0000000000001a48        0x0 ../comm_io_bsp/\libhal_bsp.a(alt_usleep.o)
 .bss           0x0000000000001a48        0x0 ../comm_io_bsp/\libhal_bsp.a(alt_sys_init.o)
 .bss           0x0000000000001a48        0x0 ../comm_io_bsp/\libhal_bsp.a(altera_avalon_jtag_uart_read.o)
 .bss           0x0000000000001a48        0x0 ../comm_io_bsp/\libhal_bsp.a(altera_avalon_jtag_uart_write.o)
 .bss           0x0000000000001a48        0x0 ../comm_io_bsp/\libhal_bsp.a(alt_busy_sleep.o)
 .bss           0x0000000000001a48        0x0 ../comm_io_bsp/\libhal_bsp.a(alt_dcache_flush_all.o)
 .bss           0x0000000000001a48        0x0 ../comm_io_bsp/\libhal_bsp.a(alt_dev.o)
 .bss           0x0000000000001a48        0x0 ../comm_io_bsp/\libhal_bsp.a(alt_icache_flush_all.o)
 .bss           0x0000000000001a48        0x0 ../comm_io_bsp/\libhal_bsp.a(altera_nios2_qsys_irq.o)
 .bss           0x0000000000001a48        0x0 c:/altera/15.1/nios2eds/bin/gnu/h-x86_64-mingw32/bin/../lib/gcc/nios2-elf/4.9.2/mno-hw-mul\libgcc.a(lib2-divmod.o)
 .bss           0x0000000000001a48        0x0 c:/altera/15.1/nios2eds/bin/gnu/h-x86_64-mingw32/bin/../lib/gcc/nios2-elf/4.9.2/mno-hw-mul\libgcc.a(lib2-mul.o)
 *(COMMON)
                0x0000000000001a48                . = ALIGN (0x4)
                0x0000000000001a48                __bss_end = ABSOLUTE (.)

.onchip_memory  0x0000000000001a48        0x0
                0x0000000000001a48                PROVIDE (_alt_partition_onchip_memory_start, ABSOLUTE (.))
 *(.onchip_memory .onchip_memory. onchip_memory.*)
                0x0000000000001a48                . = ALIGN (0x4)
                0x0000000000001a48                PROVIDE (_alt_partition_onchip_memory_end, ABSOLUTE (.))
                0x0000000000001a48                _end = ABSOLUTE (.)
                0x0000000000001a48                end = ABSOLUTE (.)
                0x0000000000001a48                __alt_stack_base = ABSOLUTE (.)
                0x0000000000001a48                PROVIDE (_alt_partition_onchip_memory_load_addr, LOADADDR (.onchip_memory))

.stab
 *(.stab)

.stabstr
 *(.stabstr)

.stab.excl
 *(.stab.excl)

.stab.exclstr
 *(.stab.exclstr)

.stab.index
 *(.stab.index)

.stab.indexstr
 *(.stab.indexstr)

.comment        0x0000000000000000       0x23
 *(.comment)
 .comment       0x0000000000000000       0x23 obj/default/hello_world_small.o
                                         0x24 (size before relaxing)
 .comment       0x0000000000000000       0x24 ../comm_io_bsp/\libhal_bsp.a(alt_getchar.o)
 .comment       0x0000000000000000       0x24 ../comm_io_bsp/\libhal_bsp.a(alt_load.o)
 .comment       0x0000000000000000       0x24 ../comm_io_bsp/\libhal_bsp.a(alt_main.o)
 .comment       0x0000000000000000       0x24 ../comm_io_bsp/\libhal_bsp.a(alt_printf.o)
 .comment       0x0000000000000000       0x24 ../comm_io_bsp/\libhal_bsp.a(alt_putchar.o)
 .comment       0x0000000000000000       0x24 ../comm_io_bsp/\libhal_bsp.a(alt_usleep.o)
 .comment       0x0000000000000000       0x24 ../comm_io_bsp/\libhal_bsp.a(alt_sys_init.o)
 .comment       0x0000000000000000       0x24 ../comm_io_bsp/\libhal_bsp.a(altera_avalon_jtag_uart_read.o)
 .comment       0x0000000000000000       0x24 ../comm_io_bsp/\libhal_bsp.a(altera_avalon_jtag_uart_write.o)
 .comment       0x0000000000000000       0x24 ../comm_io_bsp/\libhal_bsp.a(alt_busy_sleep.o)
 .comment       0x0000000000000000       0x24 ../comm_io_bsp/\libhal_bsp.a(alt_dcache_flush_all.o)
 .comment       0x0000000000000000       0x24 ../comm_io_bsp/\libhal_bsp.a(alt_dev.o)
 .comment       0x0000000000000000       0x24 ../comm_io_bsp/\libhal_bsp.a(alt_icache_flush_all.o)
 .comment       0x0000000000000000       0x24 ../comm_io_bsp/\libhal_bsp.a(altera_nios2_qsys_irq.o)
 .comment       0x0000000000000000       0x24 c:/altera/15.1/nios2eds/bin/gnu/h-x86_64-mingw32/bin/../lib/gcc/nios2-elf/4.9.2/mno-hw-mul\libgcc.a(lib2-divmod.o)
 .comment       0x0000000000000000       0x24 c:/altera/15.1/nios2eds/bin/gnu/h-x86_64-mingw32/bin/../lib/gcc/nios2-elf/4.9.2/mno-hw-mul\libgcc.a(lib2-mul.o)

.debug
 *(.debug)

.line
 *(.line)

.debug_srcinfo
 *(.debug_srcinfo)

.debug_sfnames
 *(.debug_sfnames)

.debug_aranges  0x0000000000000000      0x250
 *(.debug_aranges)
 .debug_aranges
                0x0000000000000000       0x28 ../comm_io_bsp//obj/HAL/src/crt0.o
 .debug_aranges
                0x0000000000000028       0x28 obj/default/hello_world_small.o
 .debug_aranges
                0x0000000000000050       0x20 ../comm_io_bsp/\libhal_bsp.a(alt_getchar.o)
 .debug_aranges
                0x0000000000000070       0x20 ../comm_io_bsp/\libhal_bsp.a(alt_load.o)
 .debug_aranges
                0x0000000000000090       0x20 ../comm_io_bsp/\libhal_bsp.a(alt_main.o)
 .debug_aranges
                0x00000000000000b0       0x20 ../comm_io_bsp/\libhal_bsp.a(alt_printf.o)
 .debug_aranges
                0x00000000000000d0       0x20 ../comm_io_bsp/\libhal_bsp.a(alt_putchar.o)
 .debug_aranges
                0x00000000000000f0       0x20 ../comm_io_bsp/\libhal_bsp.a(alt_usleep.o)
 .debug_aranges
                0x0000000000000110       0x20 ../comm_io_bsp/\libhal_bsp.a(alt_sys_init.o)
 .debug_aranges
                0x0000000000000130       0x20 ../comm_io_bsp/\libhal_bsp.a(altera_avalon_jtag_uart_read.o)
 .debug_aranges
                0x0000000000000150       0x20 ../comm_io_bsp/\libhal_bsp.a(altera_avalon_jtag_uart_write.o)
 .debug_aranges
                0x0000000000000170       0x20 ../comm_io_bsp/\libhal_bsp.a(alt_busy_sleep.o)
 .debug_aranges
                0x0000000000000190       0x20 ../comm_io_bsp/\libhal_bsp.a(alt_dcache_flush_all.o)
 .debug_aranges
                0x00000000000001b0       0x20 ../comm_io_bsp/\libhal_bsp.a(alt_dev.o)
 .debug_aranges
                0x00000000000001d0       0x20 ../comm_io_bsp/\libhal_bsp.a(alt_icache_flush_all.o)
 .debug_aranges
                0x00000000000001f0       0x20 ../comm_io_bsp/\libhal_bsp.a(altera_nios2_qsys_irq.o)
 .debug_aranges
                0x0000000000000210       0x20 c:/altera/15.1/nios2eds/bin/gnu/h-x86_64-mingw32/bin/../lib/gcc/nios2-elf/4.9.2/mno-hw-mul\libgcc.a(lib2-divmod.o)
 .debug_aranges
                0x0000000000000230       0x20 c:/altera/15.1/nios2eds/bin/gnu/h-x86_64-mingw32/bin/../lib/gcc/nios2-elf/4.9.2/mno-hw-mul\libgcc.a(lib2-mul.o)

.debug_pubnames
 *(.debug_pubnames)

.debug_info     0x0000000000000000     0x1b98
 *(.debug_info .gnu.linkonce.wi.*)
 .debug_info    0x0000000000000000       0x68 ../comm_io_bsp//obj/HAL/src/crt0.o
 .debug_info    0x0000000000000068      0x2c2 obj/default/hello_world_small.o
 .debug_info    0x000000000000032a      0x33b ../comm_io_bsp/\libhal_bsp.a(alt_getchar.o)
 .debug_info    0x0000000000000665      0x1ba ../comm_io_bsp/\libhal_bsp.a(alt_load.o)
 .debug_info    0x000000000000081f      0x17b ../comm_io_bsp/\libhal_bsp.a(alt_main.o)
 .debug_info    0x000000000000099a      0x153 ../comm_io_bsp/\libhal_bsp.a(alt_printf.o)
 .debug_info    0x0000000000000aed      0x138 ../comm_io_bsp/\libhal_bsp.a(alt_putchar.o)
 .debug_info    0x0000000000000c25       0xd0 ../comm_io_bsp/\libhal_bsp.a(alt_usleep.o)
 .debug_info    0x0000000000000cf5      0x17a ../comm_io_bsp/\libhal_bsp.a(alt_sys_init.o)
 .debug_info    0x0000000000000e6f      0x1ad ../comm_io_bsp/\libhal_bsp.a(altera_avalon_jtag_uart_read.o)
 .debug_info    0x000000000000101c      0x190 ../comm_io_bsp/\libhal_bsp.a(altera_avalon_jtag_uart_write.o)
 .debug_info    0x00000000000011ac       0xd1 ../comm_io_bsp/\libhal_bsp.a(alt_busy_sleep.o)
 .debug_info    0x000000000000127d       0x8b ../comm_io_bsp/\libhal_bsp.a(alt_dcache_flush_all.o)
 .debug_info    0x0000000000001308      0x492 ../comm_io_bsp/\libhal_bsp.a(alt_dev.o)
 .debug_info    0x000000000000179a       0x8b ../comm_io_bsp/\libhal_bsp.a(alt_icache_flush_all.o)
 .debug_info    0x0000000000001825       0x8b ../comm_io_bsp/\libhal_bsp.a(altera_nios2_qsys_irq.o)
 .debug_info    0x00000000000018b0      0x234 c:/altera/15.1/nios2eds/bin/gnu/h-x86_64-mingw32/bin/../lib/gcc/nios2-elf/4.9.2/mno-hw-mul\libgcc.a(lib2-divmod.o)
 .debug_info    0x0000000000001ae4       0xb4 c:/altera/15.1/nios2eds/bin/gnu/h-x86_64-mingw32/bin/../lib/gcc/nios2-elf/4.9.2/mno-hw-mul\libgcc.a(lib2-mul.o)

.debug_abbrev   0x0000000000000000      0xcd2
 *(.debug_abbrev)
 .debug_abbrev  0x0000000000000000       0x12 ../comm_io_bsp//obj/HAL/src/crt0.o
 .debug_abbrev  0x0000000000000012      0x10f obj/default/hello_world_small.o
 .debug_abbrev  0x0000000000000121      0x11f ../comm_io_bsp/\libhal_bsp.a(alt_getchar.o)
 .debug_abbrev  0x0000000000000240       0xd8 ../comm_io_bsp/\libhal_bsp.a(alt_load.o)
 .debug_abbrev  0x0000000000000318      0x120 ../comm_io_bsp/\libhal_bsp.a(alt_main.o)
 .debug_abbrev  0x0000000000000438       0xde ../comm_io_bsp/\libhal_bsp.a(alt_printf.o)
 .debug_abbrev  0x0000000000000516       0xd4 ../comm_io_bsp/\libhal_bsp.a(alt_putchar.o)
 .debug_abbrev  0x00000000000005ea       0x96 ../comm_io_bsp/\libhal_bsp.a(alt_usleep.o)
 .debug_abbrev  0x0000000000000680      0x107 ../comm_io_bsp/\libhal_bsp.a(alt_sys_init.o)
 .debug_abbrev  0x0000000000000787      0x102 ../comm_io_bsp/\libhal_bsp.a(altera_avalon_jtag_uart_read.o)
 .debug_abbrev  0x0000000000000889       0xd5 ../comm_io_bsp/\libhal_bsp.a(altera_avalon_jtag_uart_write.o)
 .debug_abbrev  0x000000000000095e       0x8d ../comm_io_bsp/\libhal_bsp.a(alt_busy_sleep.o)
 .debug_abbrev  0x00000000000009eb       0x42 ../comm_io_bsp/\libhal_bsp.a(alt_dcache_flush_all.o)
 .debug_abbrev  0x0000000000000a2d       0xd9 ../comm_io_bsp/\libhal_bsp.a(alt_dev.o)
 .debug_abbrev  0x0000000000000b06       0x42 ../comm_io_bsp/\libhal_bsp.a(alt_icache_flush_all.o)
 .debug_abbrev  0x0000000000000b48       0x42 ../comm_io_bsp/\libhal_bsp.a(altera_nios2_qsys_irq.o)
 .debug_abbrev  0x0000000000000b8a       0xd9 c:/altera/15.1/nios2eds/bin/gnu/h-x86_64-mingw32/bin/../lib/gcc/nios2-elf/4.9.2/mno-hw-mul\libgcc.a(lib2-divmod.o)
 .debug_abbrev  0x0000000000000c63       0x6f c:/altera/15.1/nios2eds/bin/gnu/h-x86_64-mingw32/bin/../lib/gcc/nios2-elf/4.9.2/mno-hw-mul\libgcc.a(lib2-mul.o)

.debug_line     0x0000000000000000      0xc83
 *(.debug_line)
 .debug_line    0x0000000000000000       0x66 ../comm_io_bsp//obj/HAL/src/crt0.o
 .debug_line    0x0000000000000066      0x112 obj/default/hello_world_small.o
 .debug_line    0x0000000000000178       0xb7 ../comm_io_bsp/\libhal_bsp.a(alt_getchar.o)
 .debug_line    0x000000000000022f       0xa6 ../comm_io_bsp/\libhal_bsp.a(alt_load.o)
 .debug_line    0x00000000000002d5       0xbd ../comm_io_bsp/\libhal_bsp.a(alt_main.o)
 .debug_line    0x0000000000000392      0x108 ../comm_io_bsp/\libhal_bsp.a(alt_printf.o)
 .debug_line    0x000000000000049a       0x55 ../comm_io_bsp/\libhal_bsp.a(alt_putchar.o)
 .debug_line    0x00000000000004ef       0xc7 ../comm_io_bsp/\libhal_bsp.a(alt_usleep.o)
 .debug_line    0x00000000000005b6      0x101 ../comm_io_bsp/\libhal_bsp.a(alt_sys_init.o)
 .debug_line    0x00000000000006b7       0xfb ../comm_io_bsp/\libhal_bsp.a(altera_avalon_jtag_uart_read.o)
 .debug_line    0x00000000000007b2       0xf0 ../comm_io_bsp/\libhal_bsp.a(altera_avalon_jtag_uart_write.o)
 .debug_line    0x00000000000008a2       0xc0 ../comm_io_bsp/\libhal_bsp.a(alt_busy_sleep.o)
 .debug_line    0x0000000000000962       0x4e ../comm_io_bsp/\libhal_bsp.a(alt_dcache_flush_all.o)
 .debug_line    0x00000000000009b0       0xee ../comm_io_bsp/\libhal_bsp.a(alt_dev.o)
 .debug_line    0x0000000000000a9e       0x4e ../comm_io_bsp/\libhal_bsp.a(alt_icache_flush_all.o)
 .debug_line    0x0000000000000aec       0x50 ../comm_io_bsp/\libhal_bsp.a(altera_nios2_qsys_irq.o)
 .debug_line    0x0000000000000b3c       0xc7 c:/altera/15.1/nios2eds/bin/gnu/h-x86_64-mingw32/bin/../lib/gcc/nios2-elf/4.9.2/mno-hw-mul\libgcc.a(lib2-divmod.o)
 .debug_line    0x0000000000000c03       0x80 c:/altera/15.1/nios2eds/bin/gnu/h-x86_64-mingw32/bin/../lib/gcc/nios2-elf/4.9.2/mno-hw-mul\libgcc.a(lib2-mul.o)

.debug_frame    0x0000000000000000      0x344
 *(.debug_frame)
 .debug_frame   0x0000000000000000       0x40 obj/default/hello_world_small.o
 .debug_frame   0x0000000000000040       0x2c ../comm_io_bsp/\libhal_bsp.a(alt_getchar.o)
 .debug_frame   0x000000000000006c       0x30 ../comm_io_bsp/\libhal_bsp.a(alt_load.o)
 .debug_frame   0x000000000000009c       0x2c ../comm_io_bsp/\libhal_bsp.a(alt_main.o)
 .debug_frame   0x00000000000000c8       0x54 ../comm_io_bsp/\libhal_bsp.a(alt_printf.o)
 .debug_frame   0x000000000000011c       0x30 ../comm_io_bsp/\libhal_bsp.a(alt_putchar.o)
 .debug_frame   0x000000000000014c       0x20 ../comm_io_bsp/\libhal_bsp.a(alt_usleep.o)
 .debug_frame   0x000000000000016c       0x3c ../comm_io_bsp/\libhal_bsp.a(alt_sys_init.o)
 .debug_frame   0x00000000000001a8       0x20 ../comm_io_bsp/\libhal_bsp.a(altera_avalon_jtag_uart_read.o)
 .debug_frame   0x00000000000001c8       0x20 ../comm_io_bsp/\libhal_bsp.a(altera_avalon_jtag_uart_write.o)
 .debug_frame   0x00000000000001e8       0x30 ../comm_io_bsp/\libhal_bsp.a(alt_busy_sleep.o)
 .debug_frame   0x0000000000000218       0x20 ../comm_io_bsp/\libhal_bsp.a(alt_dcache_flush_all.o)
 .debug_frame   0x0000000000000238       0x20 ../comm_io_bsp/\libhal_bsp.a(alt_dev.o)
 .debug_frame   0x0000000000000258       0x20 ../comm_io_bsp/\libhal_bsp.a(alt_icache_flush_all.o)
 .debug_frame   0x0000000000000278       0x20 ../comm_io_bsp/\libhal_bsp.a(altera_nios2_qsys_irq.o)
 .debug_frame   0x0000000000000298       0x8c c:/altera/15.1/nios2eds/bin/gnu/h-x86_64-mingw32/bin/../lib/gcc/nios2-elf/4.9.2/mno-hw-mul\libgcc.a(lib2-divmod.o)
 .debug_frame   0x0000000000000324       0x20 c:/altera/15.1/nios2eds/bin/gnu/h-x86_64-mingw32/bin/../lib/gcc/nios2-elf/4.9.2/mno-hw-mul\libgcc.a(lib2-mul.o)

.debug_str      0x0000000000000000      0x922
 *(.debug_str)
 .debug_str     0x0000000000000000      0x132 obj/default/hello_world_small.o
                                        0x170 (size before relaxing)
 .debug_str     0x0000000000000132      0x127 ../comm_io_bsp/\libhal_bsp.a(alt_getchar.o)
                                        0x213 (size before relaxing)
 .debug_str     0x0000000000000259      0x14f ../comm_io_bsp/\libhal_bsp.a(alt_load.o)
                                        0x219 (size before relaxing)
 .debug_str     0x00000000000003a8       0x5e ../comm_io_bsp/\libhal_bsp.a(alt_main.o)
                                        0x192 (size before relaxing)
 .debug_str     0x0000000000000406       0x59 ../comm_io_bsp/\libhal_bsp.a(alt_printf.o)
                                         0xef (size before relaxing)
 .debug_str     0x000000000000045f       0x34 ../comm_io_bsp/\libhal_bsp.a(alt_putchar.o)
                                        0x168 (size before relaxing)
 .debug_str     0x0000000000000493       0x24 ../comm_io_bsp/\libhal_bsp.a(alt_usleep.o)
                                        0x134 (size before relaxing)
 .debug_str     0x00000000000004b7       0x86 ../comm_io_bsp/\libhal_bsp.a(alt_sys_init.o)
                                        0x201 (size before relaxing)
 .debug_str     0x000000000000053d       0x3d ../comm_io_bsp/\libhal_bsp.a(altera_avalon_jtag_uart_read.o)
                                        0x1fc (size before relaxing)
 .debug_str     0x000000000000057a       0x32 ../comm_io_bsp/\libhal_bsp.a(altera_avalon_jtag_uart_write.o)
                                        0x1f2 (size before relaxing)
 .debug_str     0x00000000000005ac       0x33 ../comm_io_bsp/\libhal_bsp.a(alt_busy_sleep.o)
                                        0x148 (size before relaxing)
 .debug_str     0x00000000000005df       0x1f ../comm_io_bsp/\libhal_bsp.a(alt_dcache_flush_all.o)
                                        0x132 (size before relaxing)
 .debug_str     0x00000000000005fe      0x120 ../comm_io_bsp/\libhal_bsp.a(alt_dev.o)
                                        0x2e2 (size before relaxing)
 .debug_str     0x000000000000071e       0x1f ../comm_io_bsp/\libhal_bsp.a(alt_icache_flush_all.o)
                                        0x132 (size before relaxing)
 .debug_str     0x000000000000073d       0x20 ../comm_io_bsp/\libhal_bsp.a(altera_nios2_qsys_irq.o)
                                        0x139 (size before relaxing)
 .debug_str     0x000000000000075d      0x185 c:/altera/15.1/nios2eds/bin/gnu/h-x86_64-mingw32/bin/../lib/gcc/nios2-elf/4.9.2/mno-hw-mul\libgcc.a(lib2-divmod.o)
                                        0x1d0 (size before relaxing)
 .debug_str     0x00000000000008e2       0x40 c:/altera/15.1/nios2eds/bin/gnu/h-x86_64-mingw32/bin/../lib/gcc/nios2-elf/4.9.2/mno-hw-mul\libgcc.a(lib2-mul.o)
                                        0x191 (size before relaxing)

.debug_loc      0x0000000000000000      0x7e9
 *(.debug_loc)
 .debug_loc     0x0000000000000000       0xf0 obj/default/hello_world_small.o
 .debug_loc     0x00000000000000f0      0x1c6 ../comm_io_bsp/\libhal_bsp.a(alt_printf.o)
 .debug_loc     0x00000000000002b6       0x2c ../comm_io_bsp/\libhal_bsp.a(alt_putchar.o)
 .debug_loc     0x00000000000002e2       0x21 ../comm_io_bsp/\libhal_bsp.a(alt_usleep.o)
 .debug_loc     0x0000000000000303       0x21 ../comm_io_bsp/\libhal_bsp.a(alt_sys_init.o)
 .debug_loc     0x0000000000000324       0xcd ../comm_io_bsp/\libhal_bsp.a(altera_avalon_jtag_uart_read.o)
 .debug_loc     0x00000000000003f1       0x8b ../comm_io_bsp/\libhal_bsp.a(altera_avalon_jtag_uart_write.o)
 .debug_loc     0x000000000000047c       0x67 ../comm_io_bsp/\libhal_bsp.a(alt_busy_sleep.o)
 .debug_loc     0x00000000000004e3      0x273 c:/altera/15.1/nios2eds/bin/gnu/h-x86_64-mingw32/bin/../lib/gcc/nios2-elf/4.9.2/mno-hw-mul\libgcc.a(lib2-divmod.o)
 .debug_loc     0x0000000000000756       0x93 c:/altera/15.1/nios2eds/bin/gnu/h-x86_64-mingw32/bin/../lib/gcc/nios2-elf/4.9.2/mno-hw-mul\libgcc.a(lib2-mul.o)

.debug_macinfo
 *(.debug_macinfo)

.debug_weaknames
 *(.debug_weaknames)

.debug_funcnames
 *(.debug_funcnames)

.debug_typenames
 *(.debug_typenames)

.debug_varnames
 *(.debug_varnames)

.debug_alt_sim_info
                0x0000000000000000       0x40
 *(.debug_alt_sim_info)
 .debug_alt_sim_info
                0x0000000000000000       0x10 ../comm_io_bsp//obj/HAL/src/crt0.o
 .debug_alt_sim_info
                0x0000000000000010       0x30 ../comm_io_bsp/\libhal_bsp.a(alt_busy_sleep.o)
                0x0000000000002000                __alt_data_end = 0x2000
                0x0000000000002000                PROVIDE (__alt_stack_pointer, __alt_data_end)
                0x0000000000001a48                PROVIDE (__alt_stack_limit, __alt_stack_base)
                0x0000000000001a48                PROVIDE (__alt_heap_start, end)
                0x0000000000002000                PROVIDE (__alt_heap_limit, 0x2000)
OUTPUT(comm_io.elf elf32-littlenios2)

.debug_ranges   0x0000000000000000       0xb8
 .debug_ranges  0x0000000000000000       0x20 ../comm_io_bsp//obj/HAL/src/crt0.o
 .debug_ranges  0x0000000000000020       0x18 obj/default/hello_world_small.o
 .debug_ranges  0x0000000000000038       0x48 ../comm_io_bsp/\libhal_bsp.a(alt_load.o)
 .debug_ranges  0x0000000000000080       0x18 ../comm_io_bsp/\libhal_bsp.a(alt_printf.o)
 .debug_ranges  0x0000000000000098       0x20 ../comm_io_bsp/\libhal_bsp.a(altera_avalon_jtag_uart_read.o)
