Archive member included to satisfy reference by file (symbol)

../battleship_bsp/\libhal_bsp.a(alt_getchar.o)
                              obj/default/hello_world_small.o (alt_getchar)
../battleship_bsp/\libhal_bsp.a(alt_load.o)
                              ../battleship_bsp//obj/HAL/src/crt0.o (alt_load)
../battleship_bsp/\libhal_bsp.a(alt_main.o)
                              ../battleship_bsp//obj/HAL/src/crt0.o (alt_main)
../battleship_bsp/\libhal_bsp.a(alt_printf.o)
                              obj/default/hello_world_small.o (alt_printf)
../battleship_bsp/\libhal_bsp.a(alt_putchar.o)
                              obj/default/hello_world_small.o (alt_putchar)
../battleship_bsp/\libhal_bsp.a(alt_usleep.o)
                              obj/default/hello_world_small.o (usleep)
../battleship_bsp/\libhal_bsp.a(alt_sys_init.o)
                              ../battleship_bsp/\libhal_bsp.a(alt_main.o) (alt_irq_init)
../battleship_bsp/\libhal_bsp.a(altera_avalon_jtag_uart_read.o)
                              ../battleship_bsp/\libhal_bsp.a(alt_getchar.o) (altera_avalon_jtag_uart_read)
../battleship_bsp/\libhal_bsp.a(altera_avalon_jtag_uart_write.o)
                              ../battleship_bsp/\libhal_bsp.a(alt_putchar.o) (altera_avalon_jtag_uart_write)
../battleship_bsp/\libhal_bsp.a(alt_busy_sleep.o)
                              ../battleship_bsp/\libhal_bsp.a(alt_usleep.o) (alt_busy_sleep)
../battleship_bsp/\libhal_bsp.a(alt_dcache_flush_all.o)
                              ../battleship_bsp/\libhal_bsp.a(alt_load.o) (alt_dcache_flush_all)
../battleship_bsp/\libhal_bsp.a(alt_dev.o)
                              ../battleship_bsp/\libhal_bsp.a(alt_getchar.o) (alt_fd_list)
../battleship_bsp/\libhal_bsp.a(alt_icache_flush_all.o)
                              ../battleship_bsp/\libhal_bsp.a(alt_load.o) (alt_icache_flush_all)
../battleship_bsp/\libhal_bsp.a(altera_nios2_qsys_irq.o)
                              ../battleship_bsp/\libhal_bsp.a(alt_sys_init.o) (altera_nios2_qsys_irq_init)
c:/altera_lite/15.1/nios2eds/bin/gnu/h-x86_64-mingw32/bin/../lib/gcc/nios2-elf/4.9.2/mno-hw-mul\libgcc.a(lib2-divmod.o)
                              ../battleship_bsp/\libhal_bsp.a(alt_busy_sleep.o) (__udivsi3)
c:/altera_lite/15.1/nios2eds/bin/gnu/h-x86_64-mingw32/bin/../lib/gcc/nios2-elf/4.9.2/mno-hw-mul\libgcc.a(lib2-mul.o)
                              ../battleship_bsp/\libhal_bsp.a(alt_busy_sleep.o) (__mulsi3)

Allocating common symbols
Common symbol       size              file

parity              0x1               obj/default/hello_world_small.o
outputBuffer        0xa               obj/default/hello_world_small.o
inputBuffer         0xa               obj/default/hello_world_small.o
sent                0x1               obj/default/hello_world_small.o
yourShotX           0x4               obj/default/hello_world_small.o
enemyHits           0x4               obj/default/hello_world_small.o
theirShotY          0x4               obj/default/hello_world_small.o
theirShotX          0x4               obj/default/hello_world_small.o
yourShotY           0x4               obj/default/hello_world_small.o

Memory Configuration

Name             Origin             Length             Attributes
reset            0x0000000000010000 0x0000000000000020
onchip_memory    0x0000000000010020 0x000000000000ffe0
*default*        0x0000000000000000 0xffffffffffffffff

Linker script and memory map

LOAD ../battleship_bsp//obj/HAL/src/crt0.o
LOAD obj/default/hello_world_small.o
LOAD c:/altera_lite/15.1/nios2eds/bin/gnu/h-x86_64-mingw32/bin/../lib/gcc/nios2-elf/4.9.2/../../../../../H-x86_64-mingw32/nios2-elf/lib/mno-hw-mul\libstdc++.a
LOAD c:/altera_lite/15.1/nios2eds/bin/gnu/h-x86_64-mingw32/bin/../lib/gcc/nios2-elf/4.9.2/../../../../../H-x86_64-mingw32/nios2-elf/lib/mno-hw-mul\libm.a
LOAD c:/altera_lite/15.1/nios2eds/bin/gnu/h-x86_64-mingw32/bin/../lib/gcc/nios2-elf/4.9.2/mno-hw-mul\libgcc.a
START GROUP
LOAD c:/altera_lite/15.1/nios2eds/bin/gnu/h-x86_64-mingw32/bin/../lib/gcc/nios2-elf/4.9.2/../../../../../H-x86_64-mingw32/nios2-elf/lib/mno-hw-mul\libsmallc.a
LOAD c:/altera_lite/15.1/nios2eds/bin/gnu/h-x86_64-mingw32/bin/../lib/gcc/nios2-elf/4.9.2/mno-hw-mul\libgcc.a
LOAD ../battleship_bsp/\libhal_bsp.a
LOAD c:/altera_lite/15.1/nios2eds/bin/gnu/h-x86_64-mingw32/bin/../lib/gcc/nios2-elf/4.9.2/../../../../../H-x86_64-mingw32/nios2-elf/lib/mno-hw-mul\libm.a
END GROUP
LOAD c:/altera_lite/15.1/nios2eds/bin/gnu/h-x86_64-mingw32/bin/../lib/gcc/nios2-elf/4.9.2/mno-hw-mul\libgcc.a
                0x0000000000010000                __alt_mem_onchip_memory = 0x10000

.entry          0x0000000000010000       0x20
 *(.entry)
 .entry         0x0000000000010000       0x20 ../battleship_bsp//obj/HAL/src/crt0.o
                0x0000000000010000                __reset
                0x000000000001000c                _exit

.exceptions     0x0000000000010020        0x0
                0x0000000000010020                PROVIDE (__ram_exceptions_start, ABSOLUTE (.))
                0x0000000000010020                . = ALIGN (0x20)
 *(.irq)
 *(.exceptions.entry.label)
 *(.exceptions.entry.user)
 *(.exceptions.entry.ecc_fatal)
 *(.exceptions.entry)
 *(.exceptions.irqtest.user)
 *(.exceptions.irqtest)
 *(.exceptions.irqhandler.user)
 *(.exceptions.irqhandler)
 *(.exceptions.irqreturn.user)
 *(.exceptions.irqreturn)
 *(.exceptions.notirq.label)
 *(.exceptions.notirq.user)
 *(.exceptions.notirq)
 *(.exceptions.soft.user)
 *(.exceptions.soft)
 *(.exceptions.unknown.user)
 *(.exceptions.unknown)
 *(.exceptions.exit.label)
 *(.exceptions.exit.user)
 *(.exceptions.exit)
 *(.exceptions)
                0x0000000000010020                PROVIDE (__ram_exceptions_end, ABSOLUTE (.))
                0x0000000000010020                PROVIDE (__flash_exceptions_start, LOADADDR (.exceptions))

.text           0x0000000000010020     0x1640
                0x0000000000010020                PROVIDE (stext, ABSOLUTE (.))
 *(.interp)
 *(.hash)
 *(.dynsym)
 *(.dynstr)
 *(.gnu.version)
 *(.gnu.version_d)
 *(.gnu.version_r)
 *(.rel.init)
 *(.rela.init)
 *(.rel.text .rel.text.* .rel.gnu.linkonce.t.*)
 *(.rela.text .rela.text.* .rela.gnu.linkonce.t.*)
 *(.rel.fini)
 *(.rela.fini)
 *(.rel.rodata .rel.rodata.* .rel.gnu.linkonce.r.*)
 *(.rela.rodata .rela.rodata.* .rela.gnu.linkonce.r.*)
 *(.rel.data .rel.data.* .rel.gnu.linkonce.d.*)
 *(.rela.data .rela.data.* .rela.gnu.linkonce.d.*)
 *(.rel.tdata .rel.tdata.* .rel.gnu.linkonce.td.*)
 *(.rela.tdata .rela.tdata.* .rela.gnu.linkonce.td.*)
 *(.rel.tbss .rel.tbss.* .rel.gnu.linkonce.tb.*)
 *(.rela.tbss .rela.tbss.* .rela.gnu.linkonce.tb.*)
 *(.rel.ctors)
 *(.rela.ctors)
 *(.rel.dtors)
 *(.rela.dtors)
 *(.rel.got)
 *(.rela.got)
 *(.rel.sdata .rel.sdata.* .rel.gnu.linkonce.s.*)
 *(.rela.sdata .rela.sdata.* .rela.gnu.linkonce.s.*)
 *(.rel.sbss .rel.sbss.* .rel.gnu.linkonce.sb.*)
 *(.rela.sbss .rela.sbss.* .rela.gnu.linkonce.sb.*)
 *(.rel.sdata2 .rel.sdata2.* .rel.gnu.linkonce.s2.*)
 *(.rela.sdata2 .rela.sdata2.* .rela.gnu.linkonce.s2.*)
 *(.rel.sbss2 .rel.sbss2.* .rel.gnu.linkonce.sb2.*)
 *(.rela.sbss2 .rela.sbss2.* .rela.gnu.linkonce.sb2.*)
 *(.rel.bss .rel.bss.* .rel.gnu.linkonce.b.*)
 *(.rela.bss .rela.bss.* .rela.gnu.linkonce.b.*)
 *(.rel.plt)
 *(.rela.plt)
 *(.rel.dyn)
 *(.init)
 *(.plt)
 *(.text .stub .text.* .gnu.linkonce.t.*)
 .text          0x0000000000010020       0x3c ../battleship_bsp//obj/HAL/src/crt0.o
                0x0000000000010020                _start
 .text          0x000000000001005c      0xb78 obj/default/hello_world_small.o
                0x000000000001005c                charToInt
                0x0000000000010078                enterString
                0x00000000000100e4                checkIndex
                0x00000000000100fc                computeParity
                0x0000000000010140                createByte
                0x0000000000010154                sendChar
                0x0000000000010210                readString
                0x0000000000010334                sendString
                0x00000000000103b4                printInput
                0x0000000000010400                readSRAM
                0x000000000001045c                writeSRAM
                0x00000000000104b4                checkMove
                0x00000000000104f4                translateOutputBuffer
                0x0000000000010530                translateInputBuffer
                0x000000000001056c                updateEnemyBoard
                0x00000000000105c4                updateYourBoard
                0x0000000000010680                ledArrayYourShots
                0x0000000000010724                printEnemyBoard
                0x0000000000010834                ledArrayYourBoard
                0x00000000000108dc                printYourBoard
                0x00000000000109a8                eraseSRAM
                0x00000000000109e8                setIndexHigh
                0x0000000000010a3c                setUpBoats
 .text.startup  0x0000000000010bd4      0x4c4 obj/default/hello_world_small.o
                0x0000000000010bd4                main
 .text          0x0000000000011098       0x44 ../battleship_bsp/\libhal_bsp.a(alt_getchar.o)
                0x0000000000011098                alt_getchar
 .text          0x00000000000110dc       0xf8 ../battleship_bsp/\libhal_bsp.a(alt_load.o)
                0x00000000000110dc                alt_load
 .text          0x00000000000111d4       0x2c ../battleship_bsp/\libhal_bsp.a(alt_main.o)
                0x00000000000111d4                alt_main
 .text          0x0000000000011200      0x16c ../battleship_bsp/\libhal_bsp.a(alt_printf.o)
                0x0000000000011200                alt_printf
 .text          0x000000000001136c       0x48 ../battleship_bsp/\libhal_bsp.a(alt_putchar.o)
                0x000000000001136c                alt_putchar
 .text          0x00000000000113b4        0x4 ../battleship_bsp/\libhal_bsp.a(alt_usleep.o)
                0x00000000000113b4                usleep
 .text          0x00000000000113b8       0x24 ../battleship_bsp/\libhal_bsp.a(alt_sys_init.o)
                0x00000000000113b8                alt_irq_init
                0x00000000000113d8                alt_sys_init
 .text          0x00000000000113dc       0x5c ../battleship_bsp/\libhal_bsp.a(altera_avalon_jtag_uart_read.o)
                0x00000000000113dc                altera_avalon_jtag_uart_read
 .text          0x0000000000011438       0x34 ../battleship_bsp/\libhal_bsp.a(altera_avalon_jtag_uart_write.o)
                0x0000000000011438                altera_avalon_jtag_uart_write
 .text          0x000000000001146c       0x88 ../battleship_bsp/\libhal_bsp.a(alt_busy_sleep.o)
                0x000000000001146c                alt_busy_sleep
 .text          0x00000000000114f4        0x4 ../battleship_bsp/\libhal_bsp.a(alt_dcache_flush_all.o)
                0x00000000000114f4                alt_dcache_flush_all
 .text          0x00000000000114f8        0x8 ../battleship_bsp/\libhal_bsp.a(alt_dev.o)
 .text          0x0000000000011500        0x4 ../battleship_bsp/\libhal_bsp.a(alt_icache_flush_all.o)
                0x0000000000011500                alt_icache_flush_all
 .text          0x0000000000011504        0x8 ../battleship_bsp/\libhal_bsp.a(altera_nios2_qsys_irq.o)
                0x0000000000011504                altera_nios2_qsys_irq_init
 .text          0x000000000001150c      0x12c c:/altera_lite/15.1/nios2eds/bin/gnu/h-x86_64-mingw32/bin/../lib/gcc/nios2-elf/4.9.2/mno-hw-mul\libgcc.a(lib2-divmod.o)
                0x0000000000011578                __divsi3
                0x00000000000115cc                __modsi3
                0x0000000000011628                __udivsi3
                0x0000000000011630                __umodsi3
 .text          0x0000000000011638       0x28 c:/altera_lite/15.1/nios2eds/bin/gnu/h-x86_64-mingw32/bin/../lib/gcc/nios2-elf/4.9.2/mno-hw-mul\libgcc.a(lib2-mul.o)
                0x0000000000011638                __mulsi3
 *(.gnu.warning.*)
 *(.fini)
                0x0000000000011660                PROVIDE (__etext, ABSOLUTE (.))
                0x0000000000011660                PROVIDE (_etext, ABSOLUTE (.))
                0x0000000000011660                PROVIDE (etext, ABSOLUTE (.))
 *(.eh_frame_hdr)
                0x0000000000011660                . = ALIGN (0x4)
                0x0000000000011660                PROVIDE (__preinit_array_start, ABSOLUTE (.))
 *(.preinit_array)
                0x0000000000011660                PROVIDE (__preinit_array_end, ABSOLUTE (.))
                0x0000000000011660                PROVIDE (__init_array_start, ABSOLUTE (.))
 *(.init_array)
                0x0000000000011660                PROVIDE (__init_array_end, ABSOLUTE (.))
                0x0000000000011660                PROVIDE (__fini_array_start, ABSOLUTE (.))
 *(.fini_array)
                0x0000000000011660                PROVIDE (__fini_array_end, ABSOLUTE (.))
 *(.eh_frame)
 *(.gcc_except_table .gcc_except_table.*)
 *(.dynamic)
                0x0000000000011660                PROVIDE (__CTOR_LIST__, ABSOLUTE (.))
 *(.ctors)
 *(SORT(.ctors.*))
                0x0000000000011660                PROVIDE (__CTOR_END__, ABSOLUTE (.))
                0x0000000000011660                PROVIDE (__DTOR_LIST__, ABSOLUTE (.))
 *(.dtors)
 *(SORT(.dtors.*))
                0x0000000000011660                PROVIDE (__DTOR_END__, ABSOLUTE (.))
 *(.jcr)
                0x0000000000011660                . = ALIGN (0x4)

.rodata         0x0000000000011660     0x1f34
                0x0000000000011660                PROVIDE (__ram_rodata_start, ABSOLUTE (.))
                0x0000000000011660                . = ALIGN (0x4)
 *(.rodata .rodata.* .gnu.linkonce.r.*)
 .rodata.str1.4
                0x0000000000011660     0x1f25 obj/default/hello_world_small.o
                                       0x1f30 (size before relaxing)
 *fill*         0x0000000000013585        0x3 
 .rodata.str1.4
                0x0000000000013588        0xc ../battleship_bsp/\libhal_bsp.a(alt_dev.o)
 *(.rodata1)
                0x0000000000013594                . = ALIGN (0x4)
                0x0000000000013594                PROVIDE (__ram_rodata_end, ABSOLUTE (.))
                0x0000000000011660                PROVIDE (__flash_rodata_start, LOADADDR (.rodata))

.rwdata         0x0000000000013594       0x70 load address 0x0000000000013604
                0x0000000000013594                PROVIDE (__ram_rwdata_start, ABSOLUTE (.))
                0x0000000000013594                . = ALIGN (0x4)
 *(.got.plt)
 *(.got)
 *(.data1)
 *(.data .data.* .gnu.linkonce.d.*)
 .data          0x0000000000013594        0x0 ../battleship_bsp//obj/HAL/src/crt0.o
 .data          0x0000000000013594        0x0 obj/default/hello_world_small.o
 .data          0x0000000000013594        0x0 ../battleship_bsp/\libhal_bsp.a(alt_getchar.o)
 .data          0x0000000000013594        0x0 ../battleship_bsp/\libhal_bsp.a(alt_load.o)
 .data          0x0000000000013594        0x0 ../battleship_bsp/\libhal_bsp.a(alt_main.o)
 .data          0x0000000000013594        0x0 ../battleship_bsp/\libhal_bsp.a(alt_printf.o)
 .data          0x0000000000013594        0x0 ../battleship_bsp/\libhal_bsp.a(alt_putchar.o)
 .data          0x0000000000013594        0x0 ../battleship_bsp/\libhal_bsp.a(alt_usleep.o)
 .data          0x0000000000013594        0x0 ../battleship_bsp/\libhal_bsp.a(alt_sys_init.o)
 .data          0x0000000000013594        0x0 ../battleship_bsp/\libhal_bsp.a(altera_avalon_jtag_uart_read.o)
 .data          0x0000000000013594        0x0 ../battleship_bsp/\libhal_bsp.a(altera_avalon_jtag_uart_write.o)
 .data          0x0000000000013594        0x0 ../battleship_bsp/\libhal_bsp.a(alt_busy_sleep.o)
 .data          0x0000000000013594        0x0 ../battleship_bsp/\libhal_bsp.a(alt_dcache_flush_all.o)
 .data          0x0000000000013594       0x58 ../battleship_bsp/\libhal_bsp.a(alt_dev.o)
                0x0000000000013594                alt_fd_list
                0x00000000000135c4                alt_dev_null
 .data          0x00000000000135ec        0x0 ../battleship_bsp/\libhal_bsp.a(alt_icache_flush_all.o)
 .data          0x00000000000135ec        0x0 ../battleship_bsp/\libhal_bsp.a(altera_nios2_qsys_irq.o)
 .data          0x00000000000135ec        0x0 c:/altera_lite/15.1/nios2eds/bin/gnu/h-x86_64-mingw32/bin/../lib/gcc/nios2-elf/4.9.2/mno-hw-mul\libgcc.a(lib2-divmod.o)
 .data          0x00000000000135ec        0x0 c:/altera_lite/15.1/nios2eds/bin/gnu/h-x86_64-mingw32/bin/../lib/gcc/nios2-elf/4.9.2/mno-hw-mul\libgcc.a(lib2-mul.o)
                0x000000000001b5ec                _gp = ABSOLUTE ((. + 0x8000))
                0x000000000001b5ec                PROVIDE (gp, _gp)
 *(.rwdata .rwdata.*)
 *(.sdata .sdata.* .gnu.linkonce.s.*)
 .sdata         0x00000000000135ec        0x4 ../battleship_bsp/\libhal_bsp.a(alt_sys_init.o)
                0x00000000000135ec                jtag_uart
 .sdata         0x00000000000135f0       0x14 ../battleship_bsp/\libhal_bsp.a(alt_dev.o)
                0x00000000000135f0                alt_max_fd
                0x00000000000135f4                alt_dev_list
                0x00000000000135fc                alt_fs_list
 *(.sdata2 .sdata2.* .gnu.linkonce.s2.*)
                0x0000000000013604                . = ALIGN (0x4)
                0x0000000000013604                _edata = ABSOLUTE (.)
                0x0000000000013604                PROVIDE (edata, ABSOLUTE (.))
                0x0000000000013604                PROVIDE (__ram_rwdata_end, ABSOLUTE (.))
                0x0000000000013604                PROVIDE (__flash_rwdata_start, LOADADDR (.rwdata))

.bss            0x0000000000013674       0x3c
                0x0000000000013674                __bss_start = ABSOLUTE (.)
                0x0000000000013674                PROVIDE (__sbss_start, ABSOLUTE (.))
                0x0000000000013674                PROVIDE (___sbss_start, ABSOLUTE (.))
 *(.dynsbss)
 *(.sbss .sbss.* .gnu.linkonce.sb.*)
 .sbss          0x0000000000013674        0x4 obj/default/hello_world_small.o
                0x0000000000013674                yourHits
 .sbss          0x0000000000013678       0x18 obj/default/hello_world_small.o
                0x0000000000013678                parity
                0x0000000000013679                sent
                0x000000000001367c                yourShotX
                0x0000000000013680                enemyHits
                0x0000000000013684                theirShotY
                0x0000000000013688                theirShotX
                0x000000000001368c                yourShotY
 .sbss          0x0000000000013690        0xc ../battleship_bsp/\libhal_bsp.a(alt_main.o)
                0x0000000000013690                alt_envp
                0x0000000000013694                alt_argv
                0x0000000000013698                alt_argc
 *(.sbss2 .sbss2.* .gnu.linkonce.sb2.*)
 *(.scommon)
                0x000000000001369c                PROVIDE (__sbss_end, ABSOLUTE (.))
                0x000000000001369c                PROVIDE (___sbss_end, ABSOLUTE (.))
 *(.dynbss)
 *(.bss .bss.* .gnu.linkonce.b.*)
 .bss           0x000000000001369c        0x0 ../battleship_bsp//obj/HAL/src/crt0.o
 .bss           0x000000000001369c        0x0 obj/default/hello_world_small.o
 .bss           0x000000000001369c        0x0 ../battleship_bsp/\libhal_bsp.a(alt_getchar.o)
 .bss           0x000000000001369c        0x0 ../battleship_bsp/\libhal_bsp.a(alt_load.o)
 .bss           0x000000000001369c        0x0 ../battleship_bsp/\libhal_bsp.a(alt_main.o)
 .bss           0x000000000001369c        0x0 ../battleship_bsp/\libhal_bsp.a(alt_printf.o)
 .bss           0x000000000001369c        0x0 ../battleship_bsp/\libhal_bsp.a(alt_putchar.o)
 .bss           0x000000000001369c        0x0 ../battleship_bsp/\libhal_bsp.a(alt_usleep.o)
 .bss           0x000000000001369c        0x0 ../battleship_bsp/\libhal_bsp.a(alt_sys_init.o)
 .bss           0x000000000001369c        0x0 ../battleship_bsp/\libhal_bsp.a(altera_avalon_jtag_uart_read.o)
 .bss           0x000000000001369c        0x0 ../battleship_bsp/\libhal_bsp.a(altera_avalon_jtag_uart_write.o)
 .bss           0x000000000001369c        0x0 ../battleship_bsp/\libhal_bsp.a(alt_busy_sleep.o)
 .bss           0x000000000001369c        0x0 ../battleship_bsp/\libhal_bsp.a(alt_dcache_flush_all.o)
 .bss           0x000000000001369c        0x0 ../battleship_bsp/\libhal_bsp.a(alt_dev.o)
 .bss           0x000000000001369c        0x0 ../battleship_bsp/\libhal_bsp.a(alt_icache_flush_all.o)
 .bss           0x000000000001369c        0x0 ../battleship_bsp/\libhal_bsp.a(altera_nios2_qsys_irq.o)
 .bss           0x000000000001369c        0x0 c:/altera_lite/15.1/nios2eds/bin/gnu/h-x86_64-mingw32/bin/../lib/gcc/nios2-elf/4.9.2/mno-hw-mul\libgcc.a(lib2-divmod.o)
 .bss           0x000000000001369c        0x0 c:/altera_lite/15.1/nios2eds/bin/gnu/h-x86_64-mingw32/bin/../lib/gcc/nios2-elf/4.9.2/mno-hw-mul\libgcc.a(lib2-mul.o)
 *(COMMON)
 COMMON         0x000000000001369c       0x14 obj/default/hello_world_small.o
                0x000000000001369c                outputBuffer
                0x00000000000136a6                inputBuffer
                0x00000000000136b0                . = ALIGN (0x4)
                0x00000000000136b0                __bss_end = ABSOLUTE (.)

.onchip_memory  0x00000000000136b0        0x0
                0x00000000000136b0                PROVIDE (_alt_partition_onchip_memory_start, ABSOLUTE (.))
 *(.onchip_memory .onchip_memory. onchip_memory.*)
                0x00000000000136b0                . = ALIGN (0x4)
                0x00000000000136b0                PROVIDE (_alt_partition_onchip_memory_end, ABSOLUTE (.))
                0x00000000000136b0                _end = ABSOLUTE (.)
                0x00000000000136b0                end = ABSOLUTE (.)
                0x00000000000136b0                __alt_stack_base = ABSOLUTE (.)
                0x00000000000136b0                PROVIDE (_alt_partition_onchip_memory_load_addr, LOADADDR (.onchip_memory))

.stab
 *(.stab)

.stabstr
 *(.stabstr)

.stab.excl
 *(.stab.excl)

.stab.exclstr
 *(.stab.exclstr)

.stab.index
 *(.stab.index)

.stab.indexstr
 *(.stab.indexstr)

.comment        0x0000000000000000       0x23
 *(.comment)
 .comment       0x0000000000000000       0x23 obj/default/hello_world_small.o
                                         0x24 (size before relaxing)
 .comment       0x0000000000000000       0x24 ../battleship_bsp/\libhal_bsp.a(alt_getchar.o)
 .comment       0x0000000000000000       0x24 ../battleship_bsp/\libhal_bsp.a(alt_load.o)
 .comment       0x0000000000000000       0x24 ../battleship_bsp/\libhal_bsp.a(alt_main.o)
 .comment       0x0000000000000000       0x24 ../battleship_bsp/\libhal_bsp.a(alt_printf.o)
 .comment       0x0000000000000000       0x24 ../battleship_bsp/\libhal_bsp.a(alt_putchar.o)
 .comment       0x0000000000000000       0x24 ../battleship_bsp/\libhal_bsp.a(alt_usleep.o)
 .comment       0x0000000000000000       0x24 ../battleship_bsp/\libhal_bsp.a(alt_sys_init.o)
 .comment       0x0000000000000000       0x24 ../battleship_bsp/\libhal_bsp.a(altera_avalon_jtag_uart_read.o)
 .comment       0x0000000000000000       0x24 ../battleship_bsp/\libhal_bsp.a(altera_avalon_jtag_uart_write.o)
 .comment       0x0000000000000000       0x24 ../battleship_bsp/\libhal_bsp.a(alt_busy_sleep.o)
 .comment       0x0000000000000000       0x24 ../battleship_bsp/\libhal_bsp.a(alt_dcache_flush_all.o)
 .comment       0x0000000000000000       0x24 ../battleship_bsp/\libhal_bsp.a(alt_dev.o)
 .comment       0x0000000000000000       0x24 ../battleship_bsp/\libhal_bsp.a(alt_icache_flush_all.o)
 .comment       0x0000000000000000       0x24 ../battleship_bsp/\libhal_bsp.a(altera_nios2_qsys_irq.o)
 .comment       0x0000000000000000       0x24 c:/altera_lite/15.1/nios2eds/bin/gnu/h-x86_64-mingw32/bin/../lib/gcc/nios2-elf/4.9.2/mno-hw-mul\libgcc.a(lib2-divmod.o)
 .comment       0x0000000000000000       0x24 c:/altera_lite/15.1/nios2eds/bin/gnu/h-x86_64-mingw32/bin/../lib/gcc/nios2-elf/4.9.2/mno-hw-mul\libgcc.a(lib2-mul.o)

.debug
 *(.debug)

.line
 *(.line)

.debug_srcinfo
 *(.debug_srcinfo)

.debug_sfnames
 *(.debug_sfnames)

.debug_aranges  0x0000000000000000      0x250
 *(.debug_aranges)
 .debug_aranges
                0x0000000000000000       0x28 ../battleship_bsp//obj/HAL/src/crt0.o
 .debug_aranges
                0x0000000000000028       0x28 obj/default/hello_world_small.o
 .debug_aranges
                0x0000000000000050       0x20 ../battleship_bsp/\libhal_bsp.a(alt_getchar.o)
 .debug_aranges
                0x0000000000000070       0x20 ../battleship_bsp/\libhal_bsp.a(alt_load.o)
 .debug_aranges
                0x0000000000000090       0x20 ../battleship_bsp/\libhal_bsp.a(alt_main.o)
 .debug_aranges
                0x00000000000000b0       0x20 ../battleship_bsp/\libhal_bsp.a(alt_printf.o)
 .debug_aranges
                0x00000000000000d0       0x20 ../battleship_bsp/\libhal_bsp.a(alt_putchar.o)
 .debug_aranges
                0x00000000000000f0       0x20 ../battleship_bsp/\libhal_bsp.a(alt_usleep.o)
 .debug_aranges
                0x0000000000000110       0x20 ../battleship_bsp/\libhal_bsp.a(alt_sys_init.o)
 .debug_aranges
                0x0000000000000130       0x20 ../battleship_bsp/\libhal_bsp.a(altera_avalon_jtag_uart_read.o)
 .debug_aranges
                0x0000000000000150       0x20 ../battleship_bsp/\libhal_bsp.a(altera_avalon_jtag_uart_write.o)
 .debug_aranges
                0x0000000000000170       0x20 ../battleship_bsp/\libhal_bsp.a(alt_busy_sleep.o)
 .debug_aranges
                0x0000000000000190       0x20 ../battleship_bsp/\libhal_bsp.a(alt_dcache_flush_all.o)
 .debug_aranges
                0x00000000000001b0       0x20 ../battleship_bsp/\libhal_bsp.a(alt_dev.o)
 .debug_aranges
                0x00000000000001d0       0x20 ../battleship_bsp/\libhal_bsp.a(alt_icache_flush_all.o)
 .debug_aranges
                0x00000000000001f0       0x20 ../battleship_bsp/\libhal_bsp.a(altera_nios2_qsys_irq.o)
 .debug_aranges
                0x0000000000000210       0x20 c:/altera_lite/15.1/nios2eds/bin/gnu/h-x86_64-mingw32/bin/../lib/gcc/nios2-elf/4.9.2/mno-hw-mul\libgcc.a(lib2-divmod.o)
 .debug_aranges
                0x0000000000000230       0x20 c:/altera_lite/15.1/nios2eds/bin/gnu/h-x86_64-mingw32/bin/../lib/gcc/nios2-elf/4.9.2/mno-hw-mul\libgcc.a(lib2-mul.o)

.debug_pubnames
 *(.debug_pubnames)

.debug_info     0x0000000000000000     0x2d31
 *(.debug_info .gnu.linkonce.wi.*)
 .debug_info    0x0000000000000000       0x7b ../battleship_bsp//obj/HAL/src/crt0.o
 .debug_info    0x000000000000007b     0x1448 obj/default/hello_world_small.o
 .debug_info    0x00000000000014c3      0x33b ../battleship_bsp/\libhal_bsp.a(alt_getchar.o)
 .debug_info    0x00000000000017fe      0x1ba ../battleship_bsp/\libhal_bsp.a(alt_load.o)
 .debug_info    0x00000000000019b8      0x17b ../battleship_bsp/\libhal_bsp.a(alt_main.o)
 .debug_info    0x0000000000001b33      0x153 ../battleship_bsp/\libhal_bsp.a(alt_printf.o)
 .debug_info    0x0000000000001c86      0x138 ../battleship_bsp/\libhal_bsp.a(alt_putchar.o)
 .debug_info    0x0000000000001dbe       0xd0 ../battleship_bsp/\libhal_bsp.a(alt_usleep.o)
 .debug_info    0x0000000000001e8e      0x17a ../battleship_bsp/\libhal_bsp.a(alt_sys_init.o)
 .debug_info    0x0000000000002008      0x1ad ../battleship_bsp/\libhal_bsp.a(altera_avalon_jtag_uart_read.o)
 .debug_info    0x00000000000021b5      0x190 ../battleship_bsp/\libhal_bsp.a(altera_avalon_jtag_uart_write.o)
 .debug_info    0x0000000000002345       0xd1 ../battleship_bsp/\libhal_bsp.a(alt_busy_sleep.o)
 .debug_info    0x0000000000002416       0x8b ../battleship_bsp/\libhal_bsp.a(alt_dcache_flush_all.o)
 .debug_info    0x00000000000024a1      0x492 ../battleship_bsp/\libhal_bsp.a(alt_dev.o)
 .debug_info    0x0000000000002933       0x8b ../battleship_bsp/\libhal_bsp.a(alt_icache_flush_all.o)
 .debug_info    0x00000000000029be       0x8b ../battleship_bsp/\libhal_bsp.a(altera_nios2_qsys_irq.o)
 .debug_info    0x0000000000002a49      0x234 c:/altera_lite/15.1/nios2eds/bin/gnu/h-x86_64-mingw32/bin/../lib/gcc/nios2-elf/4.9.2/mno-hw-mul\libgcc.a(lib2-divmod.o)
 .debug_info    0x0000000000002c7d       0xb4 c:/altera_lite/15.1/nios2eds/bin/gnu/h-x86_64-mingw32/bin/../lib/gcc/nios2-elf/4.9.2/mno-hw-mul\libgcc.a(lib2-mul.o)

.debug_abbrev   0x0000000000000000      0xf40
 *(.debug_abbrev)
 .debug_abbrev  0x0000000000000000       0x12 ../battleship_bsp//obj/HAL/src/crt0.o
 .debug_abbrev  0x0000000000000012      0x37d obj/default/hello_world_small.o
 .debug_abbrev  0x000000000000038f      0x11f ../battleship_bsp/\libhal_bsp.a(alt_getchar.o)
 .debug_abbrev  0x00000000000004ae       0xd8 ../battleship_bsp/\libhal_bsp.a(alt_load.o)
 .debug_abbrev  0x0000000000000586      0x120 ../battleship_bsp/\libhal_bsp.a(alt_main.o)
 .debug_abbrev  0x00000000000006a6       0xde ../battleship_bsp/\libhal_bsp.a(alt_printf.o)
 .debug_abbrev  0x0000000000000784       0xd4 ../battleship_bsp/\libhal_bsp.a(alt_putchar.o)
 .debug_abbrev  0x0000000000000858       0x96 ../battleship_bsp/\libhal_bsp.a(alt_usleep.o)
 .debug_abbrev  0x00000000000008ee      0x107 ../battleship_bsp/\libhal_bsp.a(alt_sys_init.o)
 .debug_abbrev  0x00000000000009f5      0x102 ../battleship_bsp/\libhal_bsp.a(altera_avalon_jtag_uart_read.o)
 .debug_abbrev  0x0000000000000af7       0xd5 ../battleship_bsp/\libhal_bsp.a(altera_avalon_jtag_uart_write.o)
 .debug_abbrev  0x0000000000000bcc       0x8d ../battleship_bsp/\libhal_bsp.a(alt_busy_sleep.o)
 .debug_abbrev  0x0000000000000c59       0x42 ../battleship_bsp/\libhal_bsp.a(alt_dcache_flush_all.o)
 .debug_abbrev  0x0000000000000c9b       0xd9 ../battleship_bsp/\libhal_bsp.a(alt_dev.o)
 .debug_abbrev  0x0000000000000d74       0x42 ../battleship_bsp/\libhal_bsp.a(alt_icache_flush_all.o)
 .debug_abbrev  0x0000000000000db6       0x42 ../battleship_bsp/\libhal_bsp.a(altera_nios2_qsys_irq.o)
 .debug_abbrev  0x0000000000000df8       0xd9 c:/altera_lite/15.1/nios2eds/bin/gnu/h-x86_64-mingw32/bin/../lib/gcc/nios2-elf/4.9.2/mno-hw-mul\libgcc.a(lib2-divmod.o)
 .debug_abbrev  0x0000000000000ed1       0x6f c:/altera_lite/15.1/nios2eds/bin/gnu/h-x86_64-mingw32/bin/../lib/gcc/nios2-elf/4.9.2/mno-hw-mul\libgcc.a(lib2-mul.o)

.debug_line     0x0000000000000000      0xf0a
 *(.debug_line)
 .debug_line    0x0000000000000000       0x66 ../battleship_bsp//obj/HAL/src/crt0.o
 .debug_line    0x0000000000000066      0x38a obj/default/hello_world_small.o
 .debug_line    0x00000000000003f0       0xb7 ../battleship_bsp/\libhal_bsp.a(alt_getchar.o)
 .debug_line    0x00000000000004a7       0xa6 ../battleship_bsp/\libhal_bsp.a(alt_load.o)
 .debug_line    0x000000000000054d       0xbd ../battleship_bsp/\libhal_bsp.a(alt_main.o)
 .debug_line    0x000000000000060a      0x10d ../battleship_bsp/\libhal_bsp.a(alt_printf.o)
 .debug_line    0x0000000000000717       0x55 ../battleship_bsp/\libhal_bsp.a(alt_putchar.o)
 .debug_line    0x000000000000076c       0xcc ../battleship_bsp/\libhal_bsp.a(alt_usleep.o)
 .debug_line    0x0000000000000838      0x101 ../battleship_bsp/\libhal_bsp.a(alt_sys_init.o)
 .debug_line    0x0000000000000939       0xfb ../battleship_bsp/\libhal_bsp.a(altera_avalon_jtag_uart_read.o)
 .debug_line    0x0000000000000a34       0xf0 ../battleship_bsp/\libhal_bsp.a(altera_avalon_jtag_uart_write.o)
 .debug_line    0x0000000000000b24       0xc0 ../battleship_bsp/\libhal_bsp.a(alt_busy_sleep.o)
 .debug_line    0x0000000000000be4       0x4e ../battleship_bsp/\libhal_bsp.a(alt_dcache_flush_all.o)
 .debug_line    0x0000000000000c32       0xf3 ../battleship_bsp/\libhal_bsp.a(alt_dev.o)
 .debug_line    0x0000000000000d25       0x4e ../battleship_bsp/\libhal_bsp.a(alt_icache_flush_all.o)
 .debug_line    0x0000000000000d73       0x50 ../battleship_bsp/\libhal_bsp.a(altera_nios2_qsys_irq.o)
 .debug_line    0x0000000000000dc3       0xc7 c:/altera_lite/15.1/nios2eds/bin/gnu/h-x86_64-mingw32/bin/../lib/gcc/nios2-elf/4.9.2/mno-hw-mul\libgcc.a(lib2-divmod.o)
 .debug_line    0x0000000000000e8a       0x80 c:/altera_lite/15.1/nios2eds/bin/gnu/h-x86_64-mingw32/bin/../lib/gcc/nios2-elf/4.9.2/mno-hw-mul\libgcc.a(lib2-mul.o)

.debug_frame    0x0000000000000000      0x67c
 *(.debug_frame)
 .debug_frame   0x0000000000000000      0x378 obj/default/hello_world_small.o
 .debug_frame   0x0000000000000378       0x2c ../battleship_bsp/\libhal_bsp.a(alt_getchar.o)
 .debug_frame   0x00000000000003a4       0x30 ../battleship_bsp/\libhal_bsp.a(alt_load.o)
 .debug_frame   0x00000000000003d4       0x2c ../battleship_bsp/\libhal_bsp.a(alt_main.o)
 .debug_frame   0x0000000000000400       0x54 ../battleship_bsp/\libhal_bsp.a(alt_printf.o)
 .debug_frame   0x0000000000000454       0x30 ../battleship_bsp/\libhal_bsp.a(alt_putchar.o)
 .debug_frame   0x0000000000000484       0x20 ../battleship_bsp/\libhal_bsp.a(alt_usleep.o)
 .debug_frame   0x00000000000004a4       0x3c ../battleship_bsp/\libhal_bsp.a(alt_sys_init.o)
 .debug_frame   0x00000000000004e0       0x20 ../battleship_bsp/\libhal_bsp.a(altera_avalon_jtag_uart_read.o)
 .debug_frame   0x0000000000000500       0x20 ../battleship_bsp/\libhal_bsp.a(altera_avalon_jtag_uart_write.o)
 .debug_frame   0x0000000000000520       0x30 ../battleship_bsp/\libhal_bsp.a(alt_busy_sleep.o)
 .debug_frame   0x0000000000000550       0x20 ../battleship_bsp/\libhal_bsp.a(alt_dcache_flush_all.o)
 .debug_frame   0x0000000000000570       0x20 ../battleship_bsp/\libhal_bsp.a(alt_dev.o)
 .debug_frame   0x0000000000000590       0x20 ../battleship_bsp/\libhal_bsp.a(alt_icache_flush_all.o)
 .debug_frame   0x00000000000005b0       0x20 ../battleship_bsp/\libhal_bsp.a(altera_nios2_qsys_irq.o)
 .debug_frame   0x00000000000005d0       0x8c c:/altera_lite/15.1/nios2eds/bin/gnu/h-x86_64-mingw32/bin/../lib/gcc/nios2-elf/4.9.2/mno-hw-mul\libgcc.a(lib2-divmod.o)
 .debug_frame   0x000000000000065c       0x20 c:/altera_lite/15.1/nios2eds/bin/gnu/h-x86_64-mingw32/bin/../lib/gcc/nios2-elf/4.9.2/mno-hw-mul\libgcc.a(lib2-mul.o)

.debug_str      0x0000000000000000      0xb3f
 *(.debug_str)
 .debug_str     0x0000000000000000      0x381 obj/default/hello_world_small.o
                                        0x3c5 (size before relaxing)
 .debug_str     0x0000000000000381      0x13a ../battleship_bsp/\libhal_bsp.a(alt_getchar.o)
                                        0x226 (size before relaxing)
 .debug_str     0x00000000000004bb      0x11b ../battleship_bsp/\libhal_bsp.a(alt_load.o)
                                        0x22c (size before relaxing)
 .debug_str     0x00000000000005d6       0x5e ../battleship_bsp/\libhal_bsp.a(alt_main.o)
                                        0x1a5 (size before relaxing)
 .debug_str     0x0000000000000634       0x4d ../battleship_bsp/\libhal_bsp.a(alt_printf.o)
                                        0x102 (size before relaxing)
 .debug_str     0x0000000000000681       0x34 ../battleship_bsp/\libhal_bsp.a(alt_putchar.o)
                                        0x17b (size before relaxing)
 .debug_str     0x00000000000006b5       0x24 ../battleship_bsp/\libhal_bsp.a(alt_usleep.o)
                                        0x147 (size before relaxing)
 .debug_str     0x00000000000006d9       0x81 ../battleship_bsp/\libhal_bsp.a(alt_sys_init.o)
                                        0x214 (size before relaxing)
 .debug_str     0x000000000000075a       0x3d ../battleship_bsp/\libhal_bsp.a(altera_avalon_jtag_uart_read.o)
                                        0x20f (size before relaxing)
 .debug_str     0x0000000000000797       0x32 ../battleship_bsp/\libhal_bsp.a(altera_avalon_jtag_uart_write.o)
                                        0x205 (size before relaxing)
 .debug_str     0x00000000000007c9       0x33 ../battleship_bsp/\libhal_bsp.a(alt_busy_sleep.o)
                                        0x15b (size before relaxing)
 .debug_str     0x00000000000007fc       0x1f ../battleship_bsp/\libhal_bsp.a(alt_dcache_flush_all.o)
                                        0x145 (size before relaxing)
 .debug_str     0x000000000000081b      0x120 ../battleship_bsp/\libhal_bsp.a(alt_dev.o)
                                        0x2f5 (size before relaxing)
 .debug_str     0x000000000000093b       0x1f ../battleship_bsp/\libhal_bsp.a(alt_icache_flush_all.o)
                                        0x145 (size before relaxing)
 .debug_str     0x000000000000095a       0x20 ../battleship_bsp/\libhal_bsp.a(altera_nios2_qsys_irq.o)
                                        0x14c (size before relaxing)
 .debug_str     0x000000000000097a      0x185 c:/altera_lite/15.1/nios2eds/bin/gnu/h-x86_64-mingw32/bin/../lib/gcc/nios2-elf/4.9.2/mno-hw-mul\libgcc.a(lib2-divmod.o)
                                        0x1d0 (size before relaxing)
 .debug_str     0x0000000000000aff       0x40 c:/altera_lite/15.1/nios2eds/bin/gnu/h-x86_64-mingw32/bin/../lib/gcc/nios2-elf/4.9.2/mno-hw-mul\libgcc.a(lib2-mul.o)
                                        0x191 (size before relaxing)

.debug_loc      0x0000000000000000      0xed4
 *(.debug_loc)
 .debug_loc     0x0000000000000000      0x7db obj/default/hello_world_small.o
 .debug_loc     0x00000000000007db      0x1c6 ../battleship_bsp/\libhal_bsp.a(alt_printf.o)
 .debug_loc     0x00000000000009a1       0x2c ../battleship_bsp/\libhal_bsp.a(alt_putchar.o)
 .debug_loc     0x00000000000009cd       0x21 ../battleship_bsp/\libhal_bsp.a(alt_usleep.o)
 .debug_loc     0x00000000000009ee       0x21 ../battleship_bsp/\libhal_bsp.a(alt_sys_init.o)
 .debug_loc     0x0000000000000a0f       0xcd ../battleship_bsp/\libhal_bsp.a(altera_avalon_jtag_uart_read.o)
 .debug_loc     0x0000000000000adc       0x8b ../battleship_bsp/\libhal_bsp.a(altera_avalon_jtag_uart_write.o)
 .debug_loc     0x0000000000000b67       0x67 ../battleship_bsp/\libhal_bsp.a(alt_busy_sleep.o)
 .debug_loc     0x0000000000000bce      0x273 c:/altera_lite/15.1/nios2eds/bin/gnu/h-x86_64-mingw32/bin/../lib/gcc/nios2-elf/4.9.2/mno-hw-mul\libgcc.a(lib2-divmod.o)
 .debug_loc     0x0000000000000e41       0x93 c:/altera_lite/15.1/nios2eds/bin/gnu/h-x86_64-mingw32/bin/../lib/gcc/nios2-elf/4.9.2/mno-hw-mul\libgcc.a(lib2-mul.o)

.debug_macinfo
 *(.debug_macinfo)

.debug_weaknames
 *(.debug_weaknames)

.debug_funcnames
 *(.debug_funcnames)

.debug_typenames
 *(.debug_typenames)

.debug_varnames
 *(.debug_varnames)

.debug_alt_sim_info
                0x0000000000000000       0x40
 *(.debug_alt_sim_info)
 .debug_alt_sim_info
                0x0000000000000000       0x10 ../battleship_bsp//obj/HAL/src/crt0.o
 .debug_alt_sim_info
                0x0000000000000010       0x30 ../battleship_bsp/\libhal_bsp.a(alt_busy_sleep.o)
                0x0000000000020000                __alt_data_end = 0x20000
                0x0000000000020000                PROVIDE (__alt_stack_pointer, __alt_data_end)
                0x00000000000136b0                PROVIDE (__alt_stack_limit, __alt_stack_base)
                0x00000000000136b0                PROVIDE (__alt_heap_start, end)
                0x0000000000020000                PROVIDE (__alt_heap_limit, 0x20000)
OUTPUT(battleship.elf elf32-littlenios2)

.debug_ranges   0x0000000000000000       0xd0
 .debug_ranges  0x0000000000000000       0x20 ../battleship_bsp//obj/HAL/src/crt0.o
 .debug_ranges  0x0000000000000020       0x30 obj/default/hello_world_small.o
 .debug_ranges  0x0000000000000050       0x48 ../battleship_bsp/\libhal_bsp.a(alt_load.o)
 .debug_ranges  0x0000000000000098       0x18 ../battleship_bsp/\libhal_bsp.a(alt_printf.o)
 .debug_ranges  0x00000000000000b0       0x20 ../battleship_bsp/\libhal_bsp.a(altera_avalon_jtag_uart_read.o)
