Archive member included because of file (symbol)

../sRamEclipse3_bsp/\libhal_bsp.a(alt_load.o)
                              ../sRamEclipse3_bsp//obj/HAL/src/crt0.o (alt_load)
../sRamEclipse3_bsp/\libhal_bsp.a(alt_main.o)
                              ../sRamEclipse3_bsp//obj/HAL/src/crt0.o (alt_main)
../sRamEclipse3_bsp/\libhal_bsp.a(alt_putstr.o)
                              obj/default/hello_world_small.o (alt_putstr)
../sRamEclipse3_bsp/\libhal_bsp.a(alt_sys_init.o)
                              ../sRamEclipse3_bsp/\libhal_bsp.a(alt_main.o) (alt_irq_init)
../sRamEclipse3_bsp/\libhal_bsp.a(altera_avalon_jtag_uart_write.o)
                              ../sRamEclipse3_bsp/\libhal_bsp.a(alt_putstr.o) (altera_avalon_jtag_uart_write)
../sRamEclipse3_bsp/\libhal_bsp.a(alt_dcache_flush_all.o)
                              ../sRamEclipse3_bsp/\libhal_bsp.a(alt_load.o) (alt_dcache_flush_all)
../sRamEclipse3_bsp/\libhal_bsp.a(alt_icache_flush_all.o)
                              ../sRamEclipse3_bsp/\libhal_bsp.a(alt_load.o) (alt_icache_flush_all)
../sRamEclipse3_bsp/\libhal_bsp.a(altera_nios2_qsys_irq.o)
                              ../sRamEclipse3_bsp/\libhal_bsp.a(alt_sys_init.o) (altera_nios2_qsys_irq_init)
../sRamEclipse3_bsp/\libhal_bsp.a(alt_icache_flush.o)
                              ../sRamEclipse3_bsp/\libhal_bsp.a(alt_icache_flush_all.o) (alt_icache_flush)
c:/altera/14.0/nios2eds/bin/gnu/h-x86_64-mingw32/bin/../lib/gcc/nios2-elf/4.7.3/../../../../../H-x86_64-mingw32/nios2-elf/lib/mno-hw-mul\libsmallc.a(lib_a-strlen.o)
                              ../sRamEclipse3_bsp/\libhal_bsp.a(alt_putstr.o) (strlen)

Memory Configuration

Name             Origin             Length             Attributes
reset            0x0000000000008000 0x0000000000000020
onchip_mem       0x0000000000008020 0x0000000000004fe0
*default*        0x0000000000000000 0xffffffffffffffff

Linker script and memory map

LOAD ../sRamEclipse3_bsp//obj/HAL/src/crt0.o
LOAD obj/default/hello_world_small.o
LOAD c:/altera/14.0/nios2eds/bin/gnu/h-x86_64-mingw32/bin/../lib/gcc/nios2-elf/4.7.3/../../../../../H-x86_64-mingw32/nios2-elf/lib/mno-hw-mul\libstdc++.a
LOAD c:/altera/14.0/nios2eds/bin/gnu/h-x86_64-mingw32/bin/../lib/gcc/nios2-elf/4.7.3/../../../../../H-x86_64-mingw32/nios2-elf/lib/mno-hw-mul\libm.a
LOAD c:/altera/14.0/nios2eds/bin/gnu/h-x86_64-mingw32/bin/../lib/gcc/nios2-elf/4.7.3/mno-hw-mul\libgcc.a
START GROUP
LOAD c:/altera/14.0/nios2eds/bin/gnu/h-x86_64-mingw32/bin/../lib/gcc/nios2-elf/4.7.3/../../../../../H-x86_64-mingw32/nios2-elf/lib/mno-hw-mul\libsmallc.a
LOAD c:/altera/14.0/nios2eds/bin/gnu/h-x86_64-mingw32/bin/../lib/gcc/nios2-elf/4.7.3/mno-hw-mul\libgcc.a
LOAD ../sRamEclipse3_bsp/\libhal_bsp.a
END GROUP
LOAD c:/altera/14.0/nios2eds/bin/gnu/h-x86_64-mingw32/bin/../lib/gcc/nios2-elf/4.7.3/mno-hw-mul\libgcc.a
                0x0000000000008000                __alt_mem_onchip_mem = 0x8000

.entry          0x0000000000008000       0x20
 *(.entry)
 .entry         0x0000000000008000       0x20 ../sRamEclipse3_bsp//obj/HAL/src/crt0.o
                0x0000000000008000                __reset
                0x000000000000801c                _exit

.exceptions     0x0000000000008020        0x0
                0x0000000000008020                PROVIDE (__ram_exceptions_start, ABSOLUTE (.))
                0x0000000000008020                . = ALIGN (0x20)
 *(.irq)
 *(.exceptions.entry.label)
 *(.exceptions.entry.user)
 *(.exceptions.entry.ecc_fatal)
 *(.exceptions.entry)
 *(.exceptions.irqtest.user)
 *(.exceptions.irqtest)
 *(.exceptions.irqhandler.user)
 *(.exceptions.irqhandler)
 *(.exceptions.irqreturn.user)
 *(.exceptions.irqreturn)
 *(.exceptions.notirq.label)
 *(.exceptions.notirq.user)
 *(.exceptions.notirq)
 *(.exceptions.soft.user)
 *(.exceptions.soft)
 *(.exceptions.unknown.user)
 *(.exceptions.unknown)
 *(.exceptions.exit.label)
 *(.exceptions.exit.user)
 *(.exceptions.exit)
 *(.exceptions)
                0x0000000000008020                PROVIDE (__ram_exceptions_end, ABSOLUTE (.))
                0x0000000000008020                PROVIDE (__flash_exceptions_start, LOADADDR (.exceptions))

.text           0x0000000000008020      0x334
                0x0000000000008020                PROVIDE (stext, ABSOLUTE (.))
 *(.interp)
 *(.hash)
 *(.dynsym)
 *(.dynstr)
 *(.gnu.version)
 *(.gnu.version_d)
 *(.gnu.version_r)
 *(.rel.init)
 *(.rela.init)
 *(.rel.text .rel.text.* .rel.gnu.linkonce.t.*)
 *(.rela.text .rela.text.* .rela.gnu.linkonce.t.*)
 *(.rel.fini)
 *(.rela.fini)
 *(.rel.rodata .rel.rodata.* .rel.gnu.linkonce.r.*)
 *(.rela.rodata .rela.rodata.* .rela.gnu.linkonce.r.*)
 *(.rel.data .rel.data.* .rel.gnu.linkonce.d.*)
 *(.rela.data .rela.data.* .rela.gnu.linkonce.d.*)
 *(.rel.tdata .rel.tdata.* .rel.gnu.linkonce.td.*)
 *(.rela.tdata .rela.tdata.* .rela.gnu.linkonce.td.*)
 *(.rel.tbss .rel.tbss.* .rel.gnu.linkonce.tb.*)
 *(.rela.tbss .rela.tbss.* .rela.gnu.linkonce.tb.*)
 *(.rel.ctors)
 *(.rela.ctors)
 *(.rel.dtors)
 *(.rela.dtors)
 *(.rel.got)
 *(.rela.got)
 *(.rel.sdata .rel.sdata.* .rel.gnu.linkonce.s.*)
 *(.rela.sdata .rela.sdata.* .rela.gnu.linkonce.s.*)
 *(.rel.sbss .rel.sbss.* .rel.gnu.linkonce.sb.*)
 *(.rela.sbss .rela.sbss.* .rela.gnu.linkonce.sb.*)
 *(.rel.sdata2 .rel.sdata2.* .rel.gnu.linkonce.s2.*)
 *(.rela.sdata2 .rela.sdata2.* .rela.gnu.linkonce.s2.*)
 *(.rel.sbss2 .rel.sbss2.* .rel.gnu.linkonce.sb2.*)
 *(.rela.sbss2 .rela.sbss2.* .rela.gnu.linkonce.sb2.*)
 *(.rel.bss .rel.bss.* .rel.gnu.linkonce.b.*)
 *(.rela.bss .rela.bss.* .rela.gnu.linkonce.b.*)
 *(.rel.plt)
 *(.rela.plt)
 *(.rel.dyn)
 *(.init)
 *(.plt)
 *(.text .stub .text.* .gnu.linkonce.t.*)
 .text          0x0000000000008020       0x3c ../sRamEclipse3_bsp//obj/HAL/src/crt0.o
                0x0000000000008020                _start
 .text          0x000000000000805c        0x4 obj/default/hello_world_small.o
                0x000000000000805c                udelay
 .text.startup  0x0000000000008060       0xbc obj/default/hello_world_small.o
                0x0000000000008060                main
 .text          0x000000000000811c      0x104 ../sRamEclipse3_bsp/\libhal_bsp.a(alt_load.o)
                0x000000000000811c                alt_load
 .text          0x0000000000008220       0x2c ../sRamEclipse3_bsp/\libhal_bsp.a(alt_main.o)
                0x0000000000008220                alt_main
 .text          0x000000000000824c       0x38 ../sRamEclipse3_bsp/\libhal_bsp.a(alt_putstr.o)
                0x000000000000824c                alt_putstr
 .text          0x0000000000008284       0x24 ../sRamEclipse3_bsp/\libhal_bsp.a(alt_sys_init.o)
                0x0000000000008284                alt_irq_init
                0x00000000000082a4                alt_sys_init
 .text          0x00000000000082a8       0x34 ../sRamEclipse3_bsp/\libhal_bsp.a(altera_avalon_jtag_uart_write.o)
                0x00000000000082a8                altera_avalon_jtag_uart_write
 .text          0x00000000000082dc        0x4 ../sRamEclipse3_bsp/\libhal_bsp.a(alt_dcache_flush_all.o)
                0x00000000000082dc                alt_dcache_flush_all
 .text          0x00000000000082e0        0xc ../sRamEclipse3_bsp/\libhal_bsp.a(alt_icache_flush_all.o)
                0x00000000000082e0                alt_icache_flush_all
 .text          0x00000000000082ec        0x8 ../sRamEclipse3_bsp/\libhal_bsp.a(altera_nios2_qsys_irq.o)
                0x00000000000082ec                altera_nios2_qsys_irq_init
 .text          0x00000000000082f4       0x38 ../sRamEclipse3_bsp/\libhal_bsp.a(alt_icache_flush.o)
                0x00000000000082f4                alt_icache_flush
 .text          0x000000000000832c       0x28 c:/altera/14.0/nios2eds/bin/gnu/h-x86_64-mingw32/bin/../lib/gcc/nios2-elf/4.7.3/../../../../../H-x86_64-mingw32/nios2-elf/lib/mno-hw-mul\libsmallc.a(lib_a-strlen.o)
                0x000000000000832c                strlen
 *(.gnu.warning.*)
 *(.fini)
                0x0000000000008354                PROVIDE (__etext, ABSOLUTE (.))
                0x0000000000008354                PROVIDE (_etext, ABSOLUTE (.))
                0x0000000000008354                PROVIDE (etext, ABSOLUTE (.))
 *(.eh_frame_hdr)
                0x0000000000008354                . = ALIGN (0x4)
                0x0000000000008354                PROVIDE (__preinit_array_start, ABSOLUTE (.))
 *(.preinit_array)
                0x0000000000008354                PROVIDE (__preinit_array_end, ABSOLUTE (.))
                0x0000000000008354                PROVIDE (__init_array_start, ABSOLUTE (.))
 *(.init_array)
                0x0000000000008354                PROVIDE (__init_array_end, ABSOLUTE (.))
                0x0000000000008354                PROVIDE (__fini_array_start, ABSOLUTE (.))
 *(.fini_array)
                0x0000000000008354                PROVIDE (__fini_array_end, ABSOLUTE (.))
 *(.eh_frame)
 *(.gcc_except_table .gcc_except_table.*)
 *(.dynamic)
                0x0000000000008354                PROVIDE (__CTOR_LIST__, ABSOLUTE (.))
 *(.ctors)
 *(SORT(.ctors.*))
                0x0000000000008354                PROVIDE (__CTOR_END__, ABSOLUTE (.))
                0x0000000000008354                PROVIDE (__DTOR_LIST__, ABSOLUTE (.))
 *(.dtors)
 *(SORT(.dtors.*))
                0x0000000000008354                PROVIDE (__DTOR_END__, ABSOLUTE (.))
 *(.jcr)
                0x0000000000008354                . = ALIGN (0x4)

.rodata         0x0000000000008354       0x24
                0x0000000000008354                PROVIDE (__ram_rodata_start, ABSOLUTE (.))
                0x0000000000008354                . = ALIGN (0x4)
 *(.rodata .rodata.* .gnu.linkonce.r.*)
 .rodata.str1.4
                0x0000000000008354       0x24 obj/default/hello_world_small.o
 *(.rodata1)
                0x0000000000008378                . = ALIGN (0x4)
                0x0000000000008378                PROVIDE (__ram_rodata_end, ABSOLUTE (.))
                0x0000000000008354                PROVIDE (__flash_rodata_start, LOADADDR (.rodata))

.rwdata         0x0000000000008378        0x4 load address 0x000000000000837c
                0x0000000000008378                PROVIDE (__ram_rwdata_start, ABSOLUTE (.))
                0x0000000000008378                . = ALIGN (0x4)
 *(.got.plt)
 *(.got)
 *(.data1)
 *(.data .data.* .gnu.linkonce.d.*)
 .data          0x0000000000008378        0x0 ../sRamEclipse3_bsp//obj/HAL/src/crt0.o
 .data          0x0000000000008378        0x0 obj/default/hello_world_small.o
 .data          0x0000000000008378        0x0 ../sRamEclipse3_bsp/\libhal_bsp.a(alt_load.o)
 .data          0x0000000000008378        0x0 ../sRamEclipse3_bsp/\libhal_bsp.a(alt_main.o)
 .data          0x0000000000008378        0x0 ../sRamEclipse3_bsp/\libhal_bsp.a(alt_putstr.o)
 .data          0x0000000000008378        0x0 ../sRamEclipse3_bsp/\libhal_bsp.a(alt_sys_init.o)
 .data          0x0000000000008378        0x0 ../sRamEclipse3_bsp/\libhal_bsp.a(altera_avalon_jtag_uart_write.o)
 .data          0x0000000000008378        0x0 ../sRamEclipse3_bsp/\libhal_bsp.a(alt_dcache_flush_all.o)
 .data          0x0000000000008378        0x0 ../sRamEclipse3_bsp/\libhal_bsp.a(alt_icache_flush_all.o)
 .data          0x0000000000008378        0x0 ../sRamEclipse3_bsp/\libhal_bsp.a(altera_nios2_qsys_irq.o)
 .data          0x0000000000008378        0x0 ../sRamEclipse3_bsp/\libhal_bsp.a(alt_icache_flush.o)
 .data          0x0000000000008378        0x0 c:/altera/14.0/nios2eds/bin/gnu/h-x86_64-mingw32/bin/../lib/gcc/nios2-elf/4.7.3/../../../../../H-x86_64-mingw32/nios2-elf/lib/mno-hw-mul\libsmallc.a(lib_a-strlen.o)
                0x0000000000010378                _gp = ABSOLUTE ((. + 0x8000))
                0x0000000000010378                PROVIDE (gp, _gp)
 *(.rwdata .rwdata.*)
 *(.sdata .sdata.* .gnu.linkonce.s.*)
 .sdata         0x0000000000008378        0x4 ../sRamEclipse3_bsp/\libhal_bsp.a(alt_sys_init.o)
                0x0000000000008378                jtag_uart
 *(.sdata2 .sdata2.* .gnu.linkonce.s2.*)
                0x000000000000837c                . = ALIGN (0x4)
                0x000000000000837c                _edata = ABSOLUTE (.)
                0x000000000000837c                PROVIDE (edata, ABSOLUTE (.))
                0x000000000000837c                PROVIDE (__ram_rwdata_end, ABSOLUTE (.))
                0x000000000000837c                PROVIDE (__flash_rwdata_start, LOADADDR (.rwdata))

.bss            0x0000000000008380        0xc
                0x0000000000008380                __bss_start = ABSOLUTE (.)
                0x0000000000008380                PROVIDE (__sbss_start, ABSOLUTE (.))
                0x0000000000008380                PROVIDE (___sbss_start, ABSOLUTE (.))
 *(.dynsbss)
 *(.sbss .sbss.* .gnu.linkonce.sb.*)
 .sbss          0x0000000000008380        0xc ../sRamEclipse3_bsp/\libhal_bsp.a(alt_main.o)
                0x0000000000008380                alt_envp
                0x0000000000008384                alt_argv
                0x0000000000008388                alt_argc
 *(.sbss2 .sbss2.* .gnu.linkonce.sb2.*)
 *(.scommon)
                0x000000000000838c                PROVIDE (__sbss_end, ABSOLUTE (.))
                0x000000000000838c                PROVIDE (___sbss_end, ABSOLUTE (.))
 *(.dynbss)
 *(.bss .bss.* .gnu.linkonce.b.*)
 .bss           0x000000000000838c        0x0 ../sRamEclipse3_bsp//obj/HAL/src/crt0.o
 .bss           0x000000000000838c        0x0 obj/default/hello_world_small.o
 .bss           0x000000000000838c        0x0 ../sRamEclipse3_bsp/\libhal_bsp.a(alt_load.o)
 .bss           0x000000000000838c        0x0 ../sRamEclipse3_bsp/\libhal_bsp.a(alt_main.o)
 .bss           0x000000000000838c        0x0 ../sRamEclipse3_bsp/\libhal_bsp.a(alt_putstr.o)
 .bss           0x000000000000838c        0x0 ../sRamEclipse3_bsp/\libhal_bsp.a(alt_sys_init.o)
 .bss           0x000000000000838c        0x0 ../sRamEclipse3_bsp/\libhal_bsp.a(altera_avalon_jtag_uart_write.o)
 .bss           0x000000000000838c        0x0 ../sRamEclipse3_bsp/\libhal_bsp.a(alt_dcache_flush_all.o)
 .bss           0x000000000000838c        0x0 ../sRamEclipse3_bsp/\libhal_bsp.a(alt_icache_flush_all.o)
 .bss           0x000000000000838c        0x0 ../sRamEclipse3_bsp/\libhal_bsp.a(altera_nios2_qsys_irq.o)
 .bss           0x000000000000838c        0x0 ../sRamEclipse3_bsp/\libhal_bsp.a(alt_icache_flush.o)
 .bss           0x000000000000838c        0x0 c:/altera/14.0/nios2eds/bin/gnu/h-x86_64-mingw32/bin/../lib/gcc/nios2-elf/4.7.3/../../../../../H-x86_64-mingw32/nios2-elf/lib/mno-hw-mul\libsmallc.a(lib_a-strlen.o)
 *(COMMON)
                0x000000000000838c                . = ALIGN (0x4)
                0x000000000000838c                __bss_end = ABSOLUTE (.)

.onchip_mem     0x000000000000838c        0x0
                0x000000000000838c                PROVIDE (_alt_partition_onchip_mem_start, ABSOLUTE (.))
 *(.onchip_mem .onchip_mem. onchip_mem.*)
                0x000000000000838c                . = ALIGN (0x4)
                0x000000000000838c                PROVIDE (_alt_partition_onchip_mem_end, ABSOLUTE (.))
                0x000000000000838c                _end = ABSOLUTE (.)
                0x000000000000838c                end = ABSOLUTE (.)
                0x000000000000838c                __alt_stack_base = ABSOLUTE (.)
                0x000000000000838c                PROVIDE (_alt_partition_onchip_mem_load_addr, LOADADDR (.onchip_mem))

.stab
 *(.stab)

.stabstr
 *(.stabstr)

.stab.excl
 *(.stab.excl)

.stab.exclstr
 *(.stab.exclstr)

.stab.index
 *(.stab.index)

.stab.indexstr
 *(.stab.indexstr)

.comment        0x0000000000000000       0x23
 *(.comment)
 .comment       0x0000000000000000       0x23 obj/default/hello_world_small.o
                                         0x24 (size before relaxing)
 .comment       0x0000000000000000       0x24 ../sRamEclipse3_bsp/\libhal_bsp.a(alt_load.o)
 .comment       0x0000000000000000       0x24 ../sRamEclipse3_bsp/\libhal_bsp.a(alt_main.o)
 .comment       0x0000000000000000       0x24 ../sRamEclipse3_bsp/\libhal_bsp.a(alt_putstr.o)
 .comment       0x0000000000000000       0x24 ../sRamEclipse3_bsp/\libhal_bsp.a(alt_sys_init.o)
 .comment       0x0000000000000000       0x24 ../sRamEclipse3_bsp/\libhal_bsp.a(altera_avalon_jtag_uart_write.o)
 .comment       0x0000000000000000       0x24 ../sRamEclipse3_bsp/\libhal_bsp.a(alt_dcache_flush_all.o)
 .comment       0x0000000000000000       0x24 ../sRamEclipse3_bsp/\libhal_bsp.a(alt_icache_flush_all.o)
 .comment       0x0000000000000000       0x24 ../sRamEclipse3_bsp/\libhal_bsp.a(altera_nios2_qsys_irq.o)
 .comment       0x0000000000000000       0x24 ../sRamEclipse3_bsp/\libhal_bsp.a(alt_icache_flush.o)
 .comment       0x0000000000000000       0x24 c:/altera/14.0/nios2eds/bin/gnu/h-x86_64-mingw32/bin/../lib/gcc/nios2-elf/4.7.3/../../../../../H-x86_64-mingw32/nios2-elf/lib/mno-hw-mul\libsmallc.a(lib_a-strlen.o)

.debug
 *(.debug)

.line
 *(.line)

.debug_srcinfo
 *(.debug_srcinfo)

.debug_sfnames
 *(.debug_sfnames)

.debug_aranges  0x0000000000000000      0x190
 *(.debug_aranges)
 .debug_aranges
                0x0000000000000000       0x28 ../sRamEclipse3_bsp//obj/HAL/src/crt0.o
 .debug_aranges
                0x0000000000000028       0x28 obj/default/hello_world_small.o
 .debug_aranges
                0x0000000000000050       0x20 ../sRamEclipse3_bsp/\libhal_bsp.a(alt_load.o)
 .debug_aranges
                0x0000000000000070       0x20 ../sRamEclipse3_bsp/\libhal_bsp.a(alt_main.o)
 .debug_aranges
                0x0000000000000090       0x20 ../sRamEclipse3_bsp/\libhal_bsp.a(alt_putstr.o)
 .debug_aranges
                0x00000000000000b0       0x20 ../sRamEclipse3_bsp/\libhal_bsp.a(alt_sys_init.o)
 .debug_aranges
                0x00000000000000d0       0x20 ../sRamEclipse3_bsp/\libhal_bsp.a(altera_avalon_jtag_uart_write.o)
 .debug_aranges
                0x00000000000000f0       0x20 ../sRamEclipse3_bsp/\libhal_bsp.a(alt_dcache_flush_all.o)
 .debug_aranges
                0x0000000000000110       0x20 ../sRamEclipse3_bsp/\libhal_bsp.a(alt_icache_flush_all.o)
 .debug_aranges
                0x0000000000000130       0x20 ../sRamEclipse3_bsp/\libhal_bsp.a(altera_nios2_qsys_irq.o)
 .debug_aranges
                0x0000000000000150       0x20 ../sRamEclipse3_bsp/\libhal_bsp.a(alt_icache_flush.o)
 .debug_aranges
                0x0000000000000170       0x20 c:/altera/14.0/nios2eds/bin/gnu/h-x86_64-mingw32/bin/../lib/gcc/nios2-elf/4.7.3/../../../../../H-x86_64-mingw32/nios2-elf/lib/mno-hw-mul\libsmallc.a(lib_a-strlen.o)

.debug_pubnames
 *(.debug_pubnames)

.debug_info     0x0000000000000000      0xd41
 *(.debug_info .gnu.linkonce.wi.*)
 .debug_info    0x0000000000000000       0x7c ../sRamEclipse3_bsp//obj/HAL/src/crt0.o
 .debug_info    0x000000000000007c      0x10c obj/default/hello_world_small.o
 .debug_info    0x0000000000000188      0x1d9 ../sRamEclipse3_bsp/\libhal_bsp.a(alt_load.o)
 .debug_info    0x0000000000000361      0x194 ../sRamEclipse3_bsp/\libhal_bsp.a(alt_main.o)
 .debug_info    0x00000000000004f5      0x171 ../sRamEclipse3_bsp/\libhal_bsp.a(alt_putstr.o)
 .debug_info    0x0000000000000666      0x1af ../sRamEclipse3_bsp/\libhal_bsp.a(alt_sys_init.o)
 .debug_info    0x0000000000000815      0x1a0 ../sRamEclipse3_bsp/\libhal_bsp.a(altera_avalon_jtag_uart_write.o)
 .debug_info    0x00000000000009b5       0x8f ../sRamEclipse3_bsp/\libhal_bsp.a(alt_dcache_flush_all.o)
 .debug_info    0x0000000000000a44       0xcd ../sRamEclipse3_bsp/\libhal_bsp.a(alt_icache_flush_all.o)
 .debug_info    0x0000000000000b11       0x8f ../sRamEclipse3_bsp/\libhal_bsp.a(altera_nios2_qsys_irq.o)
 .debug_info    0x0000000000000ba0       0xdb ../sRamEclipse3_bsp/\libhal_bsp.a(alt_icache_flush.o)
 .debug_info    0x0000000000000c7b       0xc6 c:/altera/14.0/nios2eds/bin/gnu/h-x86_64-mingw32/bin/../lib/gcc/nios2-elf/4.7.3/../../../../../H-x86_64-mingw32/nios2-elf/lib/mno-hw-mul\libsmallc.a(lib_a-strlen.o)

.debug_abbrev   0x0000000000000000      0x7f0
 *(.debug_abbrev)
 .debug_abbrev  0x0000000000000000       0x12 ../sRamEclipse3_bsp//obj/HAL/src/crt0.o
 .debug_abbrev  0x0000000000000012       0xfb obj/default/hello_world_small.o
 .debug_abbrev  0x000000000000010d       0xd8 ../sRamEclipse3_bsp/\libhal_bsp.a(alt_load.o)
 .debug_abbrev  0x00000000000001e5      0x120 ../sRamEclipse3_bsp/\libhal_bsp.a(alt_main.o)
 .debug_abbrev  0x0000000000000305       0xe2 ../sRamEclipse3_bsp/\libhal_bsp.a(alt_putstr.o)
 .debug_abbrev  0x00000000000003e7      0x10c ../sRamEclipse3_bsp/\libhal_bsp.a(alt_sys_init.o)
 .debug_abbrev  0x00000000000004f3       0xd5 ../sRamEclipse3_bsp/\libhal_bsp.a(altera_avalon_jtag_uart_write.o)
 .debug_abbrev  0x00000000000005c8       0x42 ../sRamEclipse3_bsp/\libhal_bsp.a(alt_dcache_flush_all.o)
 .debug_abbrev  0x000000000000060a       0x8a ../sRamEclipse3_bsp/\libhal_bsp.a(alt_icache_flush_all.o)
 .debug_abbrev  0x0000000000000694       0x42 ../sRamEclipse3_bsp/\libhal_bsp.a(altera_nios2_qsys_irq.o)
 .debug_abbrev  0x00000000000006d6       0x9b ../sRamEclipse3_bsp/\libhal_bsp.a(alt_icache_flush.o)
 .debug_abbrev  0x0000000000000771       0x7f c:/altera/14.0/nios2eds/bin/gnu/h-x86_64-mingw32/bin/../lib/gcc/nios2-elf/4.7.3/../../../../../H-x86_64-mingw32/nios2-elf/lib/mno-hw-mul\libsmallc.a(lib_a-strlen.o)

.debug_line     0x0000000000000000      0x901
 *(.debug_line)
 .debug_line    0x0000000000000000       0x6c ../sRamEclipse3_bsp//obj/HAL/src/crt0.o
 .debug_line    0x000000000000006c       0xb8 obj/default/hello_world_small.o
 .debug_line    0x0000000000000124       0xd6 ../sRamEclipse3_bsp/\libhal_bsp.a(alt_load.o)
 .debug_line    0x00000000000001fa       0xbd ../sRamEclipse3_bsp/\libhal_bsp.a(alt_main.o)
 .debug_line    0x00000000000002b7      0x127 ../sRamEclipse3_bsp/\libhal_bsp.a(alt_putstr.o)
 .debug_line    0x00000000000003de      0x11a ../sRamEclipse3_bsp/\libhal_bsp.a(alt_sys_init.o)
 .debug_line    0x00000000000004f8       0xf5 ../sRamEclipse3_bsp/\libhal_bsp.a(altera_avalon_jtag_uart_write.o)
 .debug_line    0x00000000000005ed       0x4e ../sRamEclipse3_bsp/\libhal_bsp.a(alt_dcache_flush_all.o)
 .debug_line    0x000000000000063b       0x87 ../sRamEclipse3_bsp/\libhal_bsp.a(alt_icache_flush_all.o)
 .debug_line    0x00000000000006c2       0x50 ../sRamEclipse3_bsp/\libhal_bsp.a(altera_nios2_qsys_irq.o)
 .debug_line    0x0000000000000712       0x7d ../sRamEclipse3_bsp/\libhal_bsp.a(alt_icache_flush.o)
 .debug_line    0x000000000000078f      0x172 c:/altera/14.0/nios2eds/bin/gnu/h-x86_64-mingw32/bin/../lib/gcc/nios2-elf/4.7.3/../../../../../H-x86_64-mingw32/nios2-elf/lib/mno-hw-mul\libsmallc.a(lib_a-strlen.o)

.debug_frame    0x0000000000000000      0x1b4
 *(.debug_frame)
 .debug_frame   0x0000000000000000       0x44 obj/default/hello_world_small.o
 .debug_frame   0x0000000000000044       0x28 ../sRamEclipse3_bsp/\libhal_bsp.a(alt_load.o)
 .debug_frame   0x000000000000006c       0x28 ../sRamEclipse3_bsp/\libhal_bsp.a(alt_main.o)
 .debug_frame   0x0000000000000094       0x28 ../sRamEclipse3_bsp/\libhal_bsp.a(alt_putstr.o)
 .debug_frame   0x00000000000000bc       0x38 ../sRamEclipse3_bsp/\libhal_bsp.a(alt_sys_init.o)
 .debug_frame   0x00000000000000f4       0x20 ../sRamEclipse3_bsp/\libhal_bsp.a(altera_avalon_jtag_uart_write.o)
 .debug_frame   0x0000000000000114       0x20 ../sRamEclipse3_bsp/\libhal_bsp.a(alt_dcache_flush_all.o)
 .debug_frame   0x0000000000000134       0x20 ../sRamEclipse3_bsp/\libhal_bsp.a(alt_icache_flush_all.o)
 .debug_frame   0x0000000000000154       0x20 ../sRamEclipse3_bsp/\libhal_bsp.a(altera_nios2_qsys_irq.o)
 .debug_frame   0x0000000000000174       0x20 ../sRamEclipse3_bsp/\libhal_bsp.a(alt_icache_flush.o)
 .debug_frame   0x0000000000000194       0x20 c:/altera/14.0/nios2eds/bin/gnu/h-x86_64-mingw32/bin/../lib/gcc/nios2-elf/4.7.3/../../../../../H-x86_64-mingw32/nios2-elf/lib/mno-hw-mul\libsmallc.a(lib_a-strlen.o)

.debug_str      0x0000000000000000      0x58a
 *(.debug_str)
 .debug_str     0x0000000000000000       0x76 obj/default/hello_world_small.o
                                         0x80 (size before relaxing)
 .debug_str     0x0000000000000076      0x1bc ../sRamEclipse3_bsp/\libhal_bsp.a(alt_load.o)
                                        0x201 (size before relaxing)
 .debug_str     0x0000000000000232       0x8f ../sRamEclipse3_bsp/\libhal_bsp.a(alt_main.o)
                                        0x17a (size before relaxing)
 .debug_str     0x00000000000002c1       0x6b ../sRamEclipse3_bsp/\libhal_bsp.a(alt_putstr.o)
                                        0x15c (size before relaxing)
 .debug_str     0x000000000000032c       0xb9 ../sRamEclipse3_bsp/\libhal_bsp.a(alt_sys_init.o)
                                        0x221 (size before relaxing)
 .debug_str     0x00000000000003e5       0x3f ../sRamEclipse3_bsp/\libhal_bsp.a(altera_avalon_jtag_uart_write.o)
                                        0x1da (size before relaxing)
 .debug_str     0x0000000000000424       0x1f ../sRamEclipse3_bsp/\libhal_bsp.a(alt_dcache_flush_all.o)
                                        0x11a (size before relaxing)
 .debug_str     0x0000000000000443       0x30 ../sRamEclipse3_bsp/\libhal_bsp.a(alt_icache_flush_all.o)
                                        0x133 (size before relaxing)
 .debug_str     0x0000000000000473       0x20 ../sRamEclipse3_bsp/\libhal_bsp.a(altera_nios2_qsys_irq.o)
                                        0x121 (size before relaxing)
 .debug_str     0x0000000000000493       0x1b ../sRamEclipse3_bsp/\libhal_bsp.a(alt_icache_flush.o)
                                        0x120 (size before relaxing)
 .debug_str     0x00000000000004ae       0xdc c:/altera/14.0/nios2eds/bin/gnu/h-x86_64-mingw32/bin/../lib/gcc/nios2-elf/4.7.3/../../../../../H-x86_64-mingw32/nios2-elf/lib/mno-hw-mul\libsmallc.a(lib_a-strlen.o)
                                        0x18e (size before relaxing)

.debug_loc      0x0000000000000000      0x210
 *(.debug_loc)
 .debug_loc     0x0000000000000000       0x3f obj/default/hello_world_small.o
 .debug_loc     0x000000000000003f       0x20 ../sRamEclipse3_bsp/\libhal_bsp.a(alt_load.o)
 .debug_loc     0x000000000000005f       0x20 ../sRamEclipse3_bsp/\libhal_bsp.a(alt_main.o)
 .debug_loc     0x000000000000007f       0x57 ../sRamEclipse3_bsp/\libhal_bsp.a(alt_putstr.o)
 .debug_loc     0x00000000000000d6       0x41 ../sRamEclipse3_bsp/\libhal_bsp.a(alt_sys_init.o)
 .debug_loc     0x0000000000000117       0x7e ../sRamEclipse3_bsp/\libhal_bsp.a(altera_avalon_jtag_uart_write.o)
 .debug_loc     0x0000000000000195       0x52 ../sRamEclipse3_bsp/\libhal_bsp.a(alt_icache_flush.o)
 .debug_loc     0x00000000000001e7       0x29 c:/altera/14.0/nios2eds/bin/gnu/h-x86_64-mingw32/bin/../lib/gcc/nios2-elf/4.7.3/../../../../../H-x86_64-mingw32/nios2-elf/lib/mno-hw-mul\libsmallc.a(lib_a-strlen.o)

.debug_macinfo
 *(.debug_macinfo)

.debug_weaknames
 *(.debug_weaknames)

.debug_funcnames
 *(.debug_funcnames)

.debug_typenames
 *(.debug_typenames)

.debug_varnames
 *(.debug_varnames)

.debug_alt_sim_info
                0x0000000000000000       0x20
 *(.debug_alt_sim_info)
 .debug_alt_sim_info
                0x0000000000000000       0x20 ../sRamEclipse3_bsp//obj/HAL/src/crt0.o
                0x000000000000d000                __alt_data_end = 0xd000
                0x000000000000d000                PROVIDE (__alt_stack_pointer, __alt_data_end)
                0x000000000000838c                PROVIDE (__alt_stack_limit, __alt_stack_base)
                0x000000000000838c                PROVIDE (__alt_heap_start, end)
                0x000000000000d000                PROVIDE (__alt_heap_limit, 0xd000)
OUTPUT(sRamEclipse3.elf elf32-littlenios2)

.debug_ranges   0x0000000000000000       0x80
 .debug_ranges  0x0000000000000000       0x20 ../sRamEclipse3_bsp//obj/HAL/src/crt0.o
 .debug_ranges  0x0000000000000020       0x18 obj/default/hello_world_small.o
 .debug_ranges  0x0000000000000038       0x48 ../sRamEclipse3_bsp/\libhal_bsp.a(alt_load.o)
