Archive member included because of file (symbol)

../sRamEclipse_bsp/\libhal_bsp.a(alt_load.o)
                              ../sRamEclipse_bsp//obj/HAL/src/crt0.o (alt_load)
../sRamEclipse_bsp/\libhal_bsp.a(alt_main.o)
                              ../sRamEclipse_bsp//obj/HAL/src/crt0.o (alt_main)
../sRamEclipse_bsp/\libhal_bsp.a(alt_sys_init.o)
                              ../sRamEclipse_bsp/\libhal_bsp.a(alt_main.o) (alt_irq_init)
../sRamEclipse_bsp/\libhal_bsp.a(altera_avalon_jtag_uart_fd.o)
                              ../sRamEclipse_bsp/\libhal_bsp.a(alt_sys_init.o) (altera_avalon_jtag_uart_read_fd)
../sRamEclipse_bsp/\libhal_bsp.a(altera_avalon_jtag_uart_init.o)
                              ../sRamEclipse_bsp/\libhal_bsp.a(alt_sys_init.o) (altera_avalon_jtag_uart_init)
../sRamEclipse_bsp/\libhal_bsp.a(altera_avalon_jtag_uart_ioctl.o)
                              ../sRamEclipse_bsp/\libhal_bsp.a(altera_avalon_jtag_uart_fd.o) (altera_avalon_jtag_uart_ioctl)
../sRamEclipse_bsp/\libhal_bsp.a(altera_avalon_jtag_uart_read.o)
                              ../sRamEclipse_bsp/\libhal_bsp.a(altera_avalon_jtag_uart_fd.o) (altera_avalon_jtag_uart_read)
../sRamEclipse_bsp/\libhal_bsp.a(altera_avalon_jtag_uart_write.o)
                              ../sRamEclipse_bsp/\libhal_bsp.a(altera_avalon_jtag_uart_fd.o) (altera_avalon_jtag_uart_write)
../sRamEclipse_bsp/\libhal_bsp.a(altera_avalon_timer_sc.o)
                              ../sRamEclipse_bsp/\libhal_bsp.a(alt_sys_init.o) (alt_avalon_timer_sc_init)
../sRamEclipse_bsp/\libhal_bsp.a(alt_alarm_start.o)
                              ../sRamEclipse_bsp/\libhal_bsp.a(altera_avalon_jtag_uart_init.o) (alt_alarm_start)
../sRamEclipse_bsp/\libhal_bsp.a(alt_close.o)
                              ../sRamEclipse_bsp/\libhal_bsp.a(alt_main.o) (close)
../sRamEclipse_bsp/\libhal_bsp.a(alt_dcache_flush_all.o)
                              ../sRamEclipse_bsp/\libhal_bsp.a(alt_load.o) (alt_dcache_flush_all)
../sRamEclipse_bsp/\libhal_bsp.a(alt_dev.o)
                              ../sRamEclipse_bsp/\libhal_bsp.a(alt_sys_init.o) (alt_dev_list)
../sRamEclipse_bsp/\libhal_bsp.a(alt_dev_llist_insert.o)
                              ../sRamEclipse_bsp/\libhal_bsp.a(alt_sys_init.o) (alt_dev_llist_insert)
../sRamEclipse_bsp/\libhal_bsp.a(alt_do_ctors.o)
                              ../sRamEclipse_bsp/\libhal_bsp.a(alt_main.o) (_do_ctors)
../sRamEclipse_bsp/\libhal_bsp.a(alt_do_dtors.o)
                              ../sRamEclipse_bsp/\libhal_bsp.a(alt_main.o) (_do_dtors)
../sRamEclipse_bsp/\libhal_bsp.a(alt_errno.o)
                              ../sRamEclipse_bsp/\libhal_bsp.a(alt_close.o) (alt_errno)
../sRamEclipse_bsp/\libhal_bsp.a(alt_icache_flush_all.o)
                              ../sRamEclipse_bsp/\libhal_bsp.a(alt_load.o) (alt_icache_flush_all)
../sRamEclipse_bsp/\libhal_bsp.a(alt_iic.o)
                              ../sRamEclipse_bsp/\libhal_bsp.a(altera_avalon_jtag_uart_init.o) (alt_ic_isr_register)
../sRamEclipse_bsp/\libhal_bsp.a(alt_iic_isr_register.o)
                              ../sRamEclipse_bsp/\libhal_bsp.a(alt_iic.o) (alt_iic_isr_register)
../sRamEclipse_bsp/\libhal_bsp.a(alt_io_redirect.o)
                              ../sRamEclipse_bsp/\libhal_bsp.a(alt_main.o) (alt_io_redirect)
../sRamEclipse_bsp/\libhal_bsp.a(alt_irq_entry.o)
                              ../sRamEclipse_bsp/\libhal_bsp.a(alt_iic_isr_register.o) (alt_irq_entry)
../sRamEclipse_bsp/\libhal_bsp.a(alt_irq_handler.o)
                              ../sRamEclipse_bsp/\libhal_bsp.a(alt_iic_isr_register.o) (alt_irq)
../sRamEclipse_bsp/\libhal_bsp.a(alt_irq_vars.o)
                              ../sRamEclipse_bsp/\libhal_bsp.a(alt_iic.o) (alt_irq_active)
../sRamEclipse_bsp/\libhal_bsp.a(alt_open.o)
                              ../sRamEclipse_bsp/\libhal_bsp.a(alt_io_redirect.o) (open)
../sRamEclipse_bsp/\libhal_bsp.a(alt_release_fd.o)
                              ../sRamEclipse_bsp/\libhal_bsp.a(alt_close.o) (alt_release_fd)
../sRamEclipse_bsp/\libhal_bsp.a(alt_tick.o)
                              ../sRamEclipse_bsp/\libhal_bsp.a(altera_avalon_jtag_uart_init.o) (_alt_tick_rate)
../sRamEclipse_bsp/\libhal_bsp.a(altera_nios2_qsys_irq.o)
                              ../sRamEclipse_bsp/\libhal_bsp.a(alt_sys_init.o) (altera_nios2_qsys_irq_init)
../sRamEclipse_bsp/\libhal_bsp.a(alt_exception_entry.o)
                              ../sRamEclipse_bsp/\libhal_bsp.a(alt_irq_entry.o) (alt_exception)
../sRamEclipse_bsp/\libhal_bsp.a(alt_find_dev.o)
                              ../sRamEclipse_bsp/\libhal_bsp.a(alt_open.o) (alt_find_dev)
../sRamEclipse_bsp/\libhal_bsp.a(alt_find_file.o)
                              ../sRamEclipse_bsp/\libhal_bsp.a(alt_open.o) (alt_find_file)
../sRamEclipse_bsp/\libhal_bsp.a(alt_get_fd.o)
                              ../sRamEclipse_bsp/\libhal_bsp.a(alt_open.o) (alt_get_fd)
../sRamEclipse_bsp/\libhal_bsp.a(alt_icache_flush.o)
                              ../sRamEclipse_bsp/\libhal_bsp.a(alt_icache_flush_all.o) (alt_icache_flush)
c:/altera/14.0/nios2eds/bin/gnu/h-x86_64-mingw32/bin/../lib/gcc/nios2-elf/4.7.3/../../../../../H-x86_64-mingw32/nios2-elf/lib/mno-hw-mul\libc.a(lib_a-atexit.o)
                              ../sRamEclipse_bsp/\libhal_bsp.a(alt_main.o) (atexit)
c:/altera/14.0/nios2eds/bin/gnu/h-x86_64-mingw32/bin/../lib/gcc/nios2-elf/4.7.3/../../../../../H-x86_64-mingw32/nios2-elf/lib/mno-hw-mul\libc.a(lib_a-exit.o)
                              ../sRamEclipse_bsp/\libhal_bsp.a(alt_main.o) (exit)
c:/altera/14.0/nios2eds/bin/gnu/h-x86_64-mingw32/bin/../lib/gcc/nios2-elf/4.7.3/../../../../../H-x86_64-mingw32/nios2-elf/lib/mno-hw-mul\libc.a(lib_a-impure.o)
                              c:/altera/14.0/nios2eds/bin/gnu/h-x86_64-mingw32/bin/../lib/gcc/nios2-elf/4.7.3/../../../../../H-x86_64-mingw32/nios2-elf/lib/mno-hw-mul\libc.a(lib_a-exit.o) (_global_impure_ptr)
c:/altera/14.0/nios2eds/bin/gnu/h-x86_64-mingw32/bin/../lib/gcc/nios2-elf/4.7.3/../../../../../H-x86_64-mingw32/nios2-elf/lib/mno-hw-mul\libc.a(lib_a-int_errno.o)
                              ../sRamEclipse_bsp/\libhal_bsp.a(alt_close.o) (errno)
c:/altera/14.0/nios2eds/bin/gnu/h-x86_64-mingw32/bin/../lib/gcc/nios2-elf/4.7.3/../../../../../H-x86_64-mingw32/nios2-elf/lib/mno-hw-mul\libc.a(lib_a-memcmp.o)
                              ../sRamEclipse_bsp/\libhal_bsp.a(alt_find_dev.o) (memcmp)
c:/altera/14.0/nios2eds/bin/gnu/h-x86_64-mingw32/bin/../lib/gcc/nios2-elf/4.7.3/../../../../../H-x86_64-mingw32/nios2-elf/lib/mno-hw-mul\libc.a(lib_a-memcpy.o)
                              ../sRamEclipse_bsp/\libhal_bsp.a(altera_avalon_jtag_uart_read.o) (memcpy)
c:/altera/14.0/nios2eds/bin/gnu/h-x86_64-mingw32/bin/../lib/gcc/nios2-elf/4.7.3/../../../../../H-x86_64-mingw32/nios2-elf/lib/mno-hw-mul\libc.a(lib_a-strlen.o)
                              ../sRamEclipse_bsp/\libhal_bsp.a(alt_find_dev.o) (strlen)
c:/altera/14.0/nios2eds/bin/gnu/h-x86_64-mingw32/bin/../lib/gcc/nios2-elf/4.7.3/../../../../../H-x86_64-mingw32/nios2-elf/lib/mno-hw-mul\libc.a(lib_a-__atexit.o)
                              c:/altera/14.0/nios2eds/bin/gnu/h-x86_64-mingw32/bin/../lib/gcc/nios2-elf/4.7.3/../../../../../H-x86_64-mingw32/nios2-elf/lib/mno-hw-mul\libc.a(lib_a-atexit.o) (__register_exitproc)
c:/altera/14.0/nios2eds/bin/gnu/h-x86_64-mingw32/bin/../lib/gcc/nios2-elf/4.7.3/../../../../../H-x86_64-mingw32/nios2-elf/lib/mno-hw-mul\libc.a(lib_a-__call_atexit.o)
                              c:/altera/14.0/nios2eds/bin/gnu/h-x86_64-mingw32/bin/../lib/gcc/nios2-elf/4.7.3/../../../../../H-x86_64-mingw32/nios2-elf/lib/mno-hw-mul\libc.a(lib_a-exit.o) (__call_exitprocs)
c:/altera/14.0/nios2eds/bin/gnu/h-x86_64-mingw32/bin/../lib/gcc/nios2-elf/4.7.3/mno-hw-mul\libgcc.a(lib2-mul.o)
                              ../sRamEclipse_bsp/\libhal_bsp.a(alt_close.o) (__mulsi3)
../sRamEclipse_bsp/\libhal_bsp.a(alt_exit.o)
                              c:/altera/14.0/nios2eds/bin/gnu/h-x86_64-mingw32/bin/../lib/gcc/nios2-elf/4.7.3/../../../../../H-x86_64-mingw32/nios2-elf/lib/mno-hw-mul\libc.a(lib_a-exit.o) (_exit)

Allocating common symbols
Common symbol       size              file

alt_irq             0x100             ../sRamEclipse_bsp/\libhal_bsp.a(alt_irq_handler.o)
errno               0x4               c:/altera/14.0/nios2eds/bin/gnu/h-x86_64-mingw32/bin/../lib/gcc/nios2-elf/4.7.3/../../../../../H-x86_64-mingw32/nios2-elf/lib/mno-hw-mul\libc.a(lib_a-int_errno.o)
_atexit0            0x190             c:/altera/14.0/nios2eds/bin/gnu/h-x86_64-mingw32/bin/../lib/gcc/nios2-elf/4.7.3/../../../../../H-x86_64-mingw32/nios2-elf/lib/mno-hw-mul\libc.a(lib_a-atexit.o)

Memory Configuration

Name             Origin             Length             Attributes
reset            0x0000000000008000 0x0000000000000020
onchip_mem       0x0000000000008020 0x0000000000004fe0
*default*        0x0000000000000000 0xffffffffffffffff

Linker script and memory map

LOAD ../sRamEclipse_bsp//obj/HAL/src/crt0.o
LOAD c:/altera/14.0/nios2eds/bin/gnu/h-x86_64-mingw32/bin/../lib/gcc/nios2-elf/4.7.3/../../../../../H-x86_64-mingw32/nios2-elf/lib/mno-hw-mul\libstdc++.a
LOAD c:/altera/14.0/nios2eds/bin/gnu/h-x86_64-mingw32/bin/../lib/gcc/nios2-elf/4.7.3/../../../../../H-x86_64-mingw32/nios2-elf/lib/mno-hw-mul\libm.a
LOAD c:/altera/14.0/nios2eds/bin/gnu/h-x86_64-mingw32/bin/../lib/gcc/nios2-elf/4.7.3/mno-hw-mul\libgcc.a
START GROUP
LOAD c:/altera/14.0/nios2eds/bin/gnu/h-x86_64-mingw32/bin/../lib/gcc/nios2-elf/4.7.3/../../../../../H-x86_64-mingw32/nios2-elf/lib/mno-hw-mul\libc.a
LOAD c:/altera/14.0/nios2eds/bin/gnu/h-x86_64-mingw32/bin/../lib/gcc/nios2-elf/4.7.3/mno-hw-mul\libgcc.a
LOAD ../sRamEclipse_bsp/\libhal_bsp.a
END GROUP
LOAD c:/altera/14.0/nios2eds/bin/gnu/h-x86_64-mingw32/bin/../lib/gcc/nios2-elf/4.7.3/mno-hw-mul\libgcc.a
                0x0000000000008000                __alt_mem_onchip_mem = 0x8000

.entry          0x0000000000008000       0x20
 *(.entry)
 .entry         0x0000000000008000       0x20 ../sRamEclipse_bsp//obj/HAL/src/crt0.o
                0x0000000000008000                __reset

.exceptions     0x0000000000008020      0x198
                0x0000000000008020                PROVIDE (__ram_exceptions_start, ABSOLUTE (.))
                0x0000000000008020                . = ALIGN (0x20)
 *(.irq)
 *(.exceptions.entry.label)
 .exceptions.entry.label
                0x0000000000008020        0x0 ../sRamEclipse_bsp/\libhal_bsp.a(alt_irq_entry.o)
                0x0000000000008020                alt_irq_entry
 .exceptions.entry.label
                0x0000000000008020        0x0 ../sRamEclipse_bsp/\libhal_bsp.a(alt_exception_entry.o)
                0x0000000000008020                alt_exception
 *(.exceptions.entry.user)
 *(.exceptions.entry.ecc_fatal)
 *(.exceptions.entry)
 .exceptions.entry
                0x0000000000008020       0x54 ../sRamEclipse_bsp/\libhal_bsp.a(alt_exception_entry.o)
 *(.exceptions.irqtest.user)
 *(.exceptions.irqtest)
 .exceptions.irqtest
                0x0000000000008074       0x10 ../sRamEclipse_bsp/\libhal_bsp.a(alt_irq_entry.o)
 *(.exceptions.irqhandler.user)
 *(.exceptions.irqhandler)
 .exceptions.irqhandler
                0x0000000000008084        0x4 ../sRamEclipse_bsp/\libhal_bsp.a(alt_irq_entry.o)
 *(.exceptions.irqreturn.user)
 *(.exceptions.irqreturn)
 .exceptions.irqreturn
                0x0000000000008088        0x4 ../sRamEclipse_bsp/\libhal_bsp.a(alt_irq_entry.o)
 *(.exceptions.notirq.label)
 .exceptions.notirq.label
                0x000000000000808c        0x0 ../sRamEclipse_bsp/\libhal_bsp.a(alt_irq_entry.o)
 *(.exceptions.notirq.user)
 *(.exceptions.notirq)
 .exceptions.notirq
                0x000000000000808c        0x8 ../sRamEclipse_bsp/\libhal_bsp.a(alt_exception_entry.o)
 *(.exceptions.soft.user)
 *(.exceptions.soft)
 *(.exceptions.unknown.user)
 *(.exceptions.unknown)
 .exceptions.unknown
                0x0000000000008094        0x4 ../sRamEclipse_bsp/\libhal_bsp.a(alt_exception_entry.o)
 *(.exceptions.exit.label)
 .exceptions.exit.label
                0x0000000000008098        0x0 ../sRamEclipse_bsp/\libhal_bsp.a(alt_irq_entry.o)
 .exceptions.exit.label
                0x0000000000008098        0x0 ../sRamEclipse_bsp/\libhal_bsp.a(alt_exception_entry.o)
 *(.exceptions.exit.user)
 *(.exceptions.exit)
 .exceptions.exit
                0x0000000000008098       0x54 ../sRamEclipse_bsp/\libhal_bsp.a(alt_exception_entry.o)
 *(.exceptions)
 .exceptions    0x00000000000080ec       0xcc ../sRamEclipse_bsp/\libhal_bsp.a(alt_irq_handler.o)
                0x00000000000080ec                alt_irq_handler
                0x00000000000081b8                PROVIDE (__ram_exceptions_end, ABSOLUTE (.))
                0x0000000000008020                PROVIDE (__flash_exceptions_start, LOADADDR (.exceptions))

.text           0x00000000000081b8     0x2404
                0x00000000000081b8                PROVIDE (stext, ABSOLUTE (.))
 *(.interp)
 *(.hash)
 *(.dynsym)
 *(.dynstr)
 *(.gnu.version)
 *(.gnu.version_d)
 *(.gnu.version_r)
 *(.rel.init)
 *(.rela.init)
 *(.rel.text .rel.text.* .rel.gnu.linkonce.t.*)
 *(.rela.text .rela.text.* .rela.gnu.linkonce.t.*)
 *(.rel.fini)
 *(.rela.fini)
 *(.rel.rodata .rel.rodata.* .rel.gnu.linkonce.r.*)
 *(.rela.rodata .rela.rodata.* .rela.gnu.linkonce.r.*)
 *(.rel.data .rel.data.* .rel.gnu.linkonce.d.*)
 *(.rela.data .rela.data.* .rela.gnu.linkonce.d.*)
 *(.rel.tdata .rel.tdata.* .rel.gnu.linkonce.td.*)
 *(.rela.tdata .rela.tdata.* .rela.gnu.linkonce.td.*)
 *(.rel.tbss .rel.tbss.* .rel.gnu.linkonce.tb.*)
 *(.rela.tbss .rela.tbss.* .rela.gnu.linkonce.tb.*)
 *(.rel.ctors)
 *(.rela.ctors)
 *(.rel.dtors)
 *(.rela.dtors)
 *(.rel.got)
 *(.rela.got)
 *(.rel.sdata .rel.sdata.* .rel.gnu.linkonce.s.*)
 *(.rela.sdata .rela.sdata.* .rela.gnu.linkonce.s.*)
 *(.rel.sbss .rel.sbss.* .rel.gnu.linkonce.sb.*)
 *(.rela.sbss .rela.sbss.* .rela.gnu.linkonce.sb.*)
 *(.rel.sdata2 .rel.sdata2.* .rel.gnu.linkonce.s2.*)
 *(.rela.sdata2 .rela.sdata2.* .rela.gnu.linkonce.s2.*)
 *(.rel.sbss2 .rel.sbss2.* .rel.gnu.linkonce.sb2.*)
 *(.rela.sbss2 .rela.sbss2.* .rela.gnu.linkonce.sb2.*)
 *(.rel.bss .rel.bss.* .rel.gnu.linkonce.b.*)
 *(.rela.bss .rela.bss.* .rela.gnu.linkonce.b.*)
 *(.rel.plt)
 *(.rela.plt)
 *(.rel.dyn)
 *(.init)
 *(.plt)
 *(.text .stub .text.* .gnu.linkonce.t.*)
 .text          0x00000000000081b8       0x3c ../sRamEclipse_bsp//obj/HAL/src/crt0.o
                0x00000000000081b8                _start
 .text          0x00000000000081f4       0xec ../sRamEclipse_bsp/\libhal_bsp.a(alt_load.o)
                0x0000000000008260                alt_load
 .text          0x00000000000082e0       0x78 ../sRamEclipse_bsp/\libhal_bsp.a(alt_main.o)
                0x00000000000082e0                alt_main
 .text          0x0000000000008358       0xcc ../sRamEclipse_bsp/\libhal_bsp.a(alt_sys_init.o)
                0x0000000000008390                alt_irq_init
                0x00000000000083c4                alt_sys_init
 .text          0x0000000000008424      0x164 ../sRamEclipse_bsp/\libhal_bsp.a(altera_avalon_jtag_uart_fd.o)
                0x0000000000008424                altera_avalon_jtag_uart_read_fd
                0x0000000000008484                altera_avalon_jtag_uart_write_fd
                0x00000000000084e4                altera_avalon_jtag_uart_close_fd
                0x0000000000008534                altera_avalon_jtag_uart_ioctl_fd
 .text          0x0000000000008588      0x3d0 ../sRamEclipse_bsp/\libhal_bsp.a(altera_avalon_jtag_uart_init.o)
                0x0000000000008588                altera_avalon_jtag_uart_init
                0x00000000000088f0                altera_avalon_jtag_uart_close
 .text          0x0000000000008958       0xf4 ../sRamEclipse_bsp/\libhal_bsp.a(altera_avalon_jtag_uart_ioctl.o)
                0x0000000000008958                altera_avalon_jtag_uart_ioctl
 .text          0x0000000000008a4c      0x218 ../sRamEclipse_bsp/\libhal_bsp.a(altera_avalon_jtag_uart_read.o)
                0x0000000000008a4c                altera_avalon_jtag_uart_read
 .text          0x0000000000008c64      0x220 ../sRamEclipse_bsp/\libhal_bsp.a(altera_avalon_jtag_uart_write.o)
                0x0000000000008c64                altera_avalon_jtag_uart_write
 .text          0x0000000000008e84       0xfc ../sRamEclipse_bsp/\libhal_bsp.a(altera_avalon_timer_sc.o)
                0x0000000000008ef8                alt_avalon_timer_sc_init
 .text          0x0000000000008f80      0x140 ../sRamEclipse_bsp/\libhal_bsp.a(alt_alarm_start.o)
                0x0000000000008f80                alt_alarm_start
 .text          0x00000000000090c0      0x11c ../sRamEclipse_bsp/\libhal_bsp.a(alt_close.o)
                0x0000000000009110                close
 .text          0x00000000000091dc       0x1c ../sRamEclipse_bsp/\libhal_bsp.a(alt_dcache_flush_all.o)
                0x00000000000091dc                alt_dcache_flush_all
 .text          0x00000000000091f8       0x2c ../sRamEclipse_bsp/\libhal_bsp.a(alt_dev.o)
 .text          0x0000000000009224       0xf0 ../sRamEclipse_bsp/\libhal_bsp.a(alt_dev_llist_insert.o)
                0x0000000000009274                alt_dev_llist_insert
 .text          0x0000000000009314       0x5c ../sRamEclipse_bsp/\libhal_bsp.a(alt_do_ctors.o)
                0x0000000000009314                _do_ctors
 .text          0x0000000000009370       0x5c ../sRamEclipse_bsp/\libhal_bsp.a(alt_do_dtors.o)
                0x0000000000009370                _do_dtors
 .text          0x00000000000093cc        0x0 ../sRamEclipse_bsp/\libhal_bsp.a(alt_errno.o)
 .text          0x00000000000093cc       0x30 ../sRamEclipse_bsp/\libhal_bsp.a(alt_icache_flush_all.o)
                0x00000000000093cc                alt_icache_flush_all
 .text          0x00000000000093fc      0x1d8 ../sRamEclipse_bsp/\libhal_bsp.a(alt_iic.o)
                0x00000000000093fc                alt_ic_isr_register
                0x000000000000944c                alt_ic_irq_enable
                0x00000000000094e8                alt_ic_irq_disable
                0x0000000000009588                alt_ic_irq_enabled
 .text          0x00000000000095d4       0xf0 ../sRamEclipse_bsp/\libhal_bsp.a(alt_iic_isr_register.o)
                0x00000000000095d4                alt_iic_isr_register
 .text          0x00000000000096c4      0x158 ../sRamEclipse_bsp/\libhal_bsp.a(alt_io_redirect.o)
                0x00000000000097a4                alt_io_redirect
 .text          0x000000000000981c        0x0 ../sRamEclipse_bsp/\libhal_bsp.a(alt_irq_entry.o)
 .text          0x000000000000981c        0x0 ../sRamEclipse_bsp/\libhal_bsp.a(alt_irq_handler.o)
 .text          0x000000000000981c        0x0 ../sRamEclipse_bsp/\libhal_bsp.a(alt_irq_vars.o)
 .text          0x000000000000981c      0x298 ../sRamEclipse_bsp/\libhal_bsp.a(alt_open.o)
                0x000000000000995c                open
 .text          0x0000000000009ab4       0x80 ../sRamEclipse_bsp/\libhal_bsp.a(alt_release_fd.o)
                0x0000000000009ab4                alt_release_fd
 .text          0x0000000000009b34      0x19c ../sRamEclipse_bsp/\libhal_bsp.a(alt_tick.o)
                0x0000000000009b34                alt_alarm_stop
                0x0000000000009bcc                alt_tick
 .text          0x0000000000009cd0       0x20 ../sRamEclipse_bsp/\libhal_bsp.a(altera_nios2_qsys_irq.o)
                0x0000000000009cd0                altera_nios2_qsys_irq_init
 .text          0x0000000000009cf0        0x0 ../sRamEclipse_bsp/\libhal_bsp.a(alt_exception_entry.o)
 .text          0x0000000000009cf0       0x90 ../sRamEclipse_bsp/\libhal_bsp.a(alt_find_dev.o)
                0x0000000000009cf0                alt_find_dev
 .text          0x0000000000009d80      0x114 ../sRamEclipse_bsp/\libhal_bsp.a(alt_find_file.o)
                0x0000000000009d80                alt_find_file
 .text          0x0000000000009e94       0xd4 ../sRamEclipse_bsp/\libhal_bsp.a(alt_get_fd.o)
                0x0000000000009e94                alt_get_fd
 .text          0x0000000000009f68       0x8c ../sRamEclipse_bsp/\libhal_bsp.a(alt_icache_flush.o)
                0x0000000000009f68                alt_icache_flush
 .text          0x0000000000009ff4       0x14 c:/altera/14.0/nios2eds/bin/gnu/h-x86_64-mingw32/bin/../lib/gcc/nios2-elf/4.7.3/../../../../../H-x86_64-mingw32/nios2-elf/lib/mno-hw-mul\libc.a(lib_a-atexit.o)
                0x0000000000009ff4                atexit
 .text          0x000000000000a008       0x38 c:/altera/14.0/nios2eds/bin/gnu/h-x86_64-mingw32/bin/../lib/gcc/nios2-elf/4.7.3/../../../../../H-x86_64-mingw32/nios2-elf/lib/mno-hw-mul\libc.a(lib_a-exit.o)
                0x000000000000a008                exit
 .text          0x000000000000a040        0x0 c:/altera/14.0/nios2eds/bin/gnu/h-x86_64-mingw32/bin/../lib/gcc/nios2-elf/4.7.3/../../../../../H-x86_64-mingw32/nios2-elf/lib/mno-hw-mul\libc.a(lib_a-impure.o)
 .text          0x000000000000a040        0x0 c:/altera/14.0/nios2eds/bin/gnu/h-x86_64-mingw32/bin/../lib/gcc/nios2-elf/4.7.3/../../../../../H-x86_64-mingw32/nios2-elf/lib/mno-hw-mul\libc.a(lib_a-int_errno.o)
 .text          0x000000000000a040       0x7c c:/altera/14.0/nios2eds/bin/gnu/h-x86_64-mingw32/bin/../lib/gcc/nios2-elf/4.7.3/../../../../../H-x86_64-mingw32/nios2-elf/lib/mno-hw-mul\libc.a(lib_a-memcmp.o)
                0x000000000000a040                memcmp
 .text          0x000000000000a0bc      0x140 c:/altera/14.0/nios2eds/bin/gnu/h-x86_64-mingw32/bin/../lib/gcc/nios2-elf/4.7.3/../../../../../H-x86_64-mingw32/nios2-elf/lib/mno-hw-mul\libc.a(lib_a-memcpy.o)
                0x000000000000a0bc                memcpy
 .text          0x000000000000a1fc       0x8c c:/altera/14.0/nios2eds/bin/gnu/h-x86_64-mingw32/bin/../lib/gcc/nios2-elf/4.7.3/../../../../../H-x86_64-mingw32/nios2-elf/lib/mno-hw-mul\libc.a(lib_a-strlen.o)
                0x000000000000a1fc                strlen
 .text          0x000000000000a288      0x130 c:/altera/14.0/nios2eds/bin/gnu/h-x86_64-mingw32/bin/../lib/gcc/nios2-elf/4.7.3/../../../../../H-x86_64-mingw32/nios2-elf/lib/mno-hw-mul\libc.a(lib_a-__atexit.o)
                0x000000000000a288                __register_exitproc
 .text          0x000000000000a3b8      0x1a0 c:/altera/14.0/nios2eds/bin/gnu/h-x86_64-mingw32/bin/../lib/gcc/nios2-elf/4.7.3/../../../../../H-x86_64-mingw32/nios2-elf/lib/mno-hw-mul\libc.a(lib_a-__call_atexit.o)
                0x000000000000a3b8                __call_exitprocs
 .text          0x000000000000a558       0x28 c:/altera/14.0/nios2eds/bin/gnu/h-x86_64-mingw32/bin/../lib/gcc/nios2-elf/4.7.3/mno-hw-mul\libgcc.a(lib2-mul.o)
                0x000000000000a558                __mulsi3
 .text          0x000000000000a580       0x3c ../sRamEclipse_bsp/\libhal_bsp.a(alt_exit.o)
                0x000000000000a580                _exit
 *(.gnu.warning.*)
 *(.fini)
                0x000000000000a5bc                PROVIDE (__etext, ABSOLUTE (.))
                0x000000000000a5bc                PROVIDE (_etext, ABSOLUTE (.))
                0x000000000000a5bc                PROVIDE (etext, ABSOLUTE (.))
 *(.eh_frame_hdr)
                0x000000000000a5bc                . = ALIGN (0x4)
                0x000000000000a5bc                PROVIDE (__preinit_array_start, ABSOLUTE (.))
 *(.preinit_array)
                0x000000000000a5bc                PROVIDE (__preinit_array_end, ABSOLUTE (.))
                0x000000000000a5bc                PROVIDE (__init_array_start, ABSOLUTE (.))
 *(.init_array)
                0x000000000000a5bc                PROVIDE (__init_array_end, ABSOLUTE (.))
                0x000000000000a5bc                PROVIDE (__fini_array_start, ABSOLUTE (.))
 *(.fini_array)
                0x000000000000a5bc                PROVIDE (__fini_array_end, ABSOLUTE (.))
 *(.eh_frame)
 *(.gcc_except_table .gcc_except_table.*)
 *(.dynamic)
                0x000000000000a5bc                PROVIDE (__CTOR_LIST__, ABSOLUTE (.))
 *(.ctors)
 *(SORT(.ctors.*))
                0x000000000000a5bc                PROVIDE (__CTOR_END__, ABSOLUTE (.))
                0x000000000000a5bc                PROVIDE (__DTOR_LIST__, ABSOLUTE (.))
 *(.dtors)
 *(SORT(.dtors.*))
                0x000000000000a5bc                PROVIDE (__DTOR_END__, ABSOLUTE (.))
 *(.jcr)
                0x000000000000a5bc                . = ALIGN (0x4)

.rodata         0x000000000000a5bc       0x30
                0x000000000000a5bc                PROVIDE (__ram_rodata_start, ABSOLUTE (.))
                0x000000000000a5bc                . = ALIGN (0x4)
 *(.rodata .rodata.* .gnu.linkonce.r.*)
 .rodata        0x000000000000a5bc       0x10 ../sRamEclipse_bsp/\libhal_bsp.a(alt_main.o)
 .rodata        0x000000000000a5cc       0x10 ../sRamEclipse_bsp/\libhal_bsp.a(alt_sys_init.o)
 .rodata        0x000000000000a5dc        0xc ../sRamEclipse_bsp/\libhal_bsp.a(alt_dev.o)
 .rodata.str1.4
                0x000000000000a5e8        0x4 c:/altera/14.0/nios2eds/bin/gnu/h-x86_64-mingw32/bin/../lib/gcc/nios2-elf/4.7.3/../../../../../H-x86_64-mingw32/nios2-elf/lib/mno-hw-mul\libc.a(lib_a-impure.o)
 *(.rodata1)
                0x000000000000a5ec                . = ALIGN (0x4)
                0x000000000000a5ec                PROVIDE (__ram_rodata_end, ABSOLUTE (.))
                0x000000000000a5bc                PROVIDE (__flash_rodata_start, LOADADDR (.rodata))

.rwdata         0x000000000000a5ec     0x1634 load address 0x000000000000bc20
                0x000000000000a5ec                PROVIDE (__ram_rwdata_start, ABSOLUTE (.))
                0x000000000000a5ec                . = ALIGN (0x4)
 *(.got.plt)
 *(.got)
 *(.data1)
 *(.data .data.* .gnu.linkonce.d.*)
 .data          0x000000000000a5ec        0x0 ../sRamEclipse_bsp//obj/HAL/src/crt0.o
 .data          0x000000000000a5ec        0x0 ../sRamEclipse_bsp/\libhal_bsp.a(alt_load.o)
 .data          0x000000000000a5ec        0x0 ../sRamEclipse_bsp/\libhal_bsp.a(alt_main.o)
 .data          0x000000000000a5ec     0x1060 ../sRamEclipse_bsp/\libhal_bsp.a(alt_sys_init.o)
 .data          0x000000000000b64c        0x0 ../sRamEclipse_bsp/\libhal_bsp.a(altera_avalon_jtag_uart_fd.o)
 .data          0x000000000000b64c        0x0 ../sRamEclipse_bsp/\libhal_bsp.a(altera_avalon_jtag_uart_init.o)
 .data          0x000000000000b64c        0x0 ../sRamEclipse_bsp/\libhal_bsp.a(altera_avalon_jtag_uart_ioctl.o)
 .data          0x000000000000b64c        0x0 ../sRamEclipse_bsp/\libhal_bsp.a(altera_avalon_jtag_uart_read.o)
 .data          0x000000000000b64c        0x0 ../sRamEclipse_bsp/\libhal_bsp.a(altera_avalon_jtag_uart_write.o)
 .data          0x000000000000b64c        0x0 ../sRamEclipse_bsp/\libhal_bsp.a(altera_avalon_timer_sc.o)
 .data          0x000000000000b64c        0x0 ../sRamEclipse_bsp/\libhal_bsp.a(alt_alarm_start.o)
 .data          0x000000000000b64c        0x0 ../sRamEclipse_bsp/\libhal_bsp.a(alt_close.o)
 .data          0x000000000000b64c        0x0 ../sRamEclipse_bsp/\libhal_bsp.a(alt_dcache_flush_all.o)
 .data          0x000000000000b64c      0x1a8 ../sRamEclipse_bsp/\libhal_bsp.a(alt_dev.o)
                0x000000000000b64c                alt_dev_null
                0x000000000000b674                alt_fd_list
 .data          0x000000000000b7f4        0x0 ../sRamEclipse_bsp/\libhal_bsp.a(alt_dev_llist_insert.o)
 .data          0x000000000000b7f4        0x0 ../sRamEclipse_bsp/\libhal_bsp.a(alt_do_ctors.o)
 .data          0x000000000000b7f4        0x0 ../sRamEclipse_bsp/\libhal_bsp.a(alt_do_dtors.o)
 .data          0x000000000000b7f4        0x0 ../sRamEclipse_bsp/\libhal_bsp.a(alt_errno.o)
 .data          0x000000000000b7f4        0x0 ../sRamEclipse_bsp/\libhal_bsp.a(alt_icache_flush_all.o)
 .data          0x000000000000b7f4        0x0 ../sRamEclipse_bsp/\libhal_bsp.a(alt_iic.o)
 .data          0x000000000000b7f4        0x0 ../sRamEclipse_bsp/\libhal_bsp.a(alt_iic_isr_register.o)
 .data          0x000000000000b7f4        0x0 ../sRamEclipse_bsp/\libhal_bsp.a(alt_io_redirect.o)
 .data          0x000000000000b7f4        0x0 ../sRamEclipse_bsp/\libhal_bsp.a(alt_irq_entry.o)
 .data          0x000000000000b7f4        0x0 ../sRamEclipse_bsp/\libhal_bsp.a(alt_irq_handler.o)
 .data          0x000000000000b7f4        0x0 ../sRamEclipse_bsp/\libhal_bsp.a(alt_irq_vars.o)
 .data          0x000000000000b7f4        0x0 ../sRamEclipse_bsp/\libhal_bsp.a(alt_open.o)
 .data          0x000000000000b7f4        0x0 ../sRamEclipse_bsp/\libhal_bsp.a(alt_release_fd.o)
 .data          0x000000000000b7f4        0x0 ../sRamEclipse_bsp/\libhal_bsp.a(alt_tick.o)
 .data          0x000000000000b7f4        0x0 ../sRamEclipse_bsp/\libhal_bsp.a(altera_nios2_qsys_irq.o)
 .data          0x000000000000b7f4        0x0 ../sRamEclipse_bsp/\libhal_bsp.a(alt_exception_entry.o)
 .data          0x000000000000b7f4        0x0 ../sRamEclipse_bsp/\libhal_bsp.a(alt_find_dev.o)
 .data          0x000000000000b7f4        0x0 ../sRamEclipse_bsp/\libhal_bsp.a(alt_find_file.o)
 .data          0x000000000000b7f4        0x0 ../sRamEclipse_bsp/\libhal_bsp.a(alt_get_fd.o)
 .data          0x000000000000b7f4        0x0 ../sRamEclipse_bsp/\libhal_bsp.a(alt_icache_flush.o)
 .data          0x000000000000b7f4        0x0 c:/altera/14.0/nios2eds/bin/gnu/h-x86_64-mingw32/bin/../lib/gcc/nios2-elf/4.7.3/../../../../../H-x86_64-mingw32/nios2-elf/lib/mno-hw-mul\libc.a(lib_a-atexit.o)
 .data          0x000000000000b7f4        0x0 c:/altera/14.0/nios2eds/bin/gnu/h-x86_64-mingw32/bin/../lib/gcc/nios2-elf/4.7.3/../../../../../H-x86_64-mingw32/nios2-elf/lib/mno-hw-mul\libc.a(lib_a-exit.o)
 .data          0x000000000000b7f4      0x400 c:/altera/14.0/nios2eds/bin/gnu/h-x86_64-mingw32/bin/../lib/gcc/nios2-elf/4.7.3/../../../../../H-x86_64-mingw32/nios2-elf/lib/mno-hw-mul\libc.a(lib_a-impure.o)
 .data          0x000000000000bbf4        0x0 c:/altera/14.0/nios2eds/bin/gnu/h-x86_64-mingw32/bin/../lib/gcc/nios2-elf/4.7.3/../../../../../H-x86_64-mingw32/nios2-elf/lib/mno-hw-mul\libc.a(lib_a-int_errno.o)
 .data          0x000000000000bbf4        0x0 c:/altera/14.0/nios2eds/bin/gnu/h-x86_64-mingw32/bin/../lib/gcc/nios2-elf/4.7.3/../../../../../H-x86_64-mingw32/nios2-elf/lib/mno-hw-mul\libc.a(lib_a-memcmp.o)
 .data          0x000000000000bbf4        0x0 c:/altera/14.0/nios2eds/bin/gnu/h-x86_64-mingw32/bin/../lib/gcc/nios2-elf/4.7.3/../../../../../H-x86_64-mingw32/nios2-elf/lib/mno-hw-mul\libc.a(lib_a-memcpy.o)
 .data          0x000000000000bbf4        0x0 c:/altera/14.0/nios2eds/bin/gnu/h-x86_64-mingw32/bin/../lib/gcc/nios2-elf/4.7.3/../../../../../H-x86_64-mingw32/nios2-elf/lib/mno-hw-mul\libc.a(lib_a-strlen.o)
 .data          0x000000000000bbf4        0x0 c:/altera/14.0/nios2eds/bin/gnu/h-x86_64-mingw32/bin/../lib/gcc/nios2-elf/4.7.3/../../../../../H-x86_64-mingw32/nios2-elf/lib/mno-hw-mul\libc.a(lib_a-__atexit.o)
 .data          0x000000000000bbf4        0x0 c:/altera/14.0/nios2eds/bin/gnu/h-x86_64-mingw32/bin/../lib/gcc/nios2-elf/4.7.3/../../../../../H-x86_64-mingw32/nios2-elf/lib/mno-hw-mul\libc.a(lib_a-__call_atexit.o)
 .data          0x000000000000bbf4        0x0 c:/altera/14.0/nios2eds/bin/gnu/h-x86_64-mingw32/bin/../lib/gcc/nios2-elf/4.7.3/mno-hw-mul\libgcc.a(lib2-mul.o)
 .data          0x000000000000bbf4        0x0 ../sRamEclipse_bsp/\libhal_bsp.a(alt_exit.o)
                0x0000000000013bf4                _gp = ABSOLUTE ((. + 0x8000))
                0x0000000000013bf4                PROVIDE (gp, _gp)
 *(.rwdata .rwdata.*)
 *(.sdata .sdata.* .gnu.linkonce.s.*)
 .sdata         0x000000000000bbf4       0x14 ../sRamEclipse_bsp/\libhal_bsp.a(alt_dev.o)
                0x000000000000bbf4                alt_fs_list
                0x000000000000bbfc                alt_dev_list
                0x000000000000bc04                alt_max_fd
 .sdata         0x000000000000bc08        0x4 ../sRamEclipse_bsp/\libhal_bsp.a(alt_errno.o)
                0x000000000000bc08                alt_errno
 .sdata         0x000000000000bc0c        0x4 ../sRamEclipse_bsp/\libhal_bsp.a(alt_irq_vars.o)
                0x000000000000bc0c                alt_priority_mask
 .sdata         0x000000000000bc10        0x8 ../sRamEclipse_bsp/\libhal_bsp.a(alt_tick.o)
                0x000000000000bc10                alt_alarm_list
 .sdata         0x000000000000bc18        0x8 c:/altera/14.0/nios2eds/bin/gnu/h-x86_64-mingw32/bin/../lib/gcc/nios2-elf/4.7.3/../../../../../H-x86_64-mingw32/nios2-elf/lib/mno-hw-mul\libc.a(lib_a-impure.o)
                0x000000000000bc18                _global_impure_ptr
                0x000000000000bc1c                _impure_ptr
 *(.sdata2 .sdata2.* .gnu.linkonce.s2.*)
                0x000000000000bc20                . = ALIGN (0x4)
                0x000000000000bc20                _edata = ABSOLUTE (.)
                0x000000000000bc20                PROVIDE (edata, ABSOLUTE (.))
                0x000000000000bc20                PROVIDE (__ram_rwdata_end, ABSOLUTE (.))
                0x000000000000bc20                PROVIDE (__flash_rwdata_start, LOADADDR (.rwdata))

.bss            0x000000000000d254      0x2ac
                0x000000000000d254                __bss_start = ABSOLUTE (.)
                0x000000000000d254                PROVIDE (__sbss_start, ABSOLUTE (.))
                0x000000000000d254                PROVIDE (___sbss_start, ABSOLUTE (.))
 *(.dynsbss)
 *(.sbss .sbss.* .gnu.linkonce.sb.*)
 .sbss          0x000000000000d254        0xc ../sRamEclipse_bsp/\libhal_bsp.a(alt_main.o)
                0x000000000000d254                alt_argc
                0x000000000000d258                alt_argv
                0x000000000000d25c                alt_envp
 .sbss          0x000000000000d260        0x4 ../sRamEclipse_bsp/\libhal_bsp.a(alt_irq_vars.o)
                0x000000000000d260                alt_irq_active
 .sbss          0x000000000000d264        0x8 ../sRamEclipse_bsp/\libhal_bsp.a(alt_tick.o)
                0x000000000000d264                _alt_tick_rate
                0x000000000000d268                _alt_nticks
 .sbss          0x000000000000d26c        0x4 c:/altera/14.0/nios2eds/bin/gnu/h-x86_64-mingw32/bin/../lib/gcc/nios2-elf/4.7.3/../../../../../H-x86_64-mingw32/nios2-elf/lib/mno-hw-mul\libc.a(lib_a-int_errno.o)
                0x000000000000d26c                errno
 *(.sbss2 .sbss2.* .gnu.linkonce.sb2.*)
 *(.scommon)
                0x000000000000d270                PROVIDE (__sbss_end, ABSOLUTE (.))
                0x000000000000d270                PROVIDE (___sbss_end, ABSOLUTE (.))
 *(.dynbss)
 *(.bss .bss.* .gnu.linkonce.b.*)
 .bss           0x000000000000d270        0x0 ../sRamEclipse_bsp//obj/HAL/src/crt0.o
 .bss           0x000000000000d270        0x0 ../sRamEclipse_bsp/\libhal_bsp.a(alt_load.o)
 .bss           0x000000000000d270        0x0 ../sRamEclipse_bsp/\libhal_bsp.a(alt_main.o)
 .bss           0x000000000000d270        0x0 ../sRamEclipse_bsp/\libhal_bsp.a(alt_sys_init.o)
 .bss           0x000000000000d270        0x0 ../sRamEclipse_bsp/\libhal_bsp.a(altera_avalon_jtag_uart_fd.o)
 .bss           0x000000000000d270        0x0 ../sRamEclipse_bsp/\libhal_bsp.a(altera_avalon_jtag_uart_init.o)
 .bss           0x000000000000d270        0x0 ../sRamEclipse_bsp/\libhal_bsp.a(altera_avalon_jtag_uart_ioctl.o)
 .bss           0x000000000000d270        0x0 ../sRamEclipse_bsp/\libhal_bsp.a(altera_avalon_jtag_uart_read.o)
 .bss           0x000000000000d270        0x0 ../sRamEclipse_bsp/\libhal_bsp.a(altera_avalon_jtag_uart_write.o)
 .bss           0x000000000000d270        0x0 ../sRamEclipse_bsp/\libhal_bsp.a(altera_avalon_timer_sc.o)
 .bss           0x000000000000d270        0x0 ../sRamEclipse_bsp/\libhal_bsp.a(alt_alarm_start.o)
 .bss           0x000000000000d270        0x0 ../sRamEclipse_bsp/\libhal_bsp.a(alt_close.o)
 .bss           0x000000000000d270        0x0 ../sRamEclipse_bsp/\libhal_bsp.a(alt_dcache_flush_all.o)
 .bss           0x000000000000d270        0x0 ../sRamEclipse_bsp/\libhal_bsp.a(alt_dev.o)
 .bss           0x000000000000d270        0x0 ../sRamEclipse_bsp/\libhal_bsp.a(alt_dev_llist_insert.o)
 .bss           0x000000000000d270        0x0 ../sRamEclipse_bsp/\libhal_bsp.a(alt_do_ctors.o)
 .bss           0x000000000000d270        0x0 ../sRamEclipse_bsp/\libhal_bsp.a(alt_do_dtors.o)
 .bss           0x000000000000d270        0x0 ../sRamEclipse_bsp/\libhal_bsp.a(alt_errno.o)
 .bss           0x000000000000d270        0x0 ../sRamEclipse_bsp/\libhal_bsp.a(alt_icache_flush_all.o)
 .bss           0x000000000000d270        0x0 ../sRamEclipse_bsp/\libhal_bsp.a(alt_iic.o)
 .bss           0x000000000000d270        0x0 ../sRamEclipse_bsp/\libhal_bsp.a(alt_iic_isr_register.o)
 .bss           0x000000000000d270        0x0 ../sRamEclipse_bsp/\libhal_bsp.a(alt_io_redirect.o)
 .bss           0x000000000000d270        0x0 ../sRamEclipse_bsp/\libhal_bsp.a(alt_irq_entry.o)
 .bss           0x000000000000d270        0x0 ../sRamEclipse_bsp/\libhal_bsp.a(alt_irq_handler.o)
 .bss           0x000000000000d270        0x0 ../sRamEclipse_bsp/\libhal_bsp.a(alt_irq_vars.o)
 .bss           0x000000000000d270        0x0 ../sRamEclipse_bsp/\libhal_bsp.a(alt_open.o)
 .bss           0x000000000000d270        0x0 ../sRamEclipse_bsp/\libhal_bsp.a(alt_release_fd.o)
 .bss           0x000000000000d270        0x0 ../sRamEclipse_bsp/\libhal_bsp.a(alt_tick.o)
 .bss           0x000000000000d270        0x0 ../sRamEclipse_bsp/\libhal_bsp.a(altera_nios2_qsys_irq.o)
 .bss           0x000000000000d270        0x0 ../sRamEclipse_bsp/\libhal_bsp.a(alt_exception_entry.o)
 .bss           0x000000000000d270        0x0 ../sRamEclipse_bsp/\libhal_bsp.a(alt_find_dev.o)
 .bss           0x000000000000d270        0x0 ../sRamEclipse_bsp/\libhal_bsp.a(alt_find_file.o)
 .bss           0x000000000000d270        0x0 ../sRamEclipse_bsp/\libhal_bsp.a(alt_get_fd.o)
 .bss           0x000000000000d270        0x0 ../sRamEclipse_bsp/\libhal_bsp.a(alt_icache_flush.o)
 .bss           0x000000000000d270        0x0 c:/altera/14.0/nios2eds/bin/gnu/h-x86_64-mingw32/bin/../lib/gcc/nios2-elf/4.7.3/../../../../../H-x86_64-mingw32/nios2-elf/lib/mno-hw-mul\libc.a(lib_a-atexit.o)
 .bss           0x000000000000d270        0x0 c:/altera/14.0/nios2eds/bin/gnu/h-x86_64-mingw32/bin/../lib/gcc/nios2-elf/4.7.3/../../../../../H-x86_64-mingw32/nios2-elf/lib/mno-hw-mul\libc.a(lib_a-exit.o)
 .bss           0x000000000000d270        0x0 c:/altera/14.0/nios2eds/bin/gnu/h-x86_64-mingw32/bin/../lib/gcc/nios2-elf/4.7.3/../../../../../H-x86_64-mingw32/nios2-elf/lib/mno-hw-mul\libc.a(lib_a-impure.o)
 .bss           0x000000000000d270        0x0 c:/altera/14.0/nios2eds/bin/gnu/h-x86_64-mingw32/bin/../lib/gcc/nios2-elf/4.7.3/../../../../../H-x86_64-mingw32/nios2-elf/lib/mno-hw-mul\libc.a(lib_a-int_errno.o)
 .bss           0x000000000000d270        0x0 c:/altera/14.0/nios2eds/bin/gnu/h-x86_64-mingw32/bin/../lib/gcc/nios2-elf/4.7.3/../../../../../H-x86_64-mingw32/nios2-elf/lib/mno-hw-mul\libc.a(lib_a-memcmp.o)
 .bss           0x000000000000d270        0x0 c:/altera/14.0/nios2eds/bin/gnu/h-x86_64-mingw32/bin/../lib/gcc/nios2-elf/4.7.3/../../../../../H-x86_64-mingw32/nios2-elf/lib/mno-hw-mul\libc.a(lib_a-memcpy.o)
 .bss           0x000000000000d270        0x0 c:/altera/14.0/nios2eds/bin/gnu/h-x86_64-mingw32/bin/../lib/gcc/nios2-elf/4.7.3/../../../../../H-x86_64-mingw32/nios2-elf/lib/mno-hw-mul\libc.a(lib_a-strlen.o)
 .bss           0x000000000000d270        0x0 c:/altera/14.0/nios2eds/bin/gnu/h-x86_64-mingw32/bin/../lib/gcc/nios2-elf/4.7.3/../../../../../H-x86_64-mingw32/nios2-elf/lib/mno-hw-mul\libc.a(lib_a-__atexit.o)
 .bss           0x000000000000d270        0x0 c:/altera/14.0/nios2eds/bin/gnu/h-x86_64-mingw32/bin/../lib/gcc/nios2-elf/4.7.3/../../../../../H-x86_64-mingw32/nios2-elf/lib/mno-hw-mul\libc.a(lib_a-__call_atexit.o)
 .bss           0x000000000000d270        0x0 c:/altera/14.0/nios2eds/bin/gnu/h-x86_64-mingw32/bin/../lib/gcc/nios2-elf/4.7.3/mno-hw-mul\libgcc.a(lib2-mul.o)
 .bss           0x000000000000d270        0x0 ../sRamEclipse_bsp/\libhal_bsp.a(alt_exit.o)
 *(COMMON)
 COMMON         0x000000000000d270      0x100 ../sRamEclipse_bsp/\libhal_bsp.a(alt_irq_handler.o)
                0x000000000000d270                alt_irq
 COMMON         0x000000000000d370      0x190 c:/altera/14.0/nios2eds/bin/gnu/h-x86_64-mingw32/bin/../lib/gcc/nios2-elf/4.7.3/../../../../../H-x86_64-mingw32/nios2-elf/lib/mno-hw-mul\libc.a(lib_a-atexit.o)
                0x000000000000d370                _atexit0
                0x000000000000d500                . = ALIGN (0x4)
                0x000000000000d500                __bss_end = ABSOLUTE (.)

.onchip_mem     0x000000000000d500        0x0
                0x000000000000d500                PROVIDE (_alt_partition_onchip_mem_start, ABSOLUTE (.))
 *(.onchip_mem .onchip_mem. onchip_mem.*)
                0x000000000000d500                . = ALIGN (0x4)
                0x000000000000d500                PROVIDE (_alt_partition_onchip_mem_end, ABSOLUTE (.))
                0x000000000000d500                _end = ABSOLUTE (.)
                0x000000000000d500                end = ABSOLUTE (.)
                0x000000000000d500                __alt_stack_base = ABSOLUTE (.)
                0x000000000000d500                PROVIDE (_alt_partition_onchip_mem_load_addr, LOADADDR (.onchip_mem))

.stab
 *(.stab)

.stabstr
 *(.stabstr)

.stab.excl
 *(.stab.excl)

.stab.exclstr
 *(.stab.exclstr)

.stab.index
 *(.stab.index)

.stab.indexstr
 *(.stab.indexstr)

.comment        0x0000000000000000       0x23
 *(.comment)
 .comment       0x0000000000000000       0x23 ../sRamEclipse_bsp/\libhal_bsp.a(alt_load.o)
                                         0x24 (size before relaxing)
 .comment       0x0000000000000000       0x24 ../sRamEclipse_bsp/\libhal_bsp.a(alt_main.o)
 .comment       0x0000000000000000       0x24 ../sRamEclipse_bsp/\libhal_bsp.a(alt_sys_init.o)
 .comment       0x0000000000000000       0x24 ../sRamEclipse_bsp/\libhal_bsp.a(altera_avalon_jtag_uart_fd.o)
 .comment       0x0000000000000000       0x24 ../sRamEclipse_bsp/\libhal_bsp.a(altera_avalon_jtag_uart_init.o)
 .comment       0x0000000000000000       0x24 ../sRamEclipse_bsp/\libhal_bsp.a(altera_avalon_jtag_uart_ioctl.o)
 .comment       0x0000000000000000       0x24 ../sRamEclipse_bsp/\libhal_bsp.a(altera_avalon_jtag_uart_read.o)
 .comment       0x0000000000000000       0x24 ../sRamEclipse_bsp/\libhal_bsp.a(altera_avalon_jtag_uart_write.o)
 .comment       0x0000000000000000       0x24 ../sRamEclipse_bsp/\libhal_bsp.a(altera_avalon_timer_sc.o)
 .comment       0x0000000000000000       0x24 ../sRamEclipse_bsp/\libhal_bsp.a(alt_alarm_start.o)
 .comment       0x0000000000000000       0x24 ../sRamEclipse_bsp/\libhal_bsp.a(alt_close.o)
 .comment       0x0000000000000000       0x24 ../sRamEclipse_bsp/\libhal_bsp.a(alt_dcache_flush_all.o)
 .comment       0x0000000000000000       0x24 ../sRamEclipse_bsp/\libhal_bsp.a(alt_dev.o)
 .comment       0x0000000000000000       0x24 ../sRamEclipse_bsp/\libhal_bsp.a(alt_dev_llist_insert.o)
 .comment       0x0000000000000000       0x24 ../sRamEclipse_bsp/\libhal_bsp.a(alt_do_ctors.o)
 .comment       0x0000000000000000       0x24 ../sRamEclipse_bsp/\libhal_bsp.a(alt_do_dtors.o)
 .comment       0x0000000000000000       0x24 ../sRamEclipse_bsp/\libhal_bsp.a(alt_errno.o)
 .comment       0x0000000000000000       0x24 ../sRamEclipse_bsp/\libhal_bsp.a(alt_icache_flush_all.o)
 .comment       0x0000000000000000       0x24 ../sRamEclipse_bsp/\libhal_bsp.a(alt_iic.o)
 .comment       0x0000000000000000       0x24 ../sRamEclipse_bsp/\libhal_bsp.a(alt_iic_isr_register.o)
 .comment       0x0000000000000000       0x24 ../sRamEclipse_bsp/\libhal_bsp.a(alt_io_redirect.o)
 .comment       0x0000000000000000       0x24 ../sRamEclipse_bsp/\libhal_bsp.a(alt_irq_handler.o)
 .comment       0x0000000000000000       0x24 ../sRamEclipse_bsp/\libhal_bsp.a(alt_irq_vars.o)
 .comment       0x0000000000000000       0x24 ../sRamEclipse_bsp/\libhal_bsp.a(alt_open.o)
 .comment       0x0000000000000000       0x24 ../sRamEclipse_bsp/\libhal_bsp.a(alt_release_fd.o)
 .comment       0x0000000000000000       0x24 ../sRamEclipse_bsp/\libhal_bsp.a(alt_tick.o)
 .comment       0x0000000000000000       0x24 ../sRamEclipse_bsp/\libhal_bsp.a(altera_nios2_qsys_irq.o)
 .comment       0x0000000000000000       0x24 ../sRamEclipse_bsp/\libhal_bsp.a(alt_find_dev.o)
 .comment       0x0000000000000000       0x24 ../sRamEclipse_bsp/\libhal_bsp.a(alt_find_file.o)
 .comment       0x0000000000000000       0x24 ../sRamEclipse_bsp/\libhal_bsp.a(alt_get_fd.o)
 .comment       0x0000000000000000       0x24 ../sRamEclipse_bsp/\libhal_bsp.a(alt_icache_flush.o)
 .comment       0x0000000000000000       0x24 c:/altera/14.0/nios2eds/bin/gnu/h-x86_64-mingw32/bin/../lib/gcc/nios2-elf/4.7.3/../../../../../H-x86_64-mingw32/nios2-elf/lib/mno-hw-mul\libc.a(lib_a-atexit.o)
 .comment       0x0000000000000000       0x24 c:/altera/14.0/nios2eds/bin/gnu/h-x86_64-mingw32/bin/../lib/gcc/nios2-elf/4.7.3/../../../../../H-x86_64-mingw32/nios2-elf/lib/mno-hw-mul\libc.a(lib_a-exit.o)
 .comment       0x0000000000000000       0x24 c:/altera/14.0/nios2eds/bin/gnu/h-x86_64-mingw32/bin/../lib/gcc/nios2-elf/4.7.3/../../../../../H-x86_64-mingw32/nios2-elf/lib/mno-hw-mul\libc.a(lib_a-impure.o)
 .comment       0x0000000000000000       0x24 c:/altera/14.0/nios2eds/bin/gnu/h-x86_64-mingw32/bin/../lib/gcc/nios2-elf/4.7.3/../../../../../H-x86_64-mingw32/nios2-elf/lib/mno-hw-mul\libc.a(lib_a-int_errno.o)
 .comment       0x0000000000000000       0x24 c:/altera/14.0/nios2eds/bin/gnu/h-x86_64-mingw32/bin/../lib/gcc/nios2-elf/4.7.3/../../../../../H-x86_64-mingw32/nios2-elf/lib/mno-hw-mul\libc.a(lib_a-memcmp.o)
 .comment       0x0000000000000000       0x24 c:/altera/14.0/nios2eds/bin/gnu/h-x86_64-mingw32/bin/../lib/gcc/nios2-elf/4.7.3/../../../../../H-x86_64-mingw32/nios2-elf/lib/mno-hw-mul\libc.a(lib_a-memcpy.o)
 .comment       0x0000000000000000       0x24 c:/altera/14.0/nios2eds/bin/gnu/h-x86_64-mingw32/bin/../lib/gcc/nios2-elf/4.7.3/../../../../../H-x86_64-mingw32/nios2-elf/lib/mno-hw-mul\libc.a(lib_a-strlen.o)
 .comment       0x0000000000000000       0x24 c:/altera/14.0/nios2eds/bin/gnu/h-x86_64-mingw32/bin/../lib/gcc/nios2-elf/4.7.3/../../../../../H-x86_64-mingw32/nios2-elf/lib/mno-hw-mul\libc.a(lib_a-__atexit.o)
 .comment       0x0000000000000000       0x24 c:/altera/14.0/nios2eds/bin/gnu/h-x86_64-mingw32/bin/../lib/gcc/nios2-elf/4.7.3/../../../../../H-x86_64-mingw32/nios2-elf/lib/mno-hw-mul\libc.a(lib_a-__call_atexit.o)
 .comment       0x0000000000000000       0x24 c:/altera/14.0/nios2eds/bin/gnu/h-x86_64-mingw32/bin/../lib/gcc/nios2-elf/4.7.3/mno-hw-mul\libgcc.a(lib2-mul.o)
 .comment       0x0000000000000000       0x24 ../sRamEclipse_bsp/\libhal_bsp.a(alt_exit.o)

.debug
 *(.debug)

.line
 *(.line)

.debug_srcinfo
 *(.debug_srcinfo)

.debug_sfnames
 *(.debug_sfnames)

.debug_aranges  0x0000000000000000      0x5b0
 *(.debug_aranges)
 .debug_aranges
                0x0000000000000000       0x28 ../sRamEclipse_bsp//obj/HAL/src/crt0.o
 .debug_aranges
                0x0000000000000028       0x20 ../sRamEclipse_bsp/\libhal_bsp.a(alt_load.o)
 .debug_aranges
                0x0000000000000048       0x20 ../sRamEclipse_bsp/\libhal_bsp.a(alt_main.o)
 .debug_aranges
                0x0000000000000068       0x20 ../sRamEclipse_bsp/\libhal_bsp.a(alt_sys_init.o)
 .debug_aranges
                0x0000000000000088       0x20 ../sRamEclipse_bsp/\libhal_bsp.a(altera_avalon_jtag_uart_fd.o)
 .debug_aranges
                0x00000000000000a8       0x20 ../sRamEclipse_bsp/\libhal_bsp.a(altera_avalon_jtag_uart_init.o)
 .debug_aranges
                0x00000000000000c8       0x20 ../sRamEclipse_bsp/\libhal_bsp.a(altera_avalon_jtag_uart_ioctl.o)
 .debug_aranges
                0x00000000000000e8       0x20 ../sRamEclipse_bsp/\libhal_bsp.a(altera_avalon_jtag_uart_read.o)
 .debug_aranges
                0x0000000000000108       0x20 ../sRamEclipse_bsp/\libhal_bsp.a(altera_avalon_jtag_uart_write.o)
 .debug_aranges
                0x0000000000000128       0x20 ../sRamEclipse_bsp/\libhal_bsp.a(altera_avalon_timer_sc.o)
 .debug_aranges
                0x0000000000000148       0x20 ../sRamEclipse_bsp/\libhal_bsp.a(alt_alarm_start.o)
 .debug_aranges
                0x0000000000000168       0x20 ../sRamEclipse_bsp/\libhal_bsp.a(alt_close.o)
 .debug_aranges
                0x0000000000000188       0x20 ../sRamEclipse_bsp/\libhal_bsp.a(alt_dcache_flush_all.o)
 .debug_aranges
                0x00000000000001a8       0x20 ../sRamEclipse_bsp/\libhal_bsp.a(alt_dev.o)
 .debug_aranges
                0x00000000000001c8       0x20 ../sRamEclipse_bsp/\libhal_bsp.a(alt_dev_llist_insert.o)
 .debug_aranges
                0x00000000000001e8       0x20 ../sRamEclipse_bsp/\libhal_bsp.a(alt_do_ctors.o)
 .debug_aranges
                0x0000000000000208       0x20 ../sRamEclipse_bsp/\libhal_bsp.a(alt_do_dtors.o)
 .debug_aranges
                0x0000000000000228       0x18 ../sRamEclipse_bsp/\libhal_bsp.a(alt_errno.o)
 .debug_aranges
                0x0000000000000240       0x20 ../sRamEclipse_bsp/\libhal_bsp.a(alt_icache_flush_all.o)
 .debug_aranges
                0x0000000000000260       0x20 ../sRamEclipse_bsp/\libhal_bsp.a(alt_iic.o)
 .debug_aranges
                0x0000000000000280       0x20 ../sRamEclipse_bsp/\libhal_bsp.a(alt_iic_isr_register.o)
 .debug_aranges
                0x00000000000002a0       0x20 ../sRamEclipse_bsp/\libhal_bsp.a(alt_io_redirect.o)
 .debug_aranges
                0x00000000000002c0       0x30 ../sRamEclipse_bsp/\libhal_bsp.a(alt_irq_entry.o)
 .debug_aranges
                0x00000000000002f0       0x20 ../sRamEclipse_bsp/\libhal_bsp.a(alt_irq_handler.o)
 .debug_aranges
                0x0000000000000310       0x18 ../sRamEclipse_bsp/\libhal_bsp.a(alt_irq_vars.o)
 .debug_aranges
                0x0000000000000328       0x20 ../sRamEclipse_bsp/\libhal_bsp.a(alt_open.o)
 .debug_aranges
                0x0000000000000348       0x20 ../sRamEclipse_bsp/\libhal_bsp.a(alt_release_fd.o)
 .debug_aranges
                0x0000000000000368       0x20 ../sRamEclipse_bsp/\libhal_bsp.a(alt_tick.o)
 .debug_aranges
                0x0000000000000388       0x20 ../sRamEclipse_bsp/\libhal_bsp.a(altera_nios2_qsys_irq.o)
 .debug_aranges
                0x00000000000003a8       0x38 ../sRamEclipse_bsp/\libhal_bsp.a(alt_exception_entry.o)
 .debug_aranges
                0x00000000000003e0       0x20 ../sRamEclipse_bsp/\libhal_bsp.a(alt_find_dev.o)
 .debug_aranges
                0x0000000000000400       0x20 ../sRamEclipse_bsp/\libhal_bsp.a(alt_find_file.o)
 .debug_aranges
                0x0000000000000420       0x20 ../sRamEclipse_bsp/\libhal_bsp.a(alt_get_fd.o)
 .debug_aranges
                0x0000000000000440       0x20 ../sRamEclipse_bsp/\libhal_bsp.a(alt_icache_flush.o)
 .debug_aranges
                0x0000000000000460       0x20 c:/altera/14.0/nios2eds/bin/gnu/h-x86_64-mingw32/bin/../lib/gcc/nios2-elf/4.7.3/../../../../../H-x86_64-mingw32/nios2-elf/lib/mno-hw-mul\libc.a(lib_a-atexit.o)
 .debug_aranges
                0x0000000000000480       0x20 c:/altera/14.0/nios2eds/bin/gnu/h-x86_64-mingw32/bin/../lib/gcc/nios2-elf/4.7.3/../../../../../H-x86_64-mingw32/nios2-elf/lib/mno-hw-mul\libc.a(lib_a-exit.o)
 .debug_aranges
                0x00000000000004a0       0x18 c:/altera/14.0/nios2eds/bin/gnu/h-x86_64-mingw32/bin/../lib/gcc/nios2-elf/4.7.3/../../../../../H-x86_64-mingw32/nios2-elf/lib/mno-hw-mul\libc.a(lib_a-impure.o)
 .debug_aranges
                0x00000000000004b8       0x18 c:/altera/14.0/nios2eds/bin/gnu/h-x86_64-mingw32/bin/../lib/gcc/nios2-elf/4.7.3/../../../../../H-x86_64-mingw32/nios2-elf/lib/mno-hw-mul\libc.a(lib_a-int_errno.o)
 .debug_aranges
                0x00000000000004d0       0x20 c:/altera/14.0/nios2eds/bin/gnu/h-x86_64-mingw32/bin/../lib/gcc/nios2-elf/4.7.3/../../../../../H-x86_64-mingw32/nios2-elf/lib/mno-hw-mul\libc.a(lib_a-memcmp.o)
 .debug_aranges
                0x00000000000004f0       0x20 c:/altera/14.0/nios2eds/bin/gnu/h-x86_64-mingw32/bin/../lib/gcc/nios2-elf/4.7.3/../../../../../H-x86_64-mingw32/nios2-elf/lib/mno-hw-mul\libc.a(lib_a-memcpy.o)
 .debug_aranges
                0x0000000000000510       0x20 c:/altera/14.0/nios2eds/bin/gnu/h-x86_64-mingw32/bin/../lib/gcc/nios2-elf/4.7.3/../../../../../H-x86_64-mingw32/nios2-elf/lib/mno-hw-mul\libc.a(lib_a-strlen.o)
 .debug_aranges
                0x0000000000000530       0x20 c:/altera/14.0/nios2eds/bin/gnu/h-x86_64-mingw32/bin/../lib/gcc/nios2-elf/4.7.3/../../../../../H-x86_64-mingw32/nios2-elf/lib/mno-hw-mul\libc.a(lib_a-__atexit.o)
 .debug_aranges
                0x0000000000000550       0x20 c:/altera/14.0/nios2eds/bin/gnu/h-x86_64-mingw32/bin/../lib/gcc/nios2-elf/4.7.3/../../../../../H-x86_64-mingw32/nios2-elf/lib/mno-hw-mul\libc.a(lib_a-__call_atexit.o)
 .debug_aranges
                0x0000000000000570       0x20 c:/altera/14.0/nios2eds/bin/gnu/h-x86_64-mingw32/bin/../lib/gcc/nios2-elf/4.7.3/mno-hw-mul\libgcc.a(lib2-mul.o)
 .debug_aranges
                0x0000000000000590       0x20 ../sRamEclipse_bsp/\libhal_bsp.a(alt_exit.o)

.debug_pubnames
 *(.debug_pubnames)

.debug_info     0x0000000000000000     0x7c9a
 *(.debug_info .gnu.linkonce.wi.*)
 .debug_info    0x0000000000000000       0x7b ../sRamEclipse_bsp//obj/HAL/src/crt0.o
 .debug_info    0x000000000000007b      0x159 ../sRamEclipse_bsp/\libhal_bsp.a(alt_load.o)
 .debug_info    0x00000000000001d4      0x139 ../sRamEclipse_bsp/\libhal_bsp.a(alt_main.o)
 .debug_info    0x000000000000030d      0x539 ../sRamEclipse_bsp/\libhal_bsp.a(alt_sys_init.o)
 .debug_info    0x0000000000000846      0x58a ../sRamEclipse_bsp/\libhal_bsp.a(altera_avalon_jtag_uart_fd.o)
 .debug_info    0x0000000000000dd0      0x3d8 ../sRamEclipse_bsp/\libhal_bsp.a(altera_avalon_jtag_uart_init.o)
 .debug_info    0x00000000000011a8      0x2a9 ../sRamEclipse_bsp/\libhal_bsp.a(altera_avalon_jtag_uart_ioctl.o)
 .debug_info    0x0000000000001451      0x371 ../sRamEclipse_bsp/\libhal_bsp.a(altera_avalon_jtag_uart_read.o)
 .debug_info    0x00000000000017c2      0x36c ../sRamEclipse_bsp/\libhal_bsp.a(altera_avalon_jtag_uart_write.o)
 .debug_info    0x0000000000001b2e      0x235 ../sRamEclipse_bsp/\libhal_bsp.a(altera_avalon_timer_sc.o)
 .debug_info    0x0000000000001d63      0x2e4 ../sRamEclipse_bsp/\libhal_bsp.a(alt_alarm_start.o)
 .debug_info    0x0000000000002047      0x350 ../sRamEclipse_bsp/\libhal_bsp.a(alt_close.o)
 .debug_info    0x0000000000002397       0x90 ../sRamEclipse_bsp/\libhal_bsp.a(alt_dcache_flush_all.o)
 .debug_info    0x0000000000002427      0x4e3 ../sRamEclipse_bsp/\libhal_bsp.a(alt_dev.o)
 .debug_info    0x000000000000290a      0x1b9 ../sRamEclipse_bsp/\libhal_bsp.a(alt_dev_llist_insert.o)
 .debug_info    0x0000000000002ac3       0x8d ../sRamEclipse_bsp/\libhal_bsp.a(alt_do_ctors.o)
 .debug_info    0x0000000000002b50       0x8d ../sRamEclipse_bsp/\libhal_bsp.a(alt_do_dtors.o)
 .debug_info    0x0000000000002bdd       0xa3 ../sRamEclipse_bsp/\libhal_bsp.a(alt_errno.o)
 .debug_info    0x0000000000002c80       0x90 ../sRamEclipse_bsp/\libhal_bsp.a(alt_icache_flush_all.o)
 .debug_info    0x0000000000002d10      0x364 ../sRamEclipse_bsp/\libhal_bsp.a(alt_iic.o)
 .debug_info    0x0000000000003074      0x1f6 ../sRamEclipse_bsp/\libhal_bsp.a(alt_iic_isr_register.o)
 .debug_info    0x000000000000326a      0x4f0 ../sRamEclipse_bsp/\libhal_bsp.a(alt_io_redirect.o)
 .debug_info    0x000000000000375a       0x84 ../sRamEclipse_bsp/\libhal_bsp.a(alt_irq_entry.o)
 .debug_info    0x00000000000037de      0x190 ../sRamEclipse_bsp/\libhal_bsp.a(alt_irq_handler.o)
 .debug_info    0x000000000000396e       0x8a ../sRamEclipse_bsp/\libhal_bsp.a(alt_irq_vars.o)
 .debug_info    0x00000000000039f8      0x3f0 ../sRamEclipse_bsp/\libhal_bsp.a(alt_open.o)
 .debug_info    0x0000000000003de8      0x2dd ../sRamEclipse_bsp/\libhal_bsp.a(alt_release_fd.o)
 .debug_info    0x00000000000040c5      0x2b1 ../sRamEclipse_bsp/\libhal_bsp.a(alt_tick.o)
 .debug_info    0x0000000000004376       0x90 ../sRamEclipse_bsp/\libhal_bsp.a(altera_nios2_qsys_irq.o)
 .debug_info    0x0000000000004406       0x8a ../sRamEclipse_bsp/\libhal_bsp.a(alt_exception_entry.o)
 .debug_info    0x0000000000004490      0x30d ../sRamEclipse_bsp/\libhal_bsp.a(alt_find_dev.o)
 .debug_info    0x000000000000479d      0x30c ../sRamEclipse_bsp/\libhal_bsp.a(alt_find_file.o)
 .debug_info    0x0000000000004aa9      0x339 ../sRamEclipse_bsp/\libhal_bsp.a(alt_get_fd.o)
 .debug_info    0x0000000000004de2       0xda ../sRamEclipse_bsp/\libhal_bsp.a(alt_icache_flush.o)
 .debug_info    0x0000000000004ebc      0x1e6 c:/altera/14.0/nios2eds/bin/gnu/h-x86_64-mingw32/bin/../lib/gcc/nios2-elf/4.7.3/../../../../../H-x86_64-mingw32/nios2-elf/lib/mno-hw-mul\libc.a(lib_a-atexit.o)
 .debug_info    0x00000000000050a2      0x993 c:/altera/14.0/nios2eds/bin/gnu/h-x86_64-mingw32/bin/../lib/gcc/nios2-elf/4.7.3/../../../../../H-x86_64-mingw32/nios2-elf/lib/mno-hw-mul\libc.a(lib_a-exit.o)
 .debug_info    0x0000000000005a35      0x938 c:/altera/14.0/nios2eds/bin/gnu/h-x86_64-mingw32/bin/../lib/gcc/nios2-elf/4.7.3/../../../../../H-x86_64-mingw32/nios2-elf/lib/mno-hw-mul\libc.a(lib_a-impure.o)
 .debug_info    0x000000000000636d       0x84 c:/altera/14.0/nios2eds/bin/gnu/h-x86_64-mingw32/bin/../lib/gcc/nios2-elf/4.7.3/../../../../../H-x86_64-mingw32/nios2-elf/lib/mno-hw-mul\libc.a(lib_a-int_errno.o)
 .debug_info    0x00000000000063f1      0x117 c:/altera/14.0/nios2eds/bin/gnu/h-x86_64-mingw32/bin/../lib/gcc/nios2-elf/4.7.3/../../../../../H-x86_64-mingw32/nios2-elf/lib/mno-hw-mul\libc.a(lib_a-memcmp.o)
 .debug_info    0x0000000000006508      0x10f c:/altera/14.0/nios2eds/bin/gnu/h-x86_64-mingw32/bin/../lib/gcc/nios2-elf/4.7.3/../../../../../H-x86_64-mingw32/nios2-elf/lib/mno-hw-mul\libc.a(lib_a-memcpy.o)
 .debug_info    0x0000000000006617       0xdf c:/altera/14.0/nios2eds/bin/gnu/h-x86_64-mingw32/bin/../lib/gcc/nios2-elf/4.7.3/../../../../../H-x86_64-mingw32/nios2-elf/lib/mno-hw-mul\libc.a(lib_a-strlen.o)
 .debug_info    0x00000000000066f6      0x9f9 c:/altera/14.0/nios2eds/bin/gnu/h-x86_64-mingw32/bin/../lib/gcc/nios2-elf/4.7.3/../../../../../H-x86_64-mingw32/nios2-elf/lib/mno-hw-mul\libc.a(lib_a-__atexit.o)
 .debug_info    0x00000000000070ef      0xa07 c:/altera/14.0/nios2eds/bin/gnu/h-x86_64-mingw32/bin/../lib/gcc/nios2-elf/4.7.3/../../../../../H-x86_64-mingw32/nios2-elf/lib/mno-hw-mul\libc.a(lib_a-__call_atexit.o)
 .debug_info    0x0000000000007af6       0xb8 c:/altera/14.0/nios2eds/bin/gnu/h-x86_64-mingw32/bin/../lib/gcc/nios2-elf/4.7.3/mno-hw-mul\libgcc.a(lib2-mul.o)
 .debug_info    0x0000000000007bae       0xec ../sRamEclipse_bsp/\libhal_bsp.a(alt_exit.o)

.debug_abbrev   0x0000000000000000     0x2936
 *(.debug_abbrev)
 .debug_abbrev  0x0000000000000000       0x12 ../sRamEclipse_bsp//obj/HAL/src/crt0.o
 .debug_abbrev  0x0000000000000012       0x9f ../sRamEclipse_bsp/\libhal_bsp.a(alt_load.o)
 .debug_abbrev  0x00000000000000b1       0xba ../sRamEclipse_bsp/\libhal_bsp.a(alt_main.o)
 .debug_abbrev  0x000000000000016b      0x176 ../sRamEclipse_bsp/\libhal_bsp.a(alt_sys_init.o)
 .debug_abbrev  0x00000000000002e1      0x118 ../sRamEclipse_bsp/\libhal_bsp.a(altera_avalon_jtag_uart_fd.o)
 .debug_abbrev  0x00000000000003f9      0x18f ../sRamEclipse_bsp/\libhal_bsp.a(altera_avalon_jtag_uart_init.o)
 .debug_abbrev  0x0000000000000588      0x102 ../sRamEclipse_bsp/\libhal_bsp.a(altera_avalon_jtag_uart_ioctl.o)
 .debug_abbrev  0x000000000000068a      0x19b ../sRamEclipse_bsp/\libhal_bsp.a(altera_avalon_jtag_uart_read.o)
 .debug_abbrev  0x0000000000000825      0x199 ../sRamEclipse_bsp/\libhal_bsp.a(altera_avalon_jtag_uart_write.o)
 .debug_abbrev  0x00000000000009be      0x155 ../sRamEclipse_bsp/\libhal_bsp.a(altera_avalon_timer_sc.o)
 .debug_abbrev  0x0000000000000b13      0x162 ../sRamEclipse_bsp/\libhal_bsp.a(alt_alarm_start.o)
 .debug_abbrev  0x0000000000000c75      0x11f ../sRamEclipse_bsp/\libhal_bsp.a(alt_close.o)
 .debug_abbrev  0x0000000000000d94       0x42 ../sRamEclipse_bsp/\libhal_bsp.a(alt_dcache_flush_all.o)
 .debug_abbrev  0x0000000000000dd6       0xd9 ../sRamEclipse_bsp/\libhal_bsp.a(alt_dev.o)
 .debug_abbrev  0x0000000000000eaf      0x114 ../sRamEclipse_bsp/\libhal_bsp.a(alt_dev_llist_insert.o)
 .debug_abbrev  0x0000000000000fc3       0x79 ../sRamEclipse_bsp/\libhal_bsp.a(alt_do_ctors.o)
 .debug_abbrev  0x000000000000103c       0x79 ../sRamEclipse_bsp/\libhal_bsp.a(alt_do_dtors.o)
 .debug_abbrev  0x00000000000010b5       0x5a ../sRamEclipse_bsp/\libhal_bsp.a(alt_errno.o)
 .debug_abbrev  0x000000000000110f       0x42 ../sRamEclipse_bsp/\libhal_bsp.a(alt_icache_flush_all.o)
 .debug_abbrev  0x0000000000001151      0x16a ../sRamEclipse_bsp/\libhal_bsp.a(alt_iic.o)
 .debug_abbrev  0x00000000000012bb      0x169 ../sRamEclipse_bsp/\libhal_bsp.a(alt_iic_isr_register.o)
 .debug_abbrev  0x0000000000001424      0x114 ../sRamEclipse_bsp/\libhal_bsp.a(alt_io_redirect.o)
 .debug_abbrev  0x0000000000001538       0x12 ../sRamEclipse_bsp/\libhal_bsp.a(alt_irq_entry.o)
 .debug_abbrev  0x000000000000154a      0x124 ../sRamEclipse_bsp/\libhal_bsp.a(alt_irq_handler.o)
 .debug_abbrev  0x000000000000166e       0x40 ../sRamEclipse_bsp/\libhal_bsp.a(alt_irq_vars.o)
 .debug_abbrev  0x00000000000016ae      0x148 ../sRamEclipse_bsp/\libhal_bsp.a(alt_open.o)
 .debug_abbrev  0x00000000000017f6       0xde ../sRamEclipse_bsp/\libhal_bsp.a(alt_release_fd.o)
 .debug_abbrev  0x00000000000018d4      0x15a ../sRamEclipse_bsp/\libhal_bsp.a(alt_tick.o)
 .debug_abbrev  0x0000000000001a2e       0x42 ../sRamEclipse_bsp/\libhal_bsp.a(altera_nios2_qsys_irq.o)
 .debug_abbrev  0x0000000000001a70       0x12 ../sRamEclipse_bsp/\libhal_bsp.a(alt_exception_entry.o)
 .debug_abbrev  0x0000000000001a82       0xf0 ../sRamEclipse_bsp/\libhal_bsp.a(alt_find_dev.o)
 .debug_abbrev  0x0000000000001b72       0xf0 ../sRamEclipse_bsp/\libhal_bsp.a(alt_find_file.o)
 .debug_abbrev  0x0000000000001c62      0x10d ../sRamEclipse_bsp/\libhal_bsp.a(alt_get_fd.o)
 .debug_abbrev  0x0000000000001d6f       0x8c ../sRamEclipse_bsp/\libhal_bsp.a(alt_icache_flush.o)
 .debug_abbrev  0x0000000000001dfb      0x106 c:/altera/14.0/nios2eds/bin/gnu/h-x86_64-mingw32/bin/../lib/gcc/nios2-elf/4.7.3/../../../../../H-x86_64-mingw32/nios2-elf/lib/mno-hw-mul\libc.a(lib_a-atexit.o)
 .debug_abbrev  0x0000000000001f01      0x1c8 c:/altera/14.0/nios2eds/bin/gnu/h-x86_64-mingw32/bin/../lib/gcc/nios2-elf/4.7.3/../../../../../H-x86_64-mingw32/nios2-elf/lib/mno-hw-mul\libc.a(lib_a-exit.o)
 .debug_abbrev  0x00000000000020c9      0x162 c:/altera/14.0/nios2eds/bin/gnu/h-x86_64-mingw32/bin/../lib/gcc/nios2-elf/4.7.3/../../../../../H-x86_64-mingw32/nios2-elf/lib/mno-hw-mul\libc.a(lib_a-impure.o)
 .debug_abbrev  0x000000000000222b       0x37 c:/altera/14.0/nios2eds/bin/gnu/h-x86_64-mingw32/bin/../lib/gcc/nios2-elf/4.7.3/../../../../../H-x86_64-mingw32/nios2-elf/lib/mno-hw-mul\libc.a(lib_a-int_errno.o)
 .debug_abbrev  0x0000000000002262       0x7f c:/altera/14.0/nios2eds/bin/gnu/h-x86_64-mingw32/bin/../lib/gcc/nios2-elf/4.7.3/../../../../../H-x86_64-mingw32/nios2-elf/lib/mno-hw-mul\libc.a(lib_a-memcmp.o)
 .debug_abbrev  0x00000000000022e1       0x9c c:/altera/14.0/nios2eds/bin/gnu/h-x86_64-mingw32/bin/../lib/gcc/nios2-elf/4.7.3/../../../../../H-x86_64-mingw32/nios2-elf/lib/mno-hw-mul\libc.a(lib_a-memcpy.o)
 .debug_abbrev  0x000000000000237d       0x90 c:/altera/14.0/nios2eds/bin/gnu/h-x86_64-mingw32/bin/../lib/gcc/nios2-elf/4.7.3/../../../../../H-x86_64-mingw32/nios2-elf/lib/mno-hw-mul\libc.a(lib_a-strlen.o)
 .debug_abbrev  0x000000000000240d      0x211 c:/altera/14.0/nios2eds/bin/gnu/h-x86_64-mingw32/bin/../lib/gcc/nios2-elf/4.7.3/../../../../../H-x86_64-mingw32/nios2-elf/lib/mno-hw-mul\libc.a(lib_a-__atexit.o)
 .debug_abbrev  0x000000000000261e      0x203 c:/altera/14.0/nios2eds/bin/gnu/h-x86_64-mingw32/bin/../lib/gcc/nios2-elf/4.7.3/../../../../../H-x86_64-mingw32/nios2-elf/lib/mno-hw-mul\libc.a(lib_a-__call_atexit.o)
 .debug_abbrev  0x0000000000002821       0x6f c:/altera/14.0/nios2eds/bin/gnu/h-x86_64-mingw32/bin/../lib/gcc/nios2-elf/4.7.3/mno-hw-mul\libgcc.a(lib2-mul.o)
 .debug_abbrev  0x0000000000002890       0xa6 ../sRamEclipse_bsp/\libhal_bsp.a(alt_exit.o)

.debug_line     0x0000000000000000     0x2b6e
 *(.debug_line)
 .debug_line    0x0000000000000000       0x6c ../sRamEclipse_bsp//obj/HAL/src/crt0.o
 .debug_line    0x000000000000006c       0x92 ../sRamEclipse_bsp/\libhal_bsp.a(alt_load.o)
 .debug_line    0x00000000000000fe       0xa4 ../sRamEclipse_bsp/\libhal_bsp.a(alt_main.o)
 .debug_line    0x00000000000001a2      0x152 ../sRamEclipse_bsp/\libhal_bsp.a(alt_sys_init.o)
 .debug_line    0x00000000000002f4      0x131 ../sRamEclipse_bsp/\libhal_bsp.a(altera_avalon_jtag_uart_fd.o)
 .debug_line    0x0000000000000425      0x199 ../sRamEclipse_bsp/\libhal_bsp.a(altera_avalon_jtag_uart_init.o)
 .debug_line    0x00000000000005be      0x129 ../sRamEclipse_bsp/\libhal_bsp.a(altera_avalon_jtag_uart_ioctl.o)
 .debug_line    0x00000000000006e7      0x174 ../sRamEclipse_bsp/\libhal_bsp.a(altera_avalon_jtag_uart_read.o)
 .debug_line    0x000000000000085b      0x173 ../sRamEclipse_bsp/\libhal_bsp.a(altera_avalon_jtag_uart_write.o)
 .debug_line    0x00000000000009ce       0xfd ../sRamEclipse_bsp/\libhal_bsp.a(altera_avalon_timer_sc.o)
 .debug_line    0x0000000000000acb       0xfa ../sRamEclipse_bsp/\libhal_bsp.a(alt_alarm_start.o)
 .debug_line    0x0000000000000bc5      0x188 ../sRamEclipse_bsp/\libhal_bsp.a(alt_close.o)
 .debug_line    0x0000000000000d4d       0x51 ../sRamEclipse_bsp/\libhal_bsp.a(alt_dcache_flush_all.o)
 .debug_line    0x0000000000000d9e      0x11b ../sRamEclipse_bsp/\libhal_bsp.a(alt_dev.o)
 .debug_line    0x0000000000000eb9       0xd0 ../sRamEclipse_bsp/\libhal_bsp.a(alt_dev_llist_insert.o)
 .debug_line    0x0000000000000f89       0x59 ../sRamEclipse_bsp/\libhal_bsp.a(alt_do_ctors.o)
 .debug_line    0x0000000000000fe2       0x59 ../sRamEclipse_bsp/\libhal_bsp.a(alt_do_dtors.o)
 .debug_line    0x000000000000103b       0x51 ../sRamEclipse_bsp/\libhal_bsp.a(alt_errno.o)
 .debug_line    0x000000000000108c       0x50 ../sRamEclipse_bsp/\libhal_bsp.a(alt_icache_flush_all.o)
 .debug_line    0x00000000000010dc       0xed ../sRamEclipse_bsp/\libhal_bsp.a(alt_iic.o)
 .debug_line    0x00000000000011c9       0xdb ../sRamEclipse_bsp/\libhal_bsp.a(alt_iic_isr_register.o)
 .debug_line    0x00000000000012a4      0x158 ../sRamEclipse_bsp/\libhal_bsp.a(alt_io_redirect.o)
 .debug_line    0x00000000000013fc       0x6b ../sRamEclipse_bsp/\libhal_bsp.a(alt_irq_entry.o)
 .debug_line    0x0000000000001467       0xae ../sRamEclipse_bsp/\libhal_bsp.a(alt_irq_handler.o)
 .debug_line    0x0000000000001515       0x50 ../sRamEclipse_bsp/\libhal_bsp.a(alt_irq_vars.o)
 .debug_line    0x0000000000001565      0x128 ../sRamEclipse_bsp/\libhal_bsp.a(alt_open.o)
 .debug_line    0x000000000000168d       0xb0 ../sRamEclipse_bsp/\libhal_bsp.a(alt_release_fd.o)
 .debug_line    0x000000000000173d      0x102 ../sRamEclipse_bsp/\libhal_bsp.a(alt_tick.o)
 .debug_line    0x000000000000183f       0x51 ../sRamEclipse_bsp/\libhal_bsp.a(altera_nios2_qsys_irq.o)
 .debug_line    0x0000000000001890       0xab ../sRamEclipse_bsp/\libhal_bsp.a(alt_exception_entry.o)
 .debug_line    0x000000000000193b       0xb9 ../sRamEclipse_bsp/\libhal_bsp.a(alt_find_dev.o)
 .debug_line    0x00000000000019f4       0xd5 ../sRamEclipse_bsp/\libhal_bsp.a(alt_find_file.o)
 .debug_line    0x0000000000001ac9       0xd4 ../sRamEclipse_bsp/\libhal_bsp.a(alt_get_fd.o)
 .debug_line    0x0000000000001b9d       0x81 ../sRamEclipse_bsp/\libhal_bsp.a(alt_icache_flush.o)
 .debug_line    0x0000000000001c1e      0x16c c:/altera/14.0/nios2eds/bin/gnu/h-x86_64-mingw32/bin/../lib/gcc/nios2-elf/4.7.3/../../../../../H-x86_64-mingw32/nios2-elf/lib/mno-hw-mul\libc.a(lib_a-atexit.o)
 .debug_line    0x0000000000001d8a      0x218 c:/altera/14.0/nios2eds/bin/gnu/h-x86_64-mingw32/bin/../lib/gcc/nios2-elf/4.7.3/../../../../../H-x86_64-mingw32/nios2-elf/lib/mno-hw-mul\libc.a(lib_a-exit.o)
 .debug_line    0x0000000000001fa2      0x174 c:/altera/14.0/nios2eds/bin/gnu/h-x86_64-mingw32/bin/../lib/gcc/nios2-elf/4.7.3/../../../../../H-x86_64-mingw32/nios2-elf/lib/mno-hw-mul\libc.a(lib_a-impure.o)
 .debug_line    0x0000000000002116       0x60 c:/altera/14.0/nios2eds/bin/gnu/h-x86_64-mingw32/bin/../lib/gcc/nios2-elf/4.7.3/../../../../../H-x86_64-mingw32/nios2-elf/lib/mno-hw-mul\libc.a(lib_a-int_errno.o)
 .debug_line    0x0000000000002176      0x18e c:/altera/14.0/nios2eds/bin/gnu/h-x86_64-mingw32/bin/../lib/gcc/nios2-elf/4.7.3/../../../../../H-x86_64-mingw32/nios2-elf/lib/mno-hw-mul\libc.a(lib_a-memcmp.o)
 .debug_line    0x0000000000002304      0x144 c:/altera/14.0/nios2eds/bin/gnu/h-x86_64-mingw32/bin/../lib/gcc/nios2-elf/4.7.3/../../../../../H-x86_64-mingw32/nios2-elf/lib/mno-hw-mul\libc.a(lib_a-memcpy.o)
 .debug_line    0x0000000000002448      0x183 c:/altera/14.0/nios2eds/bin/gnu/h-x86_64-mingw32/bin/../lib/gcc/nios2-elf/4.7.3/../../../../../H-x86_64-mingw32/nios2-elf/lib/mno-hw-mul\libc.a(lib_a-strlen.o)
 .debug_line    0x00000000000025cb      0x24f c:/altera/14.0/nios2eds/bin/gnu/h-x86_64-mingw32/bin/../lib/gcc/nios2-elf/4.7.3/../../../../../H-x86_64-mingw32/nios2-elf/lib/mno-hw-mul\libc.a(lib_a-__atexit.o)
 .debug_line    0x000000000000281a      0x263 c:/altera/14.0/nios2eds/bin/gnu/h-x86_64-mingw32/bin/../lib/gcc/nios2-elf/4.7.3/../../../../../H-x86_64-mingw32/nios2-elf/lib/mno-hw-mul\libc.a(lib_a-__call_atexit.o)
 .debug_line    0x0000000000002a7d       0x80 c:/altera/14.0/nios2eds/bin/gnu/h-x86_64-mingw32/bin/../lib/gcc/nios2-elf/4.7.3/mno-hw-mul\libgcc.a(lib2-mul.o)
 .debug_line    0x0000000000002afd       0x71 ../sRamEclipse_bsp/\libhal_bsp.a(alt_exit.o)

.debug_frame    0x0000000000000000      0x888
 *(.debug_frame)
 .debug_frame   0x0000000000000000       0x48 ../sRamEclipse_bsp/\libhal_bsp.a(alt_load.o)
 .debug_frame   0x0000000000000048       0x2c ../sRamEclipse_bsp/\libhal_bsp.a(alt_main.o)
 .debug_frame   0x0000000000000074       0x64 ../sRamEclipse_bsp/\libhal_bsp.a(alt_sys_init.o)
 .debug_frame   0x00000000000000d8       0x80 ../sRamEclipse_bsp/\libhal_bsp.a(altera_avalon_jtag_uart_fd.o)
 .debug_frame   0x0000000000000158       0x80 ../sRamEclipse_bsp/\libhal_bsp.a(altera_avalon_jtag_uart_init.o)
 .debug_frame   0x00000000000001d8       0x2c ../sRamEclipse_bsp/\libhal_bsp.a(altera_avalon_jtag_uart_ioctl.o)
 .debug_frame   0x0000000000000204       0x2c ../sRamEclipse_bsp/\libhal_bsp.a(altera_avalon_jtag_uart_read.o)
 .debug_frame   0x0000000000000230       0x2c ../sRamEclipse_bsp/\libhal_bsp.a(altera_avalon_jtag_uart_write.o)
 .debug_frame   0x000000000000025c       0x48 ../sRamEclipse_bsp/\libhal_bsp.a(altera_avalon_timer_sc.o)
 .debug_frame   0x00000000000002a4       0x2c ../sRamEclipse_bsp/\libhal_bsp.a(alt_alarm_start.o)
 .debug_frame   0x00000000000002d0       0x48 ../sRamEclipse_bsp/\libhal_bsp.a(alt_close.o)
 .debug_frame   0x0000000000000318       0x2c ../sRamEclipse_bsp/\libhal_bsp.a(alt_dcache_flush_all.o)
 .debug_frame   0x0000000000000344       0x2c ../sRamEclipse_bsp/\libhal_bsp.a(alt_dev.o)
 .debug_frame   0x0000000000000370       0x48 ../sRamEclipse_bsp/\libhal_bsp.a(alt_dev_llist_insert.o)
 .debug_frame   0x00000000000003b8       0x2c ../sRamEclipse_bsp/\libhal_bsp.a(alt_do_ctors.o)
 .debug_frame   0x00000000000003e4       0x2c ../sRamEclipse_bsp/\libhal_bsp.a(alt_do_dtors.o)
 .debug_frame   0x0000000000000410       0x2c ../sRamEclipse_bsp/\libhal_bsp.a(alt_icache_flush_all.o)
 .debug_frame   0x000000000000043c       0x80 ../sRamEclipse_bsp/\libhal_bsp.a(alt_iic.o)
 .debug_frame   0x00000000000004bc       0x2c ../sRamEclipse_bsp/\libhal_bsp.a(alt_iic_isr_register.o)
 .debug_frame   0x00000000000004e8       0x4c ../sRamEclipse_bsp/\libhal_bsp.a(alt_io_redirect.o)
 .debug_frame   0x0000000000000534       0x2c ../sRamEclipse_bsp/\libhal_bsp.a(alt_irq_handler.o)
 .debug_frame   0x0000000000000560       0x68 ../sRamEclipse_bsp/\libhal_bsp.a(alt_open.o)
 .debug_frame   0x00000000000005c8       0x30 ../sRamEclipse_bsp/\libhal_bsp.a(alt_release_fd.o)
 .debug_frame   0x00000000000005f8       0x48 ../sRamEclipse_bsp/\libhal_bsp.a(alt_tick.o)
 .debug_frame   0x0000000000000640       0x2c ../sRamEclipse_bsp/\libhal_bsp.a(altera_nios2_qsys_irq.o)
 .debug_frame   0x000000000000066c       0x2c ../sRamEclipse_bsp/\libhal_bsp.a(alt_find_dev.o)
 .debug_frame   0x0000000000000698       0x2c ../sRamEclipse_bsp/\libhal_bsp.a(alt_find_file.o)
 .debug_frame   0x00000000000006c4       0x30 ../sRamEclipse_bsp/\libhal_bsp.a(alt_get_fd.o)
 .debug_frame   0x00000000000006f4       0x2c ../sRamEclipse_bsp/\libhal_bsp.a(alt_icache_flush.o)
 .debug_frame   0x0000000000000720       0x20 c:/altera/14.0/nios2eds/bin/gnu/h-x86_64-mingw32/bin/../lib/gcc/nios2-elf/4.7.3/../../../../../H-x86_64-mingw32/nios2-elf/lib/mno-hw-mul\libc.a(lib_a-atexit.o)
 .debug_frame   0x0000000000000740       0x28 c:/altera/14.0/nios2eds/bin/gnu/h-x86_64-mingw32/bin/../lib/gcc/nios2-elf/4.7.3/../../../../../H-x86_64-mingw32/nios2-elf/lib/mno-hw-mul\libc.a(lib_a-exit.o)
 .debug_frame   0x0000000000000768       0x20 c:/altera/14.0/nios2eds/bin/gnu/h-x86_64-mingw32/bin/../lib/gcc/nios2-elf/4.7.3/../../../../../H-x86_64-mingw32/nios2-elf/lib/mno-hw-mul\libc.a(lib_a-memcmp.o)
 .debug_frame   0x0000000000000788       0x30 c:/altera/14.0/nios2eds/bin/gnu/h-x86_64-mingw32/bin/../lib/gcc/nios2-elf/4.7.3/../../../../../H-x86_64-mingw32/nios2-elf/lib/mno-hw-mul\libc.a(lib_a-memcpy.o)
 .debug_frame   0x00000000000007b8       0x20 c:/altera/14.0/nios2eds/bin/gnu/h-x86_64-mingw32/bin/../lib/gcc/nios2-elf/4.7.3/../../../../../H-x86_64-mingw32/nios2-elf/lib/mno-hw-mul\libc.a(lib_a-strlen.o)
 .debug_frame   0x00000000000007d8       0x2c c:/altera/14.0/nios2eds/bin/gnu/h-x86_64-mingw32/bin/../lib/gcc/nios2-elf/4.7.3/../../../../../H-x86_64-mingw32/nios2-elf/lib/mno-hw-mul\libc.a(lib_a-__atexit.o)
 .debug_frame   0x0000000000000804       0x38 c:/altera/14.0/nios2eds/bin/gnu/h-x86_64-mingw32/bin/../lib/gcc/nios2-elf/4.7.3/../../../../../H-x86_64-mingw32/nios2-elf/lib/mno-hw-mul\libc.a(lib_a-__call_atexit.o)
 .debug_frame   0x000000000000083c       0x20 c:/altera/14.0/nios2eds/bin/gnu/h-x86_64-mingw32/bin/../lib/gcc/nios2-elf/4.7.3/mno-hw-mul\libgcc.a(lib2-mul.o)
 .debug_frame   0x000000000000085c       0x2c ../sRamEclipse_bsp/\libhal_bsp.a(alt_exit.o)

.debug_str      0x0000000000000000     0x164e
 *(.debug_str)
 .debug_str     0x0000000000000000      0x19d ../sRamEclipse_bsp/\libhal_bsp.a(alt_load.o)
                                        0x1d6 (size before relaxing)
 .debug_str     0x000000000000019d       0x70 ../sRamEclipse_bsp/\libhal_bsp.a(alt_main.o)
                                        0x161 (size before relaxing)
 .debug_str     0x000000000000020d      0x1d8 ../sRamEclipse_bsp/\libhal_bsp.a(alt_sys_init.o)
                                        0x352 (size before relaxing)
 .debug_str     0x00000000000003e5       0xb9 ../sRamEclipse_bsp/\libhal_bsp.a(altera_avalon_jtag_uart_fd.o)
                                        0x368 (size before relaxing)
 .debug_str     0x000000000000049e       0xd1 ../sRamEclipse_bsp/\libhal_bsp.a(altera_avalon_jtag_uart_init.o)
                                        0x2fc (size before relaxing)
 .debug_str     0x000000000000056f       0x4a ../sRamEclipse_bsp/\libhal_bsp.a(altera_avalon_jtag_uart_ioctl.o)
                                        0x257 (size before relaxing)
 .debug_str     0x00000000000005b9       0x7f ../sRamEclipse_bsp/\libhal_bsp.a(altera_avalon_jtag_uart_read.o)
                                        0x2ac (size before relaxing)
 .debug_str     0x0000000000000638       0x4a ../sRamEclipse_bsp/\libhal_bsp.a(altera_avalon_jtag_uart_write.o)
                                        0x2ad (size before relaxing)
 .debug_str     0x0000000000000682       0x6d ../sRamEclipse_bsp/\libhal_bsp.a(altera_avalon_timer_sc.o)
                                        0x20f (size before relaxing)
 .debug_str     0x00000000000006ef       0x5f ../sRamEclipse_bsp/\libhal_bsp.a(alt_alarm_start.o)
                                        0x242 (size before relaxing)
 .debug_str     0x000000000000074e       0x44 ../sRamEclipse_bsp/\libhal_bsp.a(alt_close.o)
                                        0x1cf (size before relaxing)
 .debug_str     0x0000000000000792       0x34 ../sRamEclipse_bsp/\libhal_bsp.a(alt_dcache_flush_all.o)
                                        0x119 (size before relaxing)
 .debug_str     0x00000000000007c6      0x120 ../sRamEclipse_bsp/\libhal_bsp.a(alt_dev.o)
                                        0x2c9 (size before relaxing)
 .debug_str     0x00000000000008e6       0x34 ../sRamEclipse_bsp/\libhal_bsp.a(alt_dev_llist_insert.o)
                                        0x190 (size before relaxing)
 .debug_str     0x000000000000091a       0x48 ../sRamEclipse_bsp/\libhal_bsp.a(alt_do_ctors.o)
                                         0xa0 (size before relaxing)
 .debug_str     0x0000000000000962       0x4c ../sRamEclipse_bsp/\libhal_bsp.a(alt_do_dtors.o)
                                         0x9f (size before relaxing)
 .debug_str     0x00000000000009ae       0x14 ../sRamEclipse_bsp/\libhal_bsp.a(alt_errno.o)
                                        0x109 (size before relaxing)
 .debug_str     0x00000000000009c2       0x34 ../sRamEclipse_bsp/\libhal_bsp.a(alt_icache_flush_all.o)
                                        0x119 (size before relaxing)
 .debug_str     0x00000000000009f6       0xc4 ../sRamEclipse_bsp/\libhal_bsp.a(alt_iic.o)
                                        0x202 (size before relaxing)
 .debug_str     0x0000000000000aba       0x4c ../sRamEclipse_bsp/\libhal_bsp.a(alt_iic_isr_register.o)
                                        0x1ac (size before relaxing)
 .debug_str     0x0000000000000b06       0x56 ../sRamEclipse_bsp/\libhal_bsp.a(alt_io_redirect.o)
                                        0x2da (size before relaxing)
 .debug_str     0x0000000000000b5c       0x3a ../sRamEclipse_bsp/\libhal_bsp.a(alt_irq_handler.o)
                                        0x15b (size before relaxing)
 .debug_str     0x0000000000000b96       0x17 ../sRamEclipse_bsp/\libhal_bsp.a(alt_irq_vars.o)
                                        0x10a (size before relaxing)
 .debug_str     0x0000000000000bad       0x2f ../sRamEclipse_bsp/\libhal_bsp.a(alt_open.o)
                                        0x20f (size before relaxing)
 .debug_str     0x0000000000000bdc       0x28 ../sRamEclipse_bsp/\libhal_bsp.a(alt_release_fd.o)
                                        0x1a3 (size before relaxing)
 .debug_str     0x0000000000000c04       0x4a ../sRamEclipse_bsp/\libhal_bsp.a(alt_tick.o)
                                        0x216 (size before relaxing)
 .debug_str     0x0000000000000c4e       0x3b ../sRamEclipse_bsp/\libhal_bsp.a(altera_nios2_qsys_irq.o)
                                        0x120 (size before relaxing)
 .debug_str     0x0000000000000c89       0x24 ../sRamEclipse_bsp/\libhal_bsp.a(alt_find_dev.o)
                                        0x1b0 (size before relaxing)
 .debug_str     0x0000000000000cad       0x26 ../sRamEclipse_bsp/\libhal_bsp.a(alt_find_file.o)
                                        0x1be (size before relaxing)
 .debug_str     0x0000000000000cd3       0x30 ../sRamEclipse_bsp/\libhal_bsp.a(alt_get_fd.o)
                                        0x1e0 (size before relaxing)
 .debug_str     0x0000000000000d03       0x2c ../sRamEclipse_bsp/\libhal_bsp.a(alt_icache_flush.o)
                                        0x11f (size before relaxing)
 .debug_str     0x0000000000000d2f      0x168 c:/altera/14.0/nios2eds/bin/gnu/h-x86_64-mingw32/bin/../lib/gcc/nios2-elf/4.7.3/../../../../../H-x86_64-mingw32/nios2-elf/lib/mno-hw-mul\libc.a(lib_a-atexit.o)
                                        0x21b (size before relaxing)
 .debug_str     0x0000000000000e97      0x356 c:/altera/14.0/nios2eds/bin/gnu/h-x86_64-mingw32/bin/../lib/gcc/nios2-elf/4.7.3/../../../../../H-x86_64-mingw32/nios2-elf/lib/mno-hw-mul\libc.a(lib_a-exit.o)
                                        0x53b (size before relaxing)
 .debug_str     0x00000000000011ed       0xe0 c:/altera/14.0/nios2eds/bin/gnu/h-x86_64-mingw32/bin/../lib/gcc/nios2-elf/4.7.3/../../../../../H-x86_64-mingw32/nios2-elf/lib/mno-hw-mul\libc.a(lib_a-impure.o)
                                        0x532 (size before relaxing)
 .debug_str     0x00000000000012cd       0x40 c:/altera/14.0/nios2eds/bin/gnu/h-x86_64-mingw32/bin/../lib/gcc/nios2-elf/4.7.3/../../../../../H-x86_64-mingw32/nios2-elf/lib/mno-hw-mul\libc.a(lib_a-int_errno.o)
                                        0x17b (size before relaxing)
 .debug_str     0x000000000000130d       0xe4 c:/altera/14.0/nios2eds/bin/gnu/h-x86_64-mingw32/bin/../lib/gcc/nios2-elf/4.7.3/../../../../../H-x86_64-mingw32/nios2-elf/lib/mno-hw-mul\libc.a(lib_a-memcmp.o)
                                        0x182 (size before relaxing)
 .debug_str     0x00000000000013f1       0x6c c:/altera/14.0/nios2eds/bin/gnu/h-x86_64-mingw32/bin/../lib/gcc/nios2-elf/4.7.3/../../../../../H-x86_64-mingw32/nios2-elf/lib/mno-hw-mul\libc.a(lib_a-memcpy.o)
                                        0x132 (size before relaxing)
 .debug_str     0x000000000000145d       0x52 c:/altera/14.0/nios2eds/bin/gnu/h-x86_64-mingw32/bin/../lib/gcc/nios2-elf/4.7.3/../../../../../H-x86_64-mingw32/nios2-elf/lib/mno-hw-mul\libc.a(lib_a-strlen.o)
                                        0x195 (size before relaxing)
 .debug_str     0x00000000000014af       0x40 c:/altera/14.0/nios2eds/bin/gnu/h-x86_64-mingw32/bin/../lib/gcc/nios2-elf/4.7.3/../../../../../H-x86_64-mingw32/nios2-elf/lib/mno-hw-mul\libc.a(lib_a-__atexit.o)
                                        0x57f (size before relaxing)
 .debug_str     0x00000000000014ef       0x64 c:/altera/14.0/nios2eds/bin/gnu/h-x86_64-mingw32/bin/../lib/gcc/nios2-elf/4.7.3/../../../../../H-x86_64-mingw32/nios2-elf/lib/mno-hw-mul\libc.a(lib_a-__call_atexit.o)
                                        0x55d (size before relaxing)
 .debug_str     0x0000000000001553       0xd1 c:/altera/14.0/nios2eds/bin/gnu/h-x86_64-mingw32/bin/../lib/gcc/nios2-elf/4.7.3/mno-hw-mul\libgcc.a(lib2-mul.o)
                                        0x128 (size before relaxing)
 .debug_str     0x0000000000001624       0x2a ../sRamEclipse_bsp/\libhal_bsp.a(alt_exit.o)
                                        0x115 (size before relaxing)

.debug_loc      0x0000000000000000     0x10cf
 *(.debug_loc)
 .debug_loc     0x0000000000000000       0x58 ../sRamEclipse_bsp/\libhal_bsp.a(alt_load.o)
 .debug_loc     0x0000000000000058       0x2c ../sRamEclipse_bsp/\libhal_bsp.a(alt_main.o)
 .debug_loc     0x0000000000000084       0x84 ../sRamEclipse_bsp/\libhal_bsp.a(alt_sys_init.o)
 .debug_loc     0x0000000000000108       0xb0 ../sRamEclipse_bsp/\libhal_bsp.a(altera_avalon_jtag_uart_fd.o)
 .debug_loc     0x00000000000001b8       0xb0 ../sRamEclipse_bsp/\libhal_bsp.a(altera_avalon_jtag_uart_init.o)
 .debug_loc     0x0000000000000268       0x2c ../sRamEclipse_bsp/\libhal_bsp.a(altera_avalon_jtag_uart_ioctl.o)
 .debug_loc     0x0000000000000294       0x2c ../sRamEclipse_bsp/\libhal_bsp.a(altera_avalon_jtag_uart_read.o)
 .debug_loc     0x00000000000002c0       0x2c ../sRamEclipse_bsp/\libhal_bsp.a(altera_avalon_jtag_uart_write.o)
 .debug_loc     0x00000000000002ec       0x58 ../sRamEclipse_bsp/\libhal_bsp.a(altera_avalon_timer_sc.o)
 .debug_loc     0x0000000000000344       0x2c ../sRamEclipse_bsp/\libhal_bsp.a(alt_alarm_start.o)
 .debug_loc     0x0000000000000370       0x58 ../sRamEclipse_bsp/\libhal_bsp.a(alt_close.o)
 .debug_loc     0x00000000000003c8       0x2c ../sRamEclipse_bsp/\libhal_bsp.a(alt_dcache_flush_all.o)
 .debug_loc     0x00000000000003f4       0x2c ../sRamEclipse_bsp/\libhal_bsp.a(alt_dev.o)
 .debug_loc     0x0000000000000420       0x58 ../sRamEclipse_bsp/\libhal_bsp.a(alt_dev_llist_insert.o)
 .debug_loc     0x0000000000000478       0x2c ../sRamEclipse_bsp/\libhal_bsp.a(alt_do_ctors.o)
 .debug_loc     0x00000000000004a4       0x2c ../sRamEclipse_bsp/\libhal_bsp.a(alt_do_dtors.o)
 .debug_loc     0x00000000000004d0       0x2c ../sRamEclipse_bsp/\libhal_bsp.a(alt_icache_flush_all.o)
 .debug_loc     0x00000000000004fc       0xb0 ../sRamEclipse_bsp/\libhal_bsp.a(alt_iic.o)
 .debug_loc     0x00000000000005ac       0x2c ../sRamEclipse_bsp/\libhal_bsp.a(alt_iic_isr_register.o)
 .debug_loc     0x00000000000005d8       0x58 ../sRamEclipse_bsp/\libhal_bsp.a(alt_io_redirect.o)
 .debug_loc     0x0000000000000630       0x2c ../sRamEclipse_bsp/\libhal_bsp.a(alt_irq_handler.o)
 .debug_loc     0x000000000000065c       0x84 ../sRamEclipse_bsp/\libhal_bsp.a(alt_open.o)
 .debug_loc     0x00000000000006e0       0x2c ../sRamEclipse_bsp/\libhal_bsp.a(alt_release_fd.o)
 .debug_loc     0x000000000000070c       0x58 ../sRamEclipse_bsp/\libhal_bsp.a(alt_tick.o)
 .debug_loc     0x0000000000000764       0x2c ../sRamEclipse_bsp/\libhal_bsp.a(altera_nios2_qsys_irq.o)
 .debug_loc     0x0000000000000790       0x2c ../sRamEclipse_bsp/\libhal_bsp.a(alt_find_dev.o)
 .debug_loc     0x00000000000007bc       0x2c ../sRamEclipse_bsp/\libhal_bsp.a(alt_find_file.o)
 .debug_loc     0x00000000000007e8       0x2c ../sRamEclipse_bsp/\libhal_bsp.a(alt_get_fd.o)
 .debug_loc     0x0000000000000814       0x2c ../sRamEclipse_bsp/\libhal_bsp.a(alt_icache_flush.o)
 .debug_loc     0x0000000000000840       0x2c c:/altera/14.0/nios2eds/bin/gnu/h-x86_64-mingw32/bin/../lib/gcc/nios2-elf/4.7.3/../../../../../H-x86_64-mingw32/nios2-elf/lib/mno-hw-mul\libc.a(lib_a-atexit.o)
 .debug_loc     0x000000000000086c       0x3e c:/altera/14.0/nios2eds/bin/gnu/h-x86_64-mingw32/bin/../lib/gcc/nios2-elf/4.7.3/../../../../../H-x86_64-mingw32/nios2-elf/lib/mno-hw-mul\libc.a(lib_a-exit.o)
 .debug_loc     0x00000000000008aa      0x103 c:/altera/14.0/nios2eds/bin/gnu/h-x86_64-mingw32/bin/../lib/gcc/nios2-elf/4.7.3/../../../../../H-x86_64-mingw32/nios2-elf/lib/mno-hw-mul\libc.a(lib_a-memcmp.o)
 .debug_loc     0x00000000000009ad      0x29c c:/altera/14.0/nios2eds/bin/gnu/h-x86_64-mingw32/bin/../lib/gcc/nios2-elf/4.7.3/../../../../../H-x86_64-mingw32/nios2-elf/lib/mno-hw-mul\libc.a(lib_a-memcpy.o)
 .debug_loc     0x0000000000000c49       0x52 c:/altera/14.0/nios2eds/bin/gnu/h-x86_64-mingw32/bin/../lib/gcc/nios2-elf/4.7.3/../../../../../H-x86_64-mingw32/nios2-elf/lib/mno-hw-mul\libc.a(lib_a-strlen.o)
 .debug_loc     0x0000000000000c9b      0x194 c:/altera/14.0/nios2eds/bin/gnu/h-x86_64-mingw32/bin/../lib/gcc/nios2-elf/4.7.3/../../../../../H-x86_64-mingw32/nios2-elf/lib/mno-hw-mul\libc.a(lib_a-__atexit.o)
 .debug_loc     0x0000000000000e2f      0x1e1 c:/altera/14.0/nios2eds/bin/gnu/h-x86_64-mingw32/bin/../lib/gcc/nios2-elf/4.7.3/../../../../../H-x86_64-mingw32/nios2-elf/lib/mno-hw-mul\libc.a(lib_a-__call_atexit.o)
 .debug_loc     0x0000000000001010       0x93 c:/altera/14.0/nios2eds/bin/gnu/h-x86_64-mingw32/bin/../lib/gcc/nios2-elf/4.7.3/mno-hw-mul\libgcc.a(lib2-mul.o)
 .debug_loc     0x00000000000010a3       0x2c ../sRamEclipse_bsp/\libhal_bsp.a(alt_exit.o)

.debug_macinfo
 *(.debug_macinfo)

.debug_weaknames
 *(.debug_weaknames)

.debug_funcnames
 *(.debug_funcnames)

.debug_typenames
 *(.debug_typenames)

.debug_varnames
 *(.debug_varnames)

.debug_alt_sim_info
                0x0000000000000000       0x20
 *(.debug_alt_sim_info)
 .debug_alt_sim_info
                0x0000000000000000       0x20 ../sRamEclipse_bsp//obj/HAL/src/crt0.o
                0x000000000000d000                __alt_data_end = 0xd000
                0x000000000000d000                PROVIDE (__alt_stack_pointer, __alt_data_end)
                0x000000000000d500                PROVIDE (__alt_stack_limit, __alt_stack_base)
                0x000000000000d500                PROVIDE (__alt_heap_start, end)
                0x000000000000d000                PROVIDE (__alt_heap_limit, 0xd000)
OUTPUT(sRamEclipse2.elf elf32-littlenios2)

.debug_ranges   0x0000000000000000      0x118
 .debug_ranges  0x0000000000000000       0x20 ../sRamEclipse_bsp//obj/HAL/src/crt0.o
 .debug_ranges  0x0000000000000020       0x30 ../sRamEclipse_bsp/\libhal_bsp.a(altera_avalon_jtag_uart_init.o)
 .debug_ranges  0x0000000000000050       0x18 ../sRamEclipse_bsp/\libhal_bsp.a(altera_avalon_jtag_uart_read.o)
 .debug_ranges  0x0000000000000068       0x30 ../sRamEclipse_bsp/\libhal_bsp.a(alt_iic.o)
 .debug_ranges  0x0000000000000098       0x28 ../sRamEclipse_bsp/\libhal_bsp.a(alt_irq_entry.o)
 .debug_ranges  0x00000000000000c0       0x10 ../sRamEclipse_bsp/\libhal_bsp.a(alt_irq_handler.o)
 .debug_ranges  0x00000000000000d0       0x30 ../sRamEclipse_bsp/\libhal_bsp.a(alt_exception_entry.o)
 .debug_ranges  0x0000000000000100       0x18 c:/altera/14.0/nios2eds/bin/gnu/h-x86_64-mingw32/bin/../lib/gcc/nios2-elf/4.7.3/../../../../../H-x86_64-mingw32/nios2-elf/lib/mno-hw-mul\libc.a(lib_a-__call_atexit.o)
