Archive member included to satisfy reference by file (symbol)

../lights_try2_bsp/\libhal_bsp.a(alt_load.o)
                              ../lights_try2_bsp//obj/HAL/src/crt0.o (alt_load)
../lights_try2_bsp/\libhal_bsp.a(alt_main.o)
                              ../lights_try2_bsp//obj/HAL/src/crt0.o (alt_main)
../lights_try2_bsp/\libhal_bsp.a(alt_sys_init.o)
                              ../lights_try2_bsp/\libhal_bsp.a(alt_main.o) (alt_irq_init)
../lights_try2_bsp/\libhal_bsp.a(alt_dcache_flush_all.o)
                              ../lights_try2_bsp/\libhal_bsp.a(alt_load.o) (alt_dcache_flush_all)
../lights_try2_bsp/\libhal_bsp.a(alt_icache_flush_all.o)
                              ../lights_try2_bsp/\libhal_bsp.a(alt_load.o) (alt_icache_flush_all)
../lights_try2_bsp/\libhal_bsp.a(altera_nios2_qsys_irq.o)
                              ../lights_try2_bsp/\libhal_bsp.a(alt_sys_init.o) (altera_nios2_qsys_irq_init)

Memory Configuration

Name             Origin             Length             Attributes
reset            0x0000000000001000 0x0000000000000020
onchip_memory    0x0000000000001020 0x0000000000000fe0
*default*        0x0000000000000000 0xffffffffffffffff

Linker script and memory map

LOAD ../lights_try2_bsp//obj/HAL/src/crt0.o
LOAD obj/default/hello_world_small.o
LOAD c:/altera/15.1/nios2eds/bin/gnu/h-x86_64-mingw32/bin/../lib/gcc/nios2-elf/4.9.2/../../../../../H-x86_64-mingw32/nios2-elf/lib/mno-hw-mul\libstdc++.a
LOAD c:/altera/15.1/nios2eds/bin/gnu/h-x86_64-mingw32/bin/../lib/gcc/nios2-elf/4.9.2/../../../../../H-x86_64-mingw32/nios2-elf/lib/mno-hw-mul\libm.a
LOAD c:/altera/15.1/nios2eds/bin/gnu/h-x86_64-mingw32/bin/../lib/gcc/nios2-elf/4.9.2/mno-hw-mul\libgcc.a
START GROUP
LOAD c:/altera/15.1/nios2eds/bin/gnu/h-x86_64-mingw32/bin/../lib/gcc/nios2-elf/4.9.2/../../../../../H-x86_64-mingw32/nios2-elf/lib/mno-hw-mul\libsmallc.a
LOAD c:/altera/15.1/nios2eds/bin/gnu/h-x86_64-mingw32/bin/../lib/gcc/nios2-elf/4.9.2/mno-hw-mul\libgcc.a
LOAD ../lights_try2_bsp/\libhal_bsp.a
LOAD c:/altera/15.1/nios2eds/bin/gnu/h-x86_64-mingw32/bin/../lib/gcc/nios2-elf/4.9.2/../../../../../H-x86_64-mingw32/nios2-elf/lib/mno-hw-mul\libm.a
END GROUP
LOAD c:/altera/15.1/nios2eds/bin/gnu/h-x86_64-mingw32/bin/../lib/gcc/nios2-elf/4.9.2/mno-hw-mul\libgcc.a
                0x0000000000001000                __alt_mem_onchip_memory = 0x1000

.entry          0x0000000000001000       0x20
 *(.entry)
 .entry         0x0000000000001000       0x20 ../lights_try2_bsp//obj/HAL/src/crt0.o
                0x0000000000001000                __reset
                0x000000000000100c                _exit

.exceptions     0x0000000000001020        0x0
                0x0000000000001020                PROVIDE (__ram_exceptions_start, ABSOLUTE (.))
                0x0000000000001020                . = ALIGN (0x20)
 *(.irq)
 *(.exceptions.entry.label)
 *(.exceptions.entry.user)
 *(.exceptions.entry.ecc_fatal)
 *(.exceptions.entry)
 *(.exceptions.irqtest.user)
 *(.exceptions.irqtest)
 *(.exceptions.irqhandler.user)
 *(.exceptions.irqhandler)
 *(.exceptions.irqreturn.user)
 *(.exceptions.irqreturn)
 *(.exceptions.notirq.label)
 *(.exceptions.notirq.user)
 *(.exceptions.notirq)
 *(.exceptions.soft.user)
 *(.exceptions.soft)
 *(.exceptions.unknown.user)
 *(.exceptions.unknown)
 *(.exceptions.exit.label)
 *(.exceptions.exit.user)
 *(.exceptions.exit)
 *(.exceptions)
                0x0000000000001020                PROVIDE (__ram_exceptions_end, ABSOLUTE (.))
                0x0000000000001020                PROVIDE (__flash_exceptions_start, LOADADDR (.exceptions))

.text           0x0000000000001020      0x1c8
                0x0000000000001020                PROVIDE (stext, ABSOLUTE (.))
 *(.interp)
 *(.hash)
 *(.dynsym)
 *(.dynstr)
 *(.gnu.version)
 *(.gnu.version_d)
 *(.gnu.version_r)
 *(.rel.init)
 *(.rela.init)
 *(.rel.text .rel.text.* .rel.gnu.linkonce.t.*)
 *(.rela.text .rela.text.* .rela.gnu.linkonce.t.*)
 *(.rel.fini)
 *(.rela.fini)
 *(.rel.rodata .rel.rodata.* .rel.gnu.linkonce.r.*)
 *(.rela.rodata .rela.rodata.* .rela.gnu.linkonce.r.*)
 *(.rel.data .rel.data.* .rel.gnu.linkonce.d.*)
 *(.rela.data .rela.data.* .rela.gnu.linkonce.d.*)
 *(.rel.tdata .rel.tdata.* .rel.gnu.linkonce.td.*)
 *(.rela.tdata .rela.tdata.* .rela.gnu.linkonce.td.*)
 *(.rel.tbss .rel.tbss.* .rel.gnu.linkonce.tb.*)
 *(.rela.tbss .rela.tbss.* .rela.gnu.linkonce.tb.*)
 *(.rel.ctors)
 *(.rela.ctors)
 *(.rel.dtors)
 *(.rela.dtors)
 *(.rel.got)
 *(.rela.got)
 *(.rel.sdata .rel.sdata.* .rel.gnu.linkonce.s.*)
 *(.rela.sdata .rela.sdata.* .rela.gnu.linkonce.s.*)
 *(.rel.sbss .rel.sbss.* .rel.gnu.linkonce.sb.*)
 *(.rela.sbss .rela.sbss.* .rela.gnu.linkonce.sb.*)
 *(.rel.sdata2 .rel.sdata2.* .rel.gnu.linkonce.s2.*)
 *(.rela.sdata2 .rela.sdata2.* .rela.gnu.linkonce.s2.*)
 *(.rel.sbss2 .rel.sbss2.* .rel.gnu.linkonce.sb2.*)
 *(.rela.sbss2 .rela.sbss2.* .rela.gnu.linkonce.sb2.*)
 *(.rel.bss .rel.bss.* .rel.gnu.linkonce.b.*)
 *(.rela.bss .rela.bss.* .rela.gnu.linkonce.b.*)
 *(.rel.plt)
 *(.rela.plt)
 *(.rel.dyn)
 *(.init)
 *(.plt)
 *(.text .stub .text.* .gnu.linkonce.t.*)
 .text          0x0000000000001020       0x3c ../lights_try2_bsp//obj/HAL/src/crt0.o
                0x0000000000001020                _start
 .text          0x000000000000105c        0x0 obj/default/hello_world_small.o
 .text.startup  0x000000000000105c       0x34 obj/default/hello_world_small.o
                0x000000000000105c                main
 .text          0x0000000000001090       0xf8 ../lights_try2_bsp/\libhal_bsp.a(alt_load.o)
                0x0000000000001090                alt_load
 .text          0x0000000000001188       0x2c ../lights_try2_bsp/\libhal_bsp.a(alt_main.o)
                0x0000000000001188                alt_main
 .text          0x00000000000011b4       0x24 ../lights_try2_bsp/\libhal_bsp.a(alt_sys_init.o)
                0x00000000000011b4                alt_irq_init
                0x00000000000011d4                alt_sys_init
 .text          0x00000000000011d8        0x4 ../lights_try2_bsp/\libhal_bsp.a(alt_dcache_flush_all.o)
                0x00000000000011d8                alt_dcache_flush_all
 .text          0x00000000000011dc        0x4 ../lights_try2_bsp/\libhal_bsp.a(alt_icache_flush_all.o)
                0x00000000000011dc                alt_icache_flush_all
 .text          0x00000000000011e0        0x8 ../lights_try2_bsp/\libhal_bsp.a(altera_nios2_qsys_irq.o)
                0x00000000000011e0                altera_nios2_qsys_irq_init
 *(.gnu.warning.*)
 *(.fini)
                0x00000000000011e8                PROVIDE (__etext, ABSOLUTE (.))
                0x00000000000011e8                PROVIDE (_etext, ABSOLUTE (.))
                0x00000000000011e8                PROVIDE (etext, ABSOLUTE (.))
 *(.eh_frame_hdr)
                0x00000000000011e8                . = ALIGN (0x4)
                0x00000000000011e8                PROVIDE (__preinit_array_start, ABSOLUTE (.))
 *(.preinit_array)
                0x00000000000011e8                PROVIDE (__preinit_array_end, ABSOLUTE (.))
                0x00000000000011e8                PROVIDE (__init_array_start, ABSOLUTE (.))
 *(.init_array)
                0x00000000000011e8                PROVIDE (__init_array_end, ABSOLUTE (.))
                0x00000000000011e8                PROVIDE (__fini_array_start, ABSOLUTE (.))
 *(.fini_array)
                0x00000000000011e8                PROVIDE (__fini_array_end, ABSOLUTE (.))
 *(.eh_frame)
 *(.gcc_except_table .gcc_except_table.*)
 *(.dynamic)
                0x00000000000011e8                PROVIDE (__CTOR_LIST__, ABSOLUTE (.))
 *(.ctors)
 *(SORT(.ctors.*))
                0x00000000000011e8                PROVIDE (__CTOR_END__, ABSOLUTE (.))
                0x00000000000011e8                PROVIDE (__DTOR_LIST__, ABSOLUTE (.))
 *(.dtors)
 *(SORT(.dtors.*))
                0x00000000000011e8                PROVIDE (__DTOR_END__, ABSOLUTE (.))
 *(.jcr)
                0x00000000000011e8                . = ALIGN (0x4)

.rodata         0x00000000000011e8        0x0
                0x00000000000011e8                PROVIDE (__ram_rodata_start, ABSOLUTE (.))
                0x00000000000011e8                . = ALIGN (0x4)
 *(.rodata .rodata.* .gnu.linkonce.r.*)
 *(.rodata1)
                0x00000000000011e8                . = ALIGN (0x4)
                0x00000000000011e8                PROVIDE (__ram_rodata_end, ABSOLUTE (.))
                0x00000000000011e8                PROVIDE (__flash_rodata_start, LOADADDR (.rodata))

.rwdata         0x00000000000011e8        0x4 load address 0x00000000000011ec
                0x00000000000011e8                PROVIDE (__ram_rwdata_start, ABSOLUTE (.))
                0x00000000000011e8                . = ALIGN (0x4)
 *(.got.plt)
 *(.got)
 *(.data1)
 *(.data .data.* .gnu.linkonce.d.*)
 .data          0x00000000000011e8        0x0 ../lights_try2_bsp//obj/HAL/src/crt0.o
 .data          0x00000000000011e8        0x0 obj/default/hello_world_small.o
 .data          0x00000000000011e8        0x0 ../lights_try2_bsp/\libhal_bsp.a(alt_load.o)
 .data          0x00000000000011e8        0x0 ../lights_try2_bsp/\libhal_bsp.a(alt_main.o)
 .data          0x00000000000011e8        0x0 ../lights_try2_bsp/\libhal_bsp.a(alt_sys_init.o)
 .data          0x00000000000011e8        0x0 ../lights_try2_bsp/\libhal_bsp.a(alt_dcache_flush_all.o)
 .data          0x00000000000011e8        0x0 ../lights_try2_bsp/\libhal_bsp.a(alt_icache_flush_all.o)
 .data          0x00000000000011e8        0x0 ../lights_try2_bsp/\libhal_bsp.a(altera_nios2_qsys_irq.o)
                0x00000000000091e8                _gp = ABSOLUTE ((. + 0x8000))
                0x00000000000091e8                PROVIDE (gp, _gp)
 *(.rwdata .rwdata.*)
 *(.sdata .sdata.* .gnu.linkonce.s.*)
 .sdata         0x00000000000011e8        0x4 ../lights_try2_bsp/\libhal_bsp.a(alt_sys_init.o)
                0x00000000000011e8                jtag_uart
 *(.sdata2 .sdata2.* .gnu.linkonce.s2.*)
                0x00000000000011ec                . = ALIGN (0x4)
                0x00000000000011ec                _edata = ABSOLUTE (.)
                0x00000000000011ec                PROVIDE (edata, ABSOLUTE (.))
                0x00000000000011ec                PROVIDE (__ram_rwdata_end, ABSOLUTE (.))
                0x00000000000011ec                PROVIDE (__flash_rwdata_start, LOADADDR (.rwdata))

.bss            0x00000000000011f0        0xc
                0x00000000000011f0                __bss_start = ABSOLUTE (.)
                0x00000000000011f0                PROVIDE (__sbss_start, ABSOLUTE (.))
                0x00000000000011f0                PROVIDE (___sbss_start, ABSOLUTE (.))
 *(.dynsbss)
 *(.sbss .sbss.* .gnu.linkonce.sb.*)
 .sbss          0x00000000000011f0        0xc ../lights_try2_bsp/\libhal_bsp.a(alt_main.o)
                0x00000000000011f0                alt_envp
                0x00000000000011f4                alt_argv
                0x00000000000011f8                alt_argc
 *(.sbss2 .sbss2.* .gnu.linkonce.sb2.*)
 *(.scommon)
                0x00000000000011fc                PROVIDE (__sbss_end, ABSOLUTE (.))
                0x00000000000011fc                PROVIDE (___sbss_end, ABSOLUTE (.))
 *(.dynbss)
 *(.bss .bss.* .gnu.linkonce.b.*)
 .bss           0x00000000000011fc        0x0 ../lights_try2_bsp//obj/HAL/src/crt0.o
 .bss           0x00000000000011fc        0x0 obj/default/hello_world_small.o
 .bss           0x00000000000011fc        0x0 ../lights_try2_bsp/\libhal_bsp.a(alt_load.o)
 .bss           0x00000000000011fc        0x0 ../lights_try2_bsp/\libhal_bsp.a(alt_main.o)
 .bss           0x00000000000011fc        0x0 ../lights_try2_bsp/\libhal_bsp.a(alt_sys_init.o)
 .bss           0x00000000000011fc        0x0 ../lights_try2_bsp/\libhal_bsp.a(alt_dcache_flush_all.o)
 .bss           0x00000000000011fc        0x0 ../lights_try2_bsp/\libhal_bsp.a(alt_icache_flush_all.o)
 .bss           0x00000000000011fc        0x0 ../lights_try2_bsp/\libhal_bsp.a(altera_nios2_qsys_irq.o)
 *(COMMON)
                0x00000000000011fc                . = ALIGN (0x4)
                0x00000000000011fc                __bss_end = ABSOLUTE (.)

.onchip_memory  0x00000000000011fc        0x0
                0x00000000000011fc                PROVIDE (_alt_partition_onchip_memory_start, ABSOLUTE (.))
 *(.onchip_memory .onchip_memory. onchip_memory.*)
                0x00000000000011fc                . = ALIGN (0x4)
                0x00000000000011fc                PROVIDE (_alt_partition_onchip_memory_end, ABSOLUTE (.))
                0x00000000000011fc                _end = ABSOLUTE (.)
                0x00000000000011fc                end = ABSOLUTE (.)
                0x00000000000011fc                __alt_stack_base = ABSOLUTE (.)
                0x00000000000011fc                PROVIDE (_alt_partition_onchip_memory_load_addr, LOADADDR (.onchip_memory))

.stab
 *(.stab)

.stabstr
 *(.stabstr)

.stab.excl
 *(.stab.excl)

.stab.exclstr
 *(.stab.exclstr)

.stab.index
 *(.stab.index)

.stab.indexstr
 *(.stab.indexstr)

.comment        0x0000000000000000       0x23
 *(.comment)
 .comment       0x0000000000000000       0x23 obj/default/hello_world_small.o
                                         0x24 (size before relaxing)
 .comment       0x0000000000000000       0x24 ../lights_try2_bsp/\libhal_bsp.a(alt_load.o)
 .comment       0x0000000000000000       0x24 ../lights_try2_bsp/\libhal_bsp.a(alt_main.o)
 .comment       0x0000000000000000       0x24 ../lights_try2_bsp/\libhal_bsp.a(alt_sys_init.o)
 .comment       0x0000000000000000       0x24 ../lights_try2_bsp/\libhal_bsp.a(alt_dcache_flush_all.o)
 .comment       0x0000000000000000       0x24 ../lights_try2_bsp/\libhal_bsp.a(alt_icache_flush_all.o)
 .comment       0x0000000000000000       0x24 ../lights_try2_bsp/\libhal_bsp.a(altera_nios2_qsys_irq.o)

.debug
 *(.debug)

.line
 *(.line)

.debug_srcinfo
 *(.debug_srcinfo)

.debug_sfnames
 *(.debug_sfnames)

.debug_aranges  0x0000000000000000      0x108
 *(.debug_aranges)
 .debug_aranges
                0x0000000000000000       0x28 ../lights_try2_bsp//obj/HAL/src/crt0.o
 .debug_aranges
                0x0000000000000028       0x20 obj/default/hello_world_small.o
 .debug_aranges
                0x0000000000000048       0x20 ../lights_try2_bsp/\libhal_bsp.a(alt_load.o)
 .debug_aranges
                0x0000000000000068       0x20 ../lights_try2_bsp/\libhal_bsp.a(alt_main.o)
 .debug_aranges
                0x0000000000000088       0x20 ../lights_try2_bsp/\libhal_bsp.a(alt_sys_init.o)
 .debug_aranges
                0x00000000000000a8       0x20 ../lights_try2_bsp/\libhal_bsp.a(alt_dcache_flush_all.o)
 .debug_aranges
                0x00000000000000c8       0x20 ../lights_try2_bsp/\libhal_bsp.a(alt_icache_flush_all.o)
 .debug_aranges
                0x00000000000000e8       0x20 ../lights_try2_bsp/\libhal_bsp.a(altera_nios2_qsys_irq.o)

.debug_pubnames
 *(.debug_pubnames)

.debug_info     0x0000000000000000      0x749
 *(.debug_info .gnu.linkonce.wi.*)
 .debug_info    0x0000000000000000       0x6d ../lights_try2_bsp//obj/HAL/src/crt0.o
 .debug_info    0x000000000000006d       0x8c obj/default/hello_world_small.o
 .debug_info    0x00000000000000f9      0x1ba ../lights_try2_bsp/\libhal_bsp.a(alt_load.o)
 .debug_info    0x00000000000002b3      0x17b ../lights_try2_bsp/\libhal_bsp.a(alt_main.o)
 .debug_info    0x000000000000042e      0x17a ../lights_try2_bsp/\libhal_bsp.a(alt_sys_init.o)
 .debug_info    0x00000000000005a8       0x8b ../lights_try2_bsp/\libhal_bsp.a(alt_dcache_flush_all.o)
 .debug_info    0x0000000000000633       0x8b ../lights_try2_bsp/\libhal_bsp.a(alt_icache_flush_all.o)
 .debug_info    0x00000000000006be       0x8b ../lights_try2_bsp/\libhal_bsp.a(altera_nios2_qsys_irq.o)

.debug_abbrev   0x0000000000000000      0x42f
 *(.debug_abbrev)
 .debug_abbrev  0x0000000000000000       0x12 ../lights_try2_bsp//obj/HAL/src/crt0.o
 .debug_abbrev  0x0000000000000012       0x58 obj/default/hello_world_small.o
 .debug_abbrev  0x000000000000006a       0xd8 ../lights_try2_bsp/\libhal_bsp.a(alt_load.o)
 .debug_abbrev  0x0000000000000142      0x120 ../lights_try2_bsp/\libhal_bsp.a(alt_main.o)
 .debug_abbrev  0x0000000000000262      0x107 ../lights_try2_bsp/\libhal_bsp.a(alt_sys_init.o)
 .debug_abbrev  0x0000000000000369       0x42 ../lights_try2_bsp/\libhal_bsp.a(alt_dcache_flush_all.o)
 .debug_abbrev  0x00000000000003ab       0x42 ../lights_try2_bsp/\libhal_bsp.a(alt_icache_flush_all.o)
 .debug_abbrev  0x00000000000003ed       0x42 ../lights_try2_bsp/\libhal_bsp.a(altera_nios2_qsys_irq.o)

.debug_line     0x0000000000000000      0x409
 *(.debug_line)
 .debug_line    0x0000000000000000       0x66 ../lights_try2_bsp//obj/HAL/src/crt0.o
 .debug_line    0x0000000000000066       0x53 obj/default/hello_world_small.o
 .debug_line    0x00000000000000b9       0xa6 ../lights_try2_bsp/\libhal_bsp.a(alt_load.o)
 .debug_line    0x000000000000015f       0xbd ../lights_try2_bsp/\libhal_bsp.a(alt_main.o)
 .debug_line    0x000000000000021c      0x101 ../lights_try2_bsp/\libhal_bsp.a(alt_sys_init.o)
 .debug_line    0x000000000000031d       0x4e ../lights_try2_bsp/\libhal_bsp.a(alt_dcache_flush_all.o)
 .debug_line    0x000000000000036b       0x4e ../lights_try2_bsp/\libhal_bsp.a(alt_icache_flush_all.o)
 .debug_line    0x00000000000003b9       0x50 ../lights_try2_bsp/\libhal_bsp.a(altera_nios2_qsys_irq.o)

.debug_frame    0x0000000000000000      0x11c
 *(.debug_frame)
 .debug_frame   0x0000000000000000       0x24 obj/default/hello_world_small.o
 .debug_frame   0x0000000000000024       0x30 ../lights_try2_bsp/\libhal_bsp.a(alt_load.o)
 .debug_frame   0x0000000000000054       0x2c ../lights_try2_bsp/\libhal_bsp.a(alt_main.o)
 .debug_frame   0x0000000000000080       0x3c ../lights_try2_bsp/\libhal_bsp.a(alt_sys_init.o)
 .debug_frame   0x00000000000000bc       0x20 ../lights_try2_bsp/\libhal_bsp.a(alt_dcache_flush_all.o)
 .debug_frame   0x00000000000000dc       0x20 ../lights_try2_bsp/\libhal_bsp.a(alt_icache_flush_all.o)
 .debug_frame   0x00000000000000fc       0x20 ../lights_try2_bsp/\libhal_bsp.a(altera_nios2_qsys_irq.o)

.debug_str      0x0000000000000000      0x3cb
 *(.debug_str)
 .debug_str     0x0000000000000000       0xd1 obj/default/hello_world_small.o
                                         0xfd (size before relaxing)
 .debug_str     0x00000000000000d1      0x15d ../lights_try2_bsp/\libhal_bsp.a(alt_load.o)
                                        0x21e (size before relaxing)
 .debug_str     0x000000000000022e       0x8f ../lights_try2_bsp/\libhal_bsp.a(alt_main.o)
                                        0x197 (size before relaxing)
 .debug_str     0x00000000000002bd       0xb0 ../lights_try2_bsp/\libhal_bsp.a(alt_sys_init.o)
                                        0x206 (size before relaxing)
 .debug_str     0x000000000000036d       0x1f ../lights_try2_bsp/\libhal_bsp.a(alt_dcache_flush_all.o)
                                        0x137 (size before relaxing)
 .debug_str     0x000000000000038c       0x1f ../lights_try2_bsp/\libhal_bsp.a(alt_icache_flush_all.o)
                                        0x137 (size before relaxing)
 .debug_str     0x00000000000003ab       0x20 ../lights_try2_bsp/\libhal_bsp.a(altera_nios2_qsys_irq.o)
                                        0x13e (size before relaxing)

.debug_loc      0x0000000000000000       0x21
 *(.debug_loc)
 .debug_loc     0x0000000000000000       0x21 ../lights_try2_bsp/\libhal_bsp.a(alt_sys_init.o)

.debug_macinfo
 *(.debug_macinfo)

.debug_weaknames
 *(.debug_weaknames)

.debug_funcnames
 *(.debug_funcnames)

.debug_typenames
 *(.debug_typenames)

.debug_varnames
 *(.debug_varnames)

.debug_alt_sim_info
                0x0000000000000000       0x10
 *(.debug_alt_sim_info)
 .debug_alt_sim_info
                0x0000000000000000       0x10 ../lights_try2_bsp//obj/HAL/src/crt0.o
                0x0000000000002000                __alt_data_end = 0x2000
                0x0000000000002000                PROVIDE (__alt_stack_pointer, __alt_data_end)
                0x00000000000011fc                PROVIDE (__alt_stack_limit, __alt_stack_base)
                0x00000000000011fc                PROVIDE (__alt_heap_start, end)
                0x0000000000002000                PROVIDE (__alt_heap_limit, 0x2000)
OUTPUT(lights_try2.elf elf32-littlenios2)

.debug_ranges   0x0000000000000000       0x78
 .debug_ranges  0x0000000000000000       0x20 ../lights_try2_bsp//obj/HAL/src/crt0.o
 .debug_ranges  0x0000000000000020       0x10 obj/default/hello_world_small.o
 .debug_ranges  0x0000000000000030       0x48 ../lights_try2_bsp/\libhal_bsp.a(alt_load.o)
